Component: Arm Compiler for Embedded 6.21 Tool: armlink [5ec1fa00]

==============================================================================

Section Cross References

    main.o(.text.main) refers to usart.o(.text.usart_setup) for usart_setup
    main.o(.text.main) refers to usart.o(.text.cli_setup) for cli_setup
    main.o(.text.main) refers to pwm.o(.text.pwm_setup) for pwm_setup
    main.o(.text.main) refers to adc.o(.text.adc_setup) for adc_setup
    main.o(.text.main) refers to systick.o(.text.systick_setup) for systick_setup
    main.o(.text.main) refers to pid.o(.text.pid_init) for pid_init
    main.o(.text.main) refers to main.o(.bss.CURRENT_PULSE) for CURRENT_PULSE
    main.o(.text.main) refers to main.o(.bss.CURRENT_ADC) for CURRENT_ADC
    main.o(.text.main) refers to main.o(.bss.SELF_BALANCING) for SELF_BALANCING
    main.o(.text.main) refers to pid.o(.text.pid_update) for pid_update
    main.o(.text.main) refers to main.o(.text.time_delay) for time_delay
    main.o(.ARM.exidx.text.main) refers to main.o(.text.main) for [Anonymous Symbol]
    main.o(.ARM.exidx.text.time_delay) refers to main.o(.text.time_delay) for [Anonymous Symbol]
    main.o(.text.SysTick_Handler) refers to main.o(.bss.CURRENT_PULSE) for CURRENT_PULSE
    main.o(.text.SysTick_Handler) refers to main.o(.bss.CURRENT_ADC) for CURRENT_ADC
    main.o(.text.SysTick_Handler) refers to usart.o(.text.cli_update) for cli_update
    main.o(.ARM.exidx.text.SysTick_Handler) refers to main.o(.text.SysTick_Handler) for [Anonymous Symbol]
    main.o(.text.USART2_IRQHandler) refers to main.o(.bss.CLI_COUNTER) for CLI_COUNTER
    main.o(.text.USART2_IRQHandler) refers to main.o(.bss.BUFFER) for BUFFER
    main.o(.text.USART2_IRQHandler) refers to usart.o(.text.cli_receive) for cli_receive
    main.o(.text.USART2_IRQHandler) refers to main.o(.rodata.str1.1) for .L.str
    main.o(.text.USART2_IRQHandler) refers to usart.o(.text.usart_print) for usart_print
    main.o(.text.USART2_IRQHandler) refers to main.o(.rodata.PROGRAM_VERSION) for PROGRAM_VERSION
    main.o(.text.USART2_IRQHandler) refers to pwm.o(.text.change_duty) for change_duty
    main.o(.text.USART2_IRQHandler) refers to main.o(.bss.SELF_BALANCING) for SELF_BALANCING
    main.o(.ARM.exidx.text.USART2_IRQHandler) refers to main.o(.text.USART2_IRQHandler) for [Anonymous Symbol]
    usart.o(.text.usart_setup) refers to usart.o(.text.__NVIC_EnableIRQ) for __NVIC_EnableIRQ
    usart.o(.ARM.exidx.text.usart_setup) refers to usart.o(.text.usart_setup) for [Anonymous Symbol]
    usart.o(.ARM.exidx.text.__NVIC_EnableIRQ) refers to usart.o(.text.__NVIC_EnableIRQ) for [Anonymous Symbol]
    usart.o(.ARM.exidx.text.usart_get) refers to usart.o(.text.usart_get) for [Anonymous Symbol]
    usart.o(.ARM.exidx.text.usart_put) refers to usart.o(.text.usart_put) for [Anonymous Symbol]
    usart.o(.ARM.exidx.text.get_size) refers to usart.o(.text.get_size) for [Anonymous Symbol]
    usart.o(.text.clear_array) refers to usart.o(.text.get_size) for get_size
    usart.o(.ARM.exidx.text.clear_array) refers to usart.o(.text.clear_array) for [Anonymous Symbol]
    usart.o(.text.usart_print) refers to usart.o(.text.get_size) for get_size
    usart.o(.text.usart_print) refers to usart.o(.text.usart_put) for usart_put
    usart.o(.ARM.exidx.text.usart_print) refers to usart.o(.text.usart_print) for [Anonymous Symbol]
    usart.o(.text.cli_setup) refers to usart.o(.text.usart_print) for usart_print
    usart.o(.ARM.exidx.text.cli_setup) refers to usart.o(.text.cli_setup) for [Anonymous Symbol]
    usart.o(.text.cli_update) refers to usart.o(.text.usart_print) for usart_print
    usart.o(.text.cli_update) refers to usart.o(.rodata.str1.1) for .L.str
    usart.o(.text.cli_update) refers to sprintf.o(.text) for sprintf
    usart.o(.ARM.exidx.text.cli_update) refers to usart.o(.text.cli_update) for [Anonymous Symbol]
    usart.o(.text.cli_receive) refers to usart.o(.text.usart_get) for usart_get
    usart.o(.text.cli_receive) refers to usart.o(.text.clear_array) for clear_array
    usart.o(.text.cli_receive) refers to usart.o(.rodata.str1.1) for .L.str.1
    usart.o(.text.cli_receive) refers to usart.o(.text.usart_print) for usart_print
    usart.o(.text.cli_receive) refers to usart.o(.text.usart_put) for usart_put
    usart.o(.ARM.exidx.text.cli_receive) refers to usart.o(.text.cli_receive) for [Anonymous Symbol]
    pwm.o(.ARM.exidx.text.pwm_setup) refers to pwm.o(.text.pwm_setup) for [Anonymous Symbol]
    pwm.o(.ARM.exidx.text.change_duty) refers to pwm.o(.text.change_duty) for [Anonymous Symbol]
    adc.o(.ARM.exidx.text.adc_setup) refers to adc.o(.text.adc_setup) for [Anonymous Symbol]
    systick.o(.text.systick_setup) refers to systick.o(.text.__NVIC_EnableIRQ) for __NVIC_EnableIRQ
    systick.o(.ARM.exidx.text.systick_setup) refers to systick.o(.text.systick_setup) for [Anonymous Symbol]
[...]
    ../clib/printf.c                         0x00000000   Number         0  _printf_wctomb.o ABSOLUTE
    ../clib/printf.c                         0x00000000   Number         0  _printf_longlong_dec.o ABSOLUTE
    ../clib/printf.c                         0x00000000   Number         0  _printf_oct_ll.o ABSOLUTE
    ../clib/printf.c                         0x00000000   Number         0  _printf_oct_int.o ABSOLUTE
    ../clib/printf.c                         0x00000000   Number         0  _printf_oct_int_ll.o ABSOLUTE
    ../clib/printf.c                         0x00000000   Number         0  _printf_hex_ll.o ABSOLUTE
    ../clib/printf.c                         0x00000000   Number         0  _printf_hex_int.o ABSOLUTE
    ../clib/printf.c                         0x00000000   Number         0  _printf_hex_int_ll.o ABSOLUTE
    ../clib/printf.c                         0x00000000   Number         0  _printf_hex_ptr.o ABSOLUTE
    ../clib/printf.c                         0x00000000   Number         0  _printf_hex_int_ptr.o ABSOLUTE
    ../clib/printf.c                         0x00000000   Number         0  _printf_hex_ll_ptr.o ABSOLUTE
    ../clib/printf.c                         0x00000000   Number         0  _printf_hex_int_ll_ptr.o ABSOLUTE
    ../clib/printf.c                         0x00000000   Number         0  __printf_flags.o ABSOLUTE
    ../clib/printf.c                         0x00000000   Number         0  __printf_ss.o ABSOLUTE
    ../clib/printf.c                         0x00000000   Number         0  __printf_flags_ss.o ABSOLUTE
    ../clib/printf.c                         0x00000000   Number         0  __printf_wp.o ABSOLUTE
    ../clib/printf.c                         0x00000000   Number         0  __printf_flags_wp.o ABSOLUTE
    ../clib/printf.c                         0x00000000   Number         0  __printf_ss_wp.o ABSOLUTE
    ../clib/printf.c                         0x00000000   Number         0  __printf_flags_ss_wp.o ABSOLUTE
    ../clib/printf.c                         0x00000000   Number         0  _printf_intcommon.o ABSOLUTE
    ../clib/printf.c                         0x00000000   Number         0  _printf_fp_dec.o ABSOLUTE
    ../clib/printf.c                         0x00000000   Number         0  _printf_fp_dec_accurate.o ABSOLUTE
    ../clib/printf.c                         0x00000000   Number         0  _printf_fp_hex.o ABSOLUTE
    ../clib/printf.c                         0x00000000   Number         0  __printf_nopercent.o ABSOLUTE
    ../clib/printf.c                         0x00000000   Number         0  _printf_char.o ABSOLUTE
    ../clib/printf.c                         0x00000000   Number         0  _printf_wchar.o ABSOLUTE
    ../clib/printf.c                         0x00000000   Number         0  _printf_fp_infnan.o ABSOLUTE
    ../clib/printf_percent.s                 0x00000000   Number         0  _printf_c.o ABSOLUTE
    ../clib/printf_percent.s                 0x00000000   Number         0  _printf_s.o ABSOLUTE
    ../clib/printf_percent.s                 0x00000000   Number         0  _printf_n.o ABSOLUTE
    ../clib/printf_percent.s                 0x00000000   Number         0  _printf_x.o ABSOLUTE
    ../clib/printf_percent.s                 0x00000000   Number         0  _printf_p.o ABSOLUTE
    ../clib/printf_percent.s                 0x00000000   Number         0  _printf_o.o ABSOLUTE
    ../clib/printf_percent.s                 0x00000000   Number         0  _printf_i.o ABSOLUTE
    ../clib/printf_percent.s                 0x00000000   Number         0  _printf_d.o ABSOLUTE
    ../clib/printf_percent.s                 0x00000000   Number         0  _printf_u.o ABSOLUTE
    ../clib/printf_percent.s                 0x00000000   Number         0  _printf_f.o ABSOLUTE
    ../clib/printf_percent.s                 0x00000000   Number         0  _printf_e.o ABSOLUTE
    ../clib/printf_percent.s                 0x00000000   Number         0  _printf_g.o ABSOLUTE
    ../clib/printf_percent.s                 0x00000000   Number         0  _printf_a.o ABSOLUTE
    ../clib/printf_percent.s                 0x00000000   Number         0  _printf_percent.o ABSOLUTE
    ../clib/printf_percent.s                 0x00000000   Number         0  _printf_lli.o ABSOLUTE
    ../clib/printf_percent.s                 0x00000000   Number         0  _printf_lld.o ABSOLUTE
    ../clib/printf_percent.s                 0x00000000   Number         0  _printf_llu.o ABSOLUTE
    ../clib/printf_percent.s                 0x00000000   Number         0  _printf_ll.o ABSOLUTE
    ../clib/printf_percent.s                 0x00000000   Number         0  _printf_l.o ABSOLUTE
    ../clib/printf_percent.s                 0x00000000   Number         0  _printf_lc.o ABSOLUTE
    ../clib/printf_percent.s                 0x00000000   Number         0  _printf_ls.o ABSOLUTE
    ../clib/printf_percent.s                 0x00000000   Number         0  _printf_llo.o ABSOLUTE
    ../clib/printf_percent.s                 0x00000000   Number         0  _printf_llx.o ABSOLUTE
    ../clib/printf_percent.s                 0x00000000   Number         0  _printf_percent_end.o ABSOLUTE
    ../clib/signal.c                         0x00000000   Number         0  defsig_rtmem_outer.o ABSOLUTE
    ../clib/signal.c                         0x00000000   Number         0  defsig_rtmem_formal.o ABSOLUTE
    ../clib/signal.c                         0x00000000   Number         0  defsig_exit.o ABSOLUTE
    ../clib/signal.c                         0x00000000   Number         0  defsig_rtmem_inner.o ABSOLUTE
    ../clib/signal.c                         0x00000000   Number         0  __raise.o ABSOLUTE
    ../clib/signal.c                         0x00000000   Number         0  defsig_general.o ABSOLUTE
    ../clib/signal.c                         0x00000000   Number         0  defsig_abrt_inner.o ABSOLUTE
    ../clib/signal.c                         0x00000000   Number         0  defsig_fpe_inner.o ABSOLUTE
    ../clib/signal.c                         0x00000000   Number         0  defsig_rtred_inner.o ABSOLUTE
    ../clib/signal.c                         0x00000000   Number         0  defsig_stak_inner.o ABSOLUTE
    ../clib/signal.c                         0x00000000   Number         0  defsig_pvfn_inner.o ABSOLUTE
    ../clib/signal.c                         0x00000000   Number         0  defsig_cppl_inner.o ABSOLUTE
    ../clib/signal.c                         0x00000000   Number         0  defsig_segv_inner.o ABSOLUTE
    ../clib/signal.c                         0x00000000   Number         0  defsig_other.o ABSOLUTE
    ../clib/signal.s                         0x00000000   Number         0  defsig.o ABSOLUTE
    ../clib/stdlib.c                         0x00000000   Number         0  exit.o ABSOLUTE
    ../fplib/daddsub.s                       0x00000000   Number         0  daddsub_clz.o ABSOLUTE
    ../fplib/dfix.s                          0x00000000   Number         0  dfix.o ABSOLUTE
    ../fplib/dflt.s                          0x00000000   Number         0  dflt_clz.o ABSOLUTE
    ../fplib/dmul.s                          0x00000000   Number         0  dmul.o ABSOLUTE
    ../fplib/dnaninf.s                       0x00000000   Number         0  dnaninf.o ABSOLUTE
    ../fplib/dretinf.s                       0x00000000   Number         0  dretinf.o ABSOLUTE
    ../fplib/fpinit.s                        0x00000000   Number         0  fpinit.o ABSOLUTE
    ../fplib/fpinit_empty.s                  0x00000000   Number         0  fpinit_empty.o ABSOLUTE
    ../fplib/istatus.s                       0x00000000   Number         0  istatus.o ABSOLUTE
    ../fplib/printf1.s                       0x00000000   Number         0  printf1.o ABSOLUTE
    ../fplib/printf2.s                       0x00000000   Number         0  printf2.o ABSOLUTE
    ../fplib/printf2a.s                      0x00000000   Number         0  printf2a.o ABSOLUTE
    ../fplib/printf2b.s                      0x00000000   Number         0  printf2b.o ABSOLUTE
    ../fplib/usenofp.s                       0x00000000   Number         0  usenofp.o ABSOLUTE
    ../mathlib/fpclassify.c                  0x00000000   Number         0  fpclassify.o ABSOLUTE
    RTE/Device/STM32F103ZG/startup_stm32f10x_xl.s 0x00000000   Number         0  startup_stm32f10x_xl.o ABSOLUTE
    adc.c                                    0x00000000   Number         0  adc.o ABSOLUTE
    dc.s                                     0x00000000   Number         0  dc.o ABSOLUTE
    main.c                                   0x00000000   Number         0  main.o ABSOLUTE
    pid.c                                    0x00000000   Number         0  pid.o ABSOLUTE
    pwm.c                                    0x00000000   Number         0  pwm.o ABSOLUTE
    system_stm32f10x.c                       0x00000000   Number         0  system_stm32f10x.o ABSOLUTE
    systick.c                                0x00000000   Number         0  systick.o ABSOLUTE
    usart.c                                  0x00000000   Number         0  usart.o ABSOLUTE
    RESET                                    0x08000000   Section      304  startup_stm32f10x_xl.o(RESET)
    !!!main                                  0x08000130   Section        8  __main.o(!!!main)
    !!!scatter                               0x08000138   Section       92  __scatter.o(!!!scatter)
    !!handler_null                           0x08000194   Section        2  __scatter.o(!!handler_null)
    !!handler_zi                             0x08000198   Section       28  __scatter_zi.o(!!handler_zi)
    .ARM.Collect$$_printf_percent$$00000000  0x080001b4   Section        0  _printf_percent.o(.ARM.Collect$$_printf_percent$$00000000)
    .ARM.Collect$$_printf_percent$$00000001  0x080001b4   Section        6  _printf_n.o(.ARM.Collect$$_printf_percent$$00000001)
    .ARM.Collect$$_printf_percent$$00000002  0x080001ba   Section        6  _printf_p.o(.ARM.Collect$$_printf_percent$$00000002)
    .ARM.Collect$$_printf_percent$$00000003  0x080001c0   Section        6  _printf_f.o(.ARM.Collect$$_printf_percent$$00000003)
    .ARM.Collect$$_printf_percent$$00000004  0x080001c6   Section        6  _printf_e.o(.ARM.Collect$$_printf_percent$$00000004)
    .ARM.Collect$$_printf_percent$$00000005  0x080001cc   Section        6  _printf_g.o(.ARM.Collect$$_printf_percent$$00000005)
    .ARM.Collect$$_printf_percent$$00000006  0x080001d2   Section        6  _printf_a.o(.ARM.Collect$$_printf_percent$$00000006)
    .ARM.Collect$$_printf_percent$$00000007  0x080001d8   Section       10  _printf_ll.o(.ARM.Collect$$_printf_percent$$00000007)
    .ARM.Collect$$_printf_percent$$00000008  0x080001e2   Section        6  _printf_i.o(.ARM.Collect$$_printf_percent$$00000008)
    .ARM.Collect$$_printf_percent$$00000009  0x080001e8   Section        6  _printf_d.o(.ARM.Collect$$_printf_percent$$00000009)
    .ARM.Collect$$_printf_percent$$0000000A  0x080001ee   Section        6  _printf_u.o(.ARM.Collect$$_printf_percent$$0000000A)
    .ARM.Collect$$_printf_percent$$0000000B  0x080001f4   Section        6  _printf_o.o(.ARM.Collect$$_printf_percent$$0000000B)
    .ARM.Collect$$_printf_percent$$0000000C  0x080001fa   Section        6  _printf_x.o(.ARM.Collect$$_printf_percent$$0000000C)
    .ARM.Collect$$_printf_percent$$0000000D  0x08000200   Section        6  _printf_lli.o(.ARM.Collect$$_printf_percent$$0000000D)
    .ARM.Collect$$_printf_percent$$0000000E  0x08000206   Section        6  _printf_lld.o(.ARM.Collect$$_printf_percent$$0000000E)
    .ARM.Collect$$_printf_percent$$0000000F  0x0800020c   Section        6  _printf_llu.o(.ARM.Collect$$_printf_percent$$0000000F)
    .ARM.Collect$$_printf_percent$$00000010  0x08000212   Section        6  _printf_llo.o(.ARM.Collect$$_printf_percent$$00000010)
    .ARM.Collect$$_printf_percent$$00000011  0x08000218   Section        6  _printf_llx.o(.ARM.Collect$$_printf_percent$$00000011)
    .ARM.Collect$$_printf_percent$$00000012  0x0800021e   Section       10  _printf_l.o(.ARM.Collect$$_printf_percent$$00000012)
    .ARM.Collect$$_printf_percent$$00000013  0x08000228   Section        6  _printf_c.o(.ARM.Collect$$_printf_percent$$00000013)
    .ARM.Collect$$_printf_percent$$00000014  0x0800022e   Section        6  _printf_s.o(.ARM.Collect$$_printf_percent$$00000014)
    .ARM.Collect$$_printf_percent$$00000015  0x08000234   Section        6  _printf_lc.o(.ARM.Collect$$_printf_percent$$00000015)
    .ARM.Collect$$_printf_percent$$00000016  0x0800023a   Section        6  _printf_ls.o(.ARM.Collect$$_printf_percent$$00000016)
    .ARM.Collect$$_printf_percent$$00000017  0x08000240   Section        4  _printf_percent_end.o(.ARM.Collect$$_printf_percent$$00000017)
    .ARM.Collect$$libinit$$00000000          0x08000244   Section        2  libinit.o(.ARM.Collect$$libinit$$00000000)
    .ARM.Collect$$libinit$$00000002          0x08000246   Section        0  libinit2.o(.ARM.Collect$$libinit$$00000002)
    .ARM.Collect$$libinit$$00000004          0x08000246   Section        0  libinit2.o(.ARM.Collect$$libinit$$00000004)
    .ARM.Collect$$libinit$$00000006          0x08000246   Section        0  libinit2.o(.ARM.Collect$$libinit$$00000006)
    .ARM.Collect$$libinit$$0000000C          0x08000246   Section        0  libinit2.o(.ARM.Collect$$libinit$$0000000C)
    .ARM.Collect$$libinit$$0000000E          0x08000246   Section        0  libinit2.o(.ARM.Collect$$libinit$$0000000E)
    .ARM.Collect$$libinit$$00000010          0x08000246   Section        0  libinit2.o(.ARM.Collect$$libinit$$00000010)
    .ARM.Collect$$libinit$$00000011          0x08000246   Section        6  libinit2.o(.ARM.Collect$$libinit$$00000011)
    .ARM.Collect$$libinit$$00000013          0x0800024c   Section        0  libinit2.o(.ARM.Collect$$libinit$$00000013)
    .ARM.Collect$$libinit$$00000014          0x0800024c   Section       12  libinit2.o(.ARM.Collect$$libinit$$00000014)
    .ARM.Collect$$libinit$$00000015          0x08000258   Section        0  libinit2.o(.ARM.Collect$$libinit$$00000015)
    .ARM.Collect$$libinit$$00000017          0x08000258   Section        0  libinit2.o(.ARM.Collect$$libinit$$00000017)
    .ARM.Collect$$libinit$$00000018          0x08000258   Section       10  libinit2.o(.ARM.Collect$$libinit$$00000018)
    .ARM.Collect$$libinit$$00000019          0x08000262   Section        0  libinit2.o(.ARM.Collect$$libinit$$00000019)
    .ARM.Collect$$libinit$$0000001B          0x08000262   Section        0  libinit2.o(.ARM.Collect$$libinit$$0000001B)
    .ARM.Collect$$libinit$$0000001D          0x08000262   Section        0  libinit2.o(.ARM.Collect$$libinit$$0000001D)
    .ARM.Collect$$libinit$$0000001F          0x08000262   Section        0  libinit2.o(.ARM.Collect$$libinit$$0000001F)
    .ARM.Collect$$libinit$$00000021          0x08000262   Section        0  libinit2.o(.ARM.Collect$$libinit$$00000021)
    .ARM.Collect$$libinit$$00000023          0x08000262   Section        0  libinit2.o(.ARM.Collect$$libinit$$00000023)
    .ARM.Collect$$libinit$$00000025          0x08000262   Section        0  libinit2.o(.ARM.Collect$$libinit$$00000025)
    .ARM.Collect$$libinit$$00000027          0x08000262   Section        0  libinit2.o(.ARM.Collect$$libinit$$00000027)
    .ARM.Collect$$libinit$$0000002E          0x08000262   Section        0  libinit2.o(.ARM.Collect$$libinit$$0000002E)
    .ARM.Collect$$libinit$$00000030          0x08000262   Section        0  libinit2.o(.ARM.Collect$$libinit$$00000030)
    .ARM.Collect$$libinit$$00000032          0x08000262   Section        0  libinit2.o(.ARM.Collect$$libinit$$00000032)
    .ARM.Collect$$libinit$$00000034          0x08000262   Section        0  libinit2.o(.ARM.Collect$$libinit$$00000034)
    .ARM.Collect$$libinit$$00000035          0x08000262   Section        2  libinit2.o(.ARM.Collect$$libinit$$00000035)
    .ARM.Collect$$libshutdown$$00000000      0x08000264   Section        2  libshutdown.o(.ARM.Collect$$libshutdown$$00000000)
    .ARM.Collect$$libshutdown$$00000002      0x08000266   Section        0  libshutdown2.o(.ARM.Collect$$libshutdown$$00000002)
    .ARM.Collect$$libshutdown$$00000004      0x08000266   Section        0  libshutdown2.o(.ARM.Collect$$libshutdown$$00000004)
    .ARM.Collect$$libshutdown$$00000007      0x08000266   Section        0  libshutdown2.o(.ARM.Collect$$libshutdown$$00000007)
    .ARM.Collect$$libshutdown$$0000000A      0x08000266   Section        0  libshutdown2.o(.ARM.Collect$$libshutdown$$0000000A)
    .ARM.Collect$$libshutdown$$0000000C      0x08000266   Section        0  libshutdown2.o(.ARM.Collect$$libshutdown$$0000000C)
    .ARM.Collect$$libshutdown$$0000000F      0x08000266   Section        0  libshutdown2.o(.ARM.Collect$$libshutdown$$0000000F)
    .ARM.Collect$$libshutdown$$00000010      0x08000266   Section        2  libshutdown2.o(.ARM.Collect$$libshutdown$$00000010)
    .ARM.Collect$$rtentry$$00000000          0x08000268   Section        0  __rtentry.o(.ARM.Collect$$rtentry$$00000000)
    .ARM.Collect$$rtentry$$00000002          0x08000268   Section        0  __rtentry2.o(.ARM.Collect$$rtentry$$00000002)
    .ARM.Collect$$rtentry$$00000004          0x08000268   Section        6  __rtentry4.o(.ARM.Collect$$rtentry$$00000004)
    .ARM.Collect$$rtentry$$00000009          0x0800026e   Section        0  __rtentry2.o(.ARM.Collect$$rtentry$$00000009)
    .ARM.Collect$$rtentry$$0000000A          0x0800026e   Section        4  __rtentry2.o(.ARM.Collect$$rtentry$$0000000A)
    .ARM.Collect$$rtentry$$0000000C          0x08000272   Section        0  __rtentry2.o(.ARM.Collect$$rtentry$$0000000C)
    .ARM.Collect$$rtentry$$0000000D          0x08000272   Section        8  __rtentry2.o(.ARM.Collect$$rtentry$$0000000D)
    .ARM.Collect$$rtexit$$00000000           0x0800027a   Section        2  rtexit.o(.ARM.Collect$$rtexit$$00000000)
    .ARM.Collect$$rtexit$$00000002           0x0800027c   Section        0  rtexit2.o(.ARM.Collect$$rtexit$$00000002)
    .ARM.Collect$$rtexit$$00000003           0x0800027c   Section        4  rtexit2.o(.ARM.Collect$$rtexit$$00000003)
    .ARM.Collect$$rtexit$$00000004           0x08000280   Section        6  rtexit2.o(.ARM.Collect$$rtexit$$00000004)
    .text                                    0x08000288   Section       64  startup_stm32f10x_xl.o(.text)
    .text                                    0x080002c8   Section        0  sprintf.o(.text)
    .text                                    0x080002f4   Section        0  heapauxi.o(.text)
    .text                                    0x080002fa   Section        0  _printf_pad.o(.text)
    .text                                    0x08000348   Section        0  _printf_truncate.o(.text)
    .text                                    0x0800036c   Section        0  _printf_str.o(.text)
    .text                                    0x080003c0   Section        0  _printf_dec.o(.text)
    .text                                    0x08000438   Section        0  _printf_charcount.o(.text)
    _printf_input_char                       0x08000461   Thumb Code    10  _printf_char_common.o(.text)
    .text                                    0x08000460   Section        0  _printf_char_common.o(.text)
    .text                                    0x08000490   Section        0  _sputc.o(.text)
    .text                                    0x0800049c   Section        0  _printf_wctomb.o(.text)
    .text                                    0x08000558   Section        0  _printf_longlong_dec.o(.text)
    _printf_longlong_oct_internal            0x080005d5   Thumb Code     0  _printf_oct_int_ll.o(.text)
    .text                                    0x080005d4   Section        0  _printf_oct_int_ll.o(.text)
    _printf_hex_common                       0x08000645   Thumb Code     0  _printf_hex_int_ll_ptr.o(.text)
    .text                                    0x08000644   Section        0  _printf_hex_int_ll_ptr.o(.text)
    .text                                    0x080006d8   Section        0  __printf_flags_ss_wp.o(.text)
    .text                                    0x08000860   Section      138  lludiv10.o(.text)
    .text                                    0x080008ea   Section        0  _printf_intcommon.o(.text)
    _fp_digits                               0x0800099d   Thumb Code   432  _printf_fp_dec.o(.text)
    .text                                    0x0800099c   Section        0  _printf_fp_dec.o(.text)
    .text                                    0x08000db8   Section        0  _printf_fp_hex.o(.text)
    .text                                    0x080010b4   Section        0  _printf_char.o(.text)
    .text                                    0x080010e0   Section        0  _printf_wchar.o(.text)
    .text                                    0x0800110c   Section        0  _c16rtomb.o(.text)
    .text                                    0x08001154   Section       74  sys_stackheap_outer.o(.text)
    .text                                    0x080011a0   Section       16  rt_ctype_table.o(.text)
    .text                                    0x080011b0   Section        8  rt_locale_intlibspace.o(.text)
    .text                                    0x080011b8   Section        0  _printf_fp_infnan.o(.text)
    .text                                    0x08001238   Section        0  bigflt0.o(.text)
    .text                                    0x0800131c   Section        0  exit.o(.text)
    .text                                    0x08001330   Section        8  libspace.o(.text)
    .text                                    0x08001338   Section      128  strcmpv7m.o(.text)
    .text                                    0x080013b8   Section        0  sys_exit.o(.text)
    .text                                    0x080013c4   Section        2  use_no_semi.o(.text)
    .text                                    0x080013c6   Section        0  indicate_semi.o(.text)
    SetSysClock                              0x080013c9   Thumb Code     8  system_stm32f10x.o(.text.SetSysClock)
    [Anonymous Symbol]                       0x080013c8   Section        0  system_stm32f10x.o(.text.SetSysClock)
    SetSysClockTo72                          0x080013d1   Thumb Code   290  system_stm32f10x.o(.text.SetSysClockTo72)
    [Anonymous Symbol]                       0x080013d0   Section        0  system_stm32f10x.o(.text.SetSysClockTo72)
    [Anonymous Symbol]                       0x080014f4   Section        0  main.o(.text.SysTick_Handler)
    [Anonymous Symbol]                       0x0800151c   Section        0  system_stm32f10x.o(.text.SystemInit)
    [Anonymous Symbol]                       0x08001584   Section        0  main.o(.text.USART2_IRQHandler)
    __NVIC_EnableIRQ                         0x080017d9   Thumb Code    48  usart.o(.text.__NVIC_EnableIRQ)
    [Anonymous Symbol]                       0x080017d8   Section        0  usart.o(.text.__NVIC_EnableIRQ)
    __NVIC_EnableIRQ                         0x08001809   Thumb Code    48  systick.o(.text.__NVIC_EnableIRQ)
    [Anonymous Symbol]                       0x08001808   Section        0  systick.o(.text.__NVIC_EnableIRQ)
    [Anonymous Symbol]                       0x08001838   Section        0  adc.o(.text.adc_setup)
    [Anonymous Symbol]                       0x08001868   Section        0  pwm.o(.text.change_duty)
    [Anonymous Symbol]                       0x080018d0   Section        0  usart.o(.text.clear_array)
    [Anonymous Symbol]                       0x08001908   Section        0  usart.o(.text.cli_receive)
    [Anonymous Symbol]                       0x08001aec   Section        0  usart.o(.text.cli_setup)
    [Anonymous Symbol]                       0x08001b30   Section        0  usart.o(.text.cli_update)
    [Anonymous Symbol]                       0x08001c20   Section        0  usart.o(.text.get_size)
    [Anonymous Symbol]                       0x08001c44   Section        0  main.o(.text.main)
    [Anonymous Symbol]                       0x08001cf4   Section        0  pid.o(.text.pid_init)
    [Anonymous Symbol]                       0x08001d2c   Section        0  pid.o(.text.pid_update)
    [Anonymous Symbol]                       0x08001e2c   Section        0  pwm.o(.text.pwm_setup)
    [Anonymous Symbol]                       0x08001ec4   Section        0  systick.o(.text.systick_setup)
    [Anonymous Symbol]                       0x08001efc   Section        0  main.o(.text.time_delay)
    [Anonymous Symbol]                       0x08001f20   Section        0  usart.o(.text.usart_get)
    [Anonymous Symbol]                       0x08001f3c   Section        0  usart.o(.text.usart_print)
    [Anonymous Symbol]                       0x08001f7c   Section        0  usart.o(.text.usart_put)
    [Anonymous Symbol]                       0x08001fac   Section        0  usart.o(.text.usart_setup)
    CL$$btod_d2e                             0x08002016   Section       62  btod.o(CL$$btod_d2e)
    CL$$btod_d2e_denorm_low                  0x08002054   Section       70  btod.o(CL$$btod_d2e_denorm_low)
    CL$$btod_d2e_norm_op1                    0x0800209a   Section       96  btod.o(CL$$btod_d2e_norm_op1)
    CL$$btod_div_common                      0x080020fc   Section      824  btod.o(CL$$btod_div_common)
    CL$$btod_e2e                             0x08002434   Section      220  btod.o(CL$$btod_e2e)
    CL$$btod_ediv                            0x08002510   Section       42  btod.o(CL$$btod_ediv)
    CL$$btod_emul                            0x0800253a   Section       42  btod.o(CL$$btod_emul)
    CL$$btod_mult_common                     0x08002564   Section      580  btod.o(CL$$btod_mult_common)
    i.__ARM_fpclassify                       0x080027a8   Section        0  fpclassify.o(i.__ARM_fpclassify)
    i._is_digit                              0x080027d0   Section        0  __printf_wp.o(i._is_digit)
    locale$$code                             0x080027e0   Section       44  lc_numeric_c.o(locale$$code)
    locale$$code                             0x0800280c   Section       44  lc_ctype_c.o(locale$$code)
    x$fpl$dadd                               0x08002838   Section      336  daddsub_clz.o(x$fpl$dadd)
    _dadd1                                   0x08002849   Thumb Code     0  daddsub_clz.o(x$fpl$dadd)
    x$fpl$dfix                               0x08002988   Section       94  dfix.o(x$fpl$dfix)
    x$fpl$dflt                               0x080029e6   Section       46  dflt_clz.o(x$fpl$dflt)
    x$fpl$dmul                               0x08002a14   Section      340  dmul.o(x$fpl$dmul)
    x$fpl$dnaninf                            0x08002b68   Section      156  dnaninf.o(x$fpl$dnaninf)
    x$fpl$dretinf                            0x08002c04   Section       12  dretinf.o(x$fpl$dretinf)
    x$fpl$dsub                               0x08002c10   Section      476  daddsub_clz.o(x$fpl$dsub)
    _dsub1                                   0x08002c21   Thumb Code     0  daddsub_clz.o(x$fpl$dsub)
    x$fpl$printf1                            0x08002dec   Section        4  printf1.o(x$fpl$printf1)
    x$fpl$printf2                            0x08002df0   Section        4  printf2.o(x$fpl$printf2)
    initial_mbstate                          0x08002df4   Data           8  _printf_wctomb.o(.constdata)
    .constdata                               0x08002df4   Section        8  _printf_wctomb.o(.constdata)
    x$fpl$usenofp                            0x08002df4   Section        0  usenofp.o(x$fpl$usenofp)
    uc_hextab                                0x08002dfc   Data          20  _printf_hex_int_ll_ptr.o(.constdata)
    .constdata                               0x08002dfc   Section       40  _printf_hex_int_ll_ptr.o(.constdata)
    lc_hextab                                0x08002e10   Data          20  _printf_hex_int_ll_ptr.o(.constdata)
    maptable                                 0x08002e24   Data          17  __printf_flags_ss_wp.o(.constdata)
    .constdata                               0x08002e24   Section       17  __printf_flags_ss_wp.o(.constdata)
    lc_hextab                                0x08002e35   Data          19  _printf_fp_hex.o(.constdata)
    .constdata                               0x08002e35   Section       38  _printf_fp_hex.o(.constdata)
    uc_hextab                                0x08002e48   Data          19  _printf_fp_hex.o(.constdata)
    tenpwrs_x                                0x08002e5c   Data          60  bigflt0.o(.constdata)
    .constdata                               0x08002e5c   Section      148  bigflt0.o(.constdata)
    tenpwrs_i                                0x08002e98   Data          64  bigflt0.o(.constdata)
    PROGRAM_VERSION                          0x08002ef0   Data          47  main.o(.rodata.PROGRAM_VERSION)
    [Anonymous Symbol]                       0x08002ef0   Section        0  main.o(.rodata.PROGRAM_VERSION)
    .L.str.1                                 0x08002f1f   Data           2  main.o(.rodata.str1.1)
    .L.str.1                                 0x08002f1f   Data           2  main.o(.rodata.str1.1)
    [Anonymous Symbol]                       0x08002f1f   Section        0  main.o(.rodata.str1.1)
    .L.str.2                                 0x08002f21   Data           2  main.o(.rodata.str1.1)
    .L.str.2                                 0x08002f21   Data           2  main.o(.rodata.str1.1)
    .L.str.3                                 0x08002f23   Data           4  main.o(.rodata.str1.1)
    .L.str.4                                 0x08002f27   Data          71  main.o(.rodata.str1.1)
    .L.str.7                                 0x08002f6e   Data          24  main.o(.rodata.str1.1)
    .L.str.6                                 0x08002f86   Data          24  main.o(.rodata.str1.1)
    .L.str.8                                 0x08002f9e   Data          30  main.o(.rodata.str1.1)
    .L.str.5                                 0x08002fbc   Data          27  main.o(.rodata.str1.1)
    .L.str                                   0x08002fd7   Data          58  main.o(.rodata.str1.1)
    .L.str                                   0x08003011   Data           3  usart.o(.rodata.str1.1)
    [Anonymous Symbol]                       0x08003011   Section        0  usart.o(.rodata.str1.1)
    locale$$data                             0x08003024   Section       28  lc_numeric_c.o(locale$$data)
    __lcnum_c_name                           0x08003028   Data           2  lc_numeric_c.o(locale$$data)
    __lcnum_c_start                          0x08003030   Data           0  lc_numeric_c.o(locale$$data)
    __lcnum_c_point                          0x0800303c   Data           0  lc_numeric_c.o(locale$$data)
    __lcnum_c_thousands                      0x0800303e   Data           0  lc_numeric_c.o(locale$$data)
    __lcnum_c_grouping                       0x0800303f   Data           0  lc_numeric_c.o(locale$$data)
    __lcnum_c_end                            0x08003040   Data           0  lc_numeric_c.o(locale$$data)
    locale$$data                             0x08003040   Section      272  lc_ctype_c.o(locale$$data)
    __lcctype_c_name                         0x08003044   Data           2  lc_ctype_c.o(locale$$data)
    __lcctype_c_start                        0x0800304c   Data           0  lc_ctype_c.o(locale$$data)
    __lcctype_c_end                          0x08003150   Data           0  lc_ctype_c.o(locale$$data)
    .bss                                     0x20000000   Section       96  libspace.o(.bss)
    BUFFER                                   0x20000060   Data          20  main.o(.bss.BUFFER)
    [Anonymous Symbol]                       0x20000060   Section        0  main.o(.bss.BUFFER)
    CLI_COUNTER                              0x20000074   Data           4  main.o(.bss.CLI_COUNTER)
    [Anonymous Symbol]                       0x20000074   Section        0  main.o(.bss.CLI_COUNTER)
    CURRENT_ADC                              0x20000078   Data           4  main.o(.bss.CURRENT_ADC)
    [Anonymous Symbol]                       0x20000078   Section        0  main.o(.bss.CURRENT_ADC)
    CURRENT_PULSE                            0x2000007c   Data           4  main.o(.bss.CURRENT_PULSE)
    [Anonymous Symbol]                       0x2000007c   Section        0  main.o(.bss.CURRENT_PULSE)
    SELF_BALANCING                           0x20000080   Data           1  main.o(.bss.SELF_BALANCING)
    [Anonymous Symbol]                       0x20000080   Section        0  main.o(.bss.SELF_BALANCING)
    Heap_Mem                                 0x20000088   Data         512  startup_stm32f10x_xl.o(HEAP)
    HEAP                                     0x20000088   Section      512  startup_stm32f10x_xl.o(HEAP)
    Stack_Mem                                0x20000288   Data        1024  startup_stm32f10x_xl.o(STACK)
    STACK                                    0x20000288   Section     1024  startup_stm32f10x_xl.o(STACK)
    __initial_sp                             0x20000688   Data           0  startup_stm32f10x_xl.o(STACK)

    Global Symbols

    Symbol Name                              Value     Ov Type        Size  Object(Section)

    BuildAttributes$$THM_ISAv4$P$D$K$B$S$PE$A:L22UL41UL21$X:L11$S22US41US21$IEEE1$IW$~IW$USESV6$~STKCKD$USESV7$~SHL$OTIME$ROPI$IEEEJ$EBA8$UX$STANDARDLIB$REQ8$PRES8$EABIv2 0x00000000   Number         0  anon$$obj.o ABSOLUTE
    __fp_init_empty                          0x00000000   Number         0  fpinit_empty.o ABSOLUTE
    _printf_flags                            0x00000000   Number         0  printf_stubs.o ABSOLUTE
    _printf_return_value                     0x00000000   Number         0  printf_stubs.o ABSOLUTE
    _printf_sizespec                         0x00000000   Number         0  printf_stubs.o ABSOLUTE
    _printf_widthprec                        0x00000000   Number         0  printf_stubs.o ABSOLUTE
    __ARM_exceptions_init                     - Undefined Weak Reference
    __alloca_initialize                       - Undefined Weak Reference
    __arm_preinit_                            - Undefined Weak Reference
    __arm_relocate_pie_                       - Undefined Weak Reference
    __cpp_initialize__aeabi_                  - Undefined Weak Reference
    __cxa_finalize                            - Undefined Weak Reference
    __sigvec_lookup                           - Undefined Weak Reference
    _atexit_init                              - Undefined Weak Reference
    _call_atexit_fns                          - Undefined Weak Reference
    _clock_init                               - Undefined Weak Reference
    _fp_trap_init                             - Undefined Weak Reference
    _fp_trap_shutdown                         - Undefined Weak Reference
    _get_lc_collate                           - Undefined Weak Reference
    _get_lc_monetary                          - Undefined Weak Reference
    _get_lc_time                              - Undefined Weak Reference
    _getenv_init                              - Undefined Weak Reference
    _handle_redirection                       - Undefined Weak Reference
    _init_alloc                               - Undefined Weak Reference
    _init_user_alloc                          - Undefined Weak Reference
    _initio                                   - Undefined Weak Reference
    _printf_mbtowc                            - Undefined Weak Reference
    _printf_wc                                - Undefined Weak Reference
    _rand_init                                - Undefined Weak Reference
    _signal_finish                            - Undefined Weak Reference
    _signal_init                              - Undefined Weak Reference
    _terminate_alloc                          - Undefined Weak Reference
    _terminate_user_alloc                     - Undefined Weak Reference
    _terminateio                              - Undefined Weak Reference
    __Vectors_Size                           0x00000130   Number         0  startup_stm32f10x_xl.o ABSOLUTE
    __Vectors                                0x08000000   Data           4  startup_stm32f10x_xl.o(RESET)
    __Vectors_End                            0x08000130   Data           0  startup_stm32f10x_xl.o(RESET)
    __main                                   0x08000131   Thumb Code     8  __main.o(!!!main)
    __scatterload                            0x08000139   Thumb Code     0  __scatter.o(!!!scatter)
    __scatterload_rt2                        0x08000139   Thumb Code    84  __scatter.o(!!!scatter)
    __scatterload_rt2_thumb_only             0x08000139   Thumb Code     0  __scatter.o(!!!scatter)
    __scatterload_loop                       0x08000143   Thumb Code     0  __scatter.o(!!!scatter)
    __scatterload_null                       0x08000195   Thumb Code     2  __scatter.o(!!handler_null)
    __scatterload_zeroinit                   0x08000199   Thumb Code    28  __scatter_zi.o(!!handler_zi)
    _printf_n                                0x080001b5   Thumb Code     0  _printf_n.o(.ARM.Collect$$_printf_percent$$00000001)
    _printf_percent                          0x080001b5   Thumb Code     0  _printf_percent.o(.ARM.Collect$$_printf_percent$$00000000)
    _printf_p                                0x080001bb   Thumb Code     0  _printf_p.o(.ARM.Collect$$_printf_percent$$00000002)
    _printf_f                                0x080001c1   Thumb Code     0  _printf_f.o(.ARM.Collect$$_printf_percent$$00000003)
    _printf_e                                0x080001c7   Thumb Code     0  _printf_e.o(.ARM.Collect$$_printf_percent$$00000004)
    _printf_g                                0x080001cd   Thumb Code     0  _printf_g.o(.ARM.Collect$$_printf_percent$$00000005)
    _printf_a                                0x080001d3   Thumb Code     0  _printf_a.o(.ARM.Collect$$_printf_percent$$00000006)
    _printf_ll                               0x080001d9   Thumb Code     0  _printf_ll.o(.ARM.Collect$$_printf_percent$$00000007)
    _printf_i                                0x080001e3   Thumb Code     0  _printf_i.o(.ARM.Collect$$_printf_percent$$00000008)
    _printf_d                                0x080001e9   Thumb Code     0  _printf_d.o(.ARM.Collect$$_printf_percent$$00000009)
    _printf_u                                0x080001ef   Thumb Code     0  _printf_u.o(.ARM.Collect$$_printf_percent$$0000000A)
    _printf_o                                0x080001f5   Thumb Code     0  _printf_o.o(.ARM.Collect$$_printf_percent$$0000000B)
    _printf_x                                0x080001fb   Thumb Code     0  _printf_x.o(.ARM.Collect$$_printf_percent$$0000000C)
    _printf_lli                              0x08000201   Thumb Code     0  _printf_lli.o(.ARM.Collect$$_printf_percent$$0000000D)
    _printf_lld                              0x08000207   Thumb Code     0  _printf_lld.o(.ARM.Collect$$_printf_percent$$0000000E)
    _printf_llu                              0x0800020d   Thumb Code     0  _printf_llu.o(.ARM.Collect$$_printf_percent$$0000000F)
    _printf_llo                              0x08000213   Thumb Code     0  _printf_llo.o(.ARM.Collect$$_printf_percent$$00000010)
    _printf_llx                              0x08000219   Thumb Code     0  _printf_llx.o(.ARM.Collect$$_printf_percent$$00000011)
    _printf_l                                0x0800021f   Thumb Code     0  _printf_l.o(.ARM.Collect$$_printf_percent$$00000012)
    _printf_c                                0x08000229   Thumb Code     0  _printf_c.o(.ARM.Collect$$_printf_percent$$00000013)
    _printf_s                                0x0800022f   Thumb Code     0  _printf_s.o(.ARM.Collect$$_printf_percent$$00000014)
    _printf_lc                               0x08000235   Thumb Code     0  _printf_lc.o(.ARM.Collect$$_printf_percent$$00000015)
    _printf_ls                               0x0800023b   Thumb Code     0  _printf_ls.o(.ARM.Collect$$_printf_percent$$00000016)
    _printf_percent_end                      0x08000241   Thumb Code     0  _printf_percent_end.o(.ARM.Collect$$_printf_percent$$00000017)
    __rt_lib_init                            0x08000245   Thumb Code     0  libinit.o(.ARM.Collect$$libinit$$00000000)
    __rt_lib_init_fp_1                       0x08000247   Thumb Code     0  libinit2.o(.ARM.Collect$$libinit$$00000002)
    __rt_lib_init_heap_1                     0x08000247   Thumb Code     0  libinit2.o(.ARM.Collect$$libinit$$0000000C)
    __rt_lib_init_lc_common                  0x08000247   Thumb Code     0  libinit2.o(.ARM.Collect$$libinit$$00000011)
    __rt_lib_init_preinit_1                  0x08000247   Thumb Code     0  libinit2.o(.ARM.Collect$$libinit$$00000006)
    __rt_lib_init_rand_1                     0x08000247   Thumb Code     0  libinit2.o(.ARM.Collect$$libinit$$00000010)
    __rt_lib_init_relocate_pie_1             0x08000247   Thumb Code     0  libinit2.o(.ARM.Collect$$libinit$$00000004)
    __rt_lib_init_user_alloc_1               0x08000247   Thumb Code     0  libinit2.o(.ARM.Collect$$libinit$$0000000E)
    __rt_lib_init_lc_collate_1               0x0800024d   Thumb Code     0  libinit2.o(.ARM.Collect$$libinit$$00000013)
    __rt_lib_init_lc_ctype_2                 0x0800024d   Thumb Code     0  libinit2.o(.ARM.Collect$$libinit$$00000014)
    __rt_lib_init_lc_ctype_1                 0x08000259   Thumb Code     0  libinit2.o(.ARM.Collect$$libinit$$00000015)
    __rt_lib_init_lc_monetary_1              0x08000259   Thumb Code     0  libinit2.o(.ARM.Collect$$libinit$$00000017)
    __rt_lib_init_lc_numeric_2               0x08000259   Thumb Code     0  libinit2.o(.ARM.Collect$$libinit$$00000018)
    __rt_lib_init_alloca_1                   0x08000263   Thumb Code     0  libinit2.o(.ARM.Collect$$libinit$$00000030)
    __rt_lib_init_argv_1                     0x08000263   Thumb Code     0  libinit2.o(.ARM.Collect$$libinit$$0000002E)
    __rt_lib_init_atexit_1                   0x08000263   Thumb Code     0  libinit2.o(.ARM.Collect$$libinit$$0000001D)
    __rt_lib_init_clock_1                    0x08000263   Thumb Code     0  libinit2.o(.ARM.Collect$$libinit$$00000023)
    __rt_lib_init_cpp_1                      0x08000263   Thumb Code     0  libinit2.o(.ARM.Collect$$libinit$$00000034)
    __rt_lib_init_exceptions_1               0x08000263   Thumb Code     0  libinit2.o(.ARM.Collect$$libinit$$00000032)
    __rt_lib_init_fp_trap_1                  0x08000263   Thumb Code     0  libinit2.o(.ARM.Collect$$libinit$$00000021)
    __rt_lib_init_getenv_1                   0x08000263   Thumb Code     0  libinit2.o(.ARM.Collect$$libinit$$00000025)
    __rt_lib_init_lc_numeric_1               0x08000263   Thumb Code     0  libinit2.o(.ARM.Collect$$libinit$$00000019)
    __rt_lib_init_lc_time_1                  0x08000263   Thumb Code     0  libinit2.o(.ARM.Collect$$libinit$$0000001B)
    __rt_lib_init_return                     0x08000263   Thumb Code     0  libinit2.o(.ARM.Collect$$libinit$$00000035)
    __rt_lib_init_signal_1                   0x08000263   Thumb Code     0  libinit2.o(.ARM.Collect$$libinit$$0000001F)
    __rt_lib_init_stdio_1                    0x08000263   Thumb Code     0  libinit2.o(.ARM.Collect$$libinit$$00000027)
    __rt_lib_shutdown                        0x08000265   Thumb Code     0  libshutdown.o(.ARM.Collect$$libshutdown$$00000000)
    __rt_lib_shutdown_cpp_1                  0x08000267   Thumb Code     0  libshutdown2.o(.ARM.Collect$$libshutdown$$00000002)
    __rt_lib_shutdown_fp_trap_1              0x08000267   Thumb Code     0  libshutdown2.o(.ARM.Collect$$libshutdown$$00000007)
    __rt_lib_shutdown_heap_1                 0x08000267   Thumb Code     0  libshutdown2.o(.ARM.Collect$$libshutdown$$0000000F)
    __rt_lib_shutdown_return                 0x08000267   Thumb Code     0  libshutdown2.o(.ARM.Collect$$libshutdown$$00000010)
    __rt_lib_shutdown_signal_1               0x08000267   Thumb Code     0  libshutdown2.o(.ARM.Collect$$libshutdown$$0000000A)
    __rt_lib_shutdown_stdio_1                0x08000267   Thumb Code     0  libshutdown2.o(.ARM.Collect$$libshutdown$$00000004)
    __rt_lib_shutdown_user_alloc_1           0x08000267   Thumb Code     0  libshutdown2.o(.ARM.Collect$$libshutdown$$0000000C)
    __rt_entry                               0x08000269   Thumb Code     0  __rtentry.o(.ARM.Collect$$rtentry$$00000000)
    __rt_entry_presh_1                       0x08000269   Thumb Code     0  __rtentry2.o(.ARM.Collect$$rtentry$$00000002)
    __rt_entry_sh                            0x08000269   Thumb Code     0  __rtentry4.o(.ARM.Collect$$rtentry$$00000004)
    __rt_entry_li                            0x0800026f   Thumb Code     0  __rtentry2.o(.ARM.Collect$$rtentry$$0000000A)
    __rt_entry_postsh_1                      0x0800026f   Thumb Code     0  __rtentry2.o(.ARM.Collect$$rtentry$$00000009)
    __rt_entry_main                          0x08000273   Thumb Code     0  __rtentry2.o(.ARM.Collect$$rtentry$$0000000D)
    __rt_entry_postli_1                      0x08000273   Thumb Code     0  __rtentry2.o(.ARM.Collect$$rtentry$$0000000C)
    __rt_exit                                0x0800027b   Thumb Code     0  rtexit.o(.ARM.Collect$$rtexit$$00000000)
    __rt_exit_ls                             0x0800027d   Thumb Code     0  rtexit2.o(.ARM.Collect$$rtexit$$00000003)
    __rt_exit_prels_1                        0x0800027d   Thumb Code     0  rtexit2.o(.ARM.Collect$$rtexit$$00000002)
    __rt_exit_exit                           0x08000281   Thumb Code     0  rtexit2.o(.ARM.Collect$$rtexit$$00000004)
    Reset_Handler                            0x08000289   Thumb Code     8  startup_stm32f10x_xl.o(.text)
    NMI_Handler                              0x08000291   Thumb Code     2  startup_stm32f10x_xl.o(.text)
    HardFault_Handler                        0x08000293   Thumb Code     2  startup_stm32f10x_xl.o(.text)
    MemManage_Handler                        0x08000295   Thumb Code     2  startup_stm32f10x_xl.o(.text)
    BusFault_Handler                         0x08000297   Thumb Code     2  startup_stm32f10x_xl.o(.text)
    UsageFault_Handler                       0x08000299   Thumb Code     2  startup_stm32f10x_xl.o(.text)
    SVC_Handler                              0x0800029b   Thumb Code     2  startup_stm32f10x_xl.o(.text)
    DebugMon_Handler                         0x0800029d   Thumb Code     2  startup_stm32f10x_xl.o(.text)
    PendSV_Handler                           0x0800029f   Thumb Code     2  startup_stm32f10x_xl.o(.text)
    ADC1_2_IRQHandler                        0x080002a3   Thumb Code     0  startup_stm32f10x_xl.o(.text)
    ADC3_IRQHandler                          0x080002a3   Thumb Code     0  startup_stm32f10x_xl.o(.text)
    CAN1_RX1_IRQHandler                      0x080002a3   Thumb Code     0  startup_stm32f10x_xl.o(.text)
    CAN1_SCE_IRQHandler                      0x080002a3   Thumb Code     0  startup_stm32f10x_xl.o(.text)
    DMA1_Channel1_IRQHandler                 0x080002a3   Thumb Code     0  startup_stm32f10x_xl.o(.text)
    DMA1_Channel2_IRQHandler                 0x080002a3   Thumb Code     0  startup_stm32f10x_xl.o(.text)
    DMA1_Channel3_IRQHandler                 0x080002a3   Thumb Code     0  startup_stm32f10x_xl.o(.text)
    DMA1_Channel4_IRQHandler                 0x080002a3   Thumb Code     0  startup_stm32f10x_xl.o(.text)
    DMA1_Channel5_IRQHandler                 0x080002a3   Thumb Code     0  startup_stm32f10x_xl.o(.text)
    DMA1_Channel6_IRQHandler                 0x080002a3   Thumb Code     0  startup_stm32f10x_xl.o(.text)
    DMA1_Channel7_IRQHandler                 0x080002a3   Thumb Code     0  startup_stm32f10x_xl.o(.text)
    DMA2_Channel1_IRQHandler                 0x080002a3   Thumb Code     0  startup_stm32f10x_xl.o(.text)
    DMA2_Channel2_IRQHandler                 0x080002a3   Thumb Code     0  startup_stm32f10x_xl.o(.text)
    DMA2_Channel3_IRQHandler                 0x080002a3   Thumb Code     0  startup_stm32f10x_xl.o(.text)
    DMA2_Channel4_5_IRQHandler               0x080002a3   Thumb Code     0  startup_stm32f10x_xl.o(.text)
    EXTI0_IRQHandler                         0x080002a3   Thumb Code     0  startup_stm32f10x_xl.o(.text)
    EXTI15_10_IRQHandler                     0x080002a3   Thumb Code     0  startup_stm32f10x_xl.o(.text)
    EXTI1_IRQHandler                         0x080002a3   Thumb Code     0  startup_stm32f10x_xl.o(.text)
    EXTI2_IRQHandler                         0x080002a3   Thumb Code     0  startup_stm32f10x_xl.o(.text)
    EXTI3_IRQHandler                         0x080002a3   Thumb Code     0  startup_stm32f10x_xl.o(.text)
    EXTI4_IRQHandler                         0x080002a3   Thumb Code     0  startup_stm32f10x_xl.o(.text)
    EXTI9_5_IRQHandler                       0x080002a3   Thumb Code     0  startup_stm32f10x_xl.o(.text)
    FLASH_IRQHandler                         0x080002a3   Thumb Code     0  startup_stm32f10x_xl.o(.text)
    FSMC_IRQHandler                          0x080002a3   Thumb Code     0  startup_stm32f10x_xl.o(.text)
    I2C1_ER_IRQHandler                       0x080002a3   Thumb Code     0  startup_stm32f10x_xl.o(.text)
    I2C1_EV_IRQHandler                       0x080002a3   Thumb Code     0  startup_stm32f10x_xl.o(.text)
    I2C2_ER_IRQHandler                       0x080002a3   Thumb Code     0  startup_stm32f10x_xl.o(.text)
    I2C2_EV_IRQHandler                       0x080002a3   Thumb Code     0  startup_stm32f10x_xl.o(.text)
    PVD_IRQHandler                           0x080002a3   Thumb Code     0  startup_stm32f10x_xl.o(.text)
    RCC_IRQHandler                           0x080002a3   Thumb Code     0  startup_stm32f10x_xl.o(.text)
    RTCAlarm_IRQHandler                      0x080002a3   Thumb Code     0  startup_stm32f10x_xl.o(.text)
    RTC_IRQHandler                           0x080002a3   Thumb Code     0  startup_stm32f10x_xl.o(.text)
    SDIO_IRQHandler                          0x080002a3   Thumb Code     0  startup_stm32f10x_xl.o(.text)
    SPI1_IRQHandler                          0x080002a3   Thumb Code     0  startup_stm32f10x_xl.o(.text)
    SPI2_IRQHandler                          0x080002a3   Thumb Code     0  startup_stm32f10x_xl.o(.text)
    SPI3_IRQHandler                          0x080002a3   Thumb Code     0  startup_stm32f10x_xl.o(.text)
    TAMPER_IRQHandler                        0x080002a3   Thumb Code     0  startup_stm32f10x_xl.o(.text)
    TIM1_BRK_TIM9_IRQHandler                 0x080002a3   Thumb Code     0  startup_stm32f10x_xl.o(.text)
    TIM1_CC_IRQHandler                       0x080002a3   Thumb Code     0  startup_stm32f10x_xl.o(.text)
    TIM1_TRG_COM_TIM11_IRQHandler            0x080002a3   Thumb Code     0  startup_stm32f10x_xl.o(.text)
    TIM1_UP_TIM10_IRQHandler                 0x080002a3   Thumb Code     0  startup_stm32f10x_xl.o(.text)
    TIM2_IRQHandler                          0x080002a3   Thumb Code     0  startup_stm32f10x_xl.o(.text)
    TIM3_IRQHandler                          0x080002a3   Thumb Code     0  startup_stm32f10x_xl.o(.text)
    TIM4_IRQHandler                          0x080002a3   Thumb Code     0  startup_stm32f10x_xl.o(.text)
    TIM5_IRQHandler                          0x080002a3   Thumb Code     0  startup_stm32f10x_xl.o(.text)
    TIM6_IRQHandler                          0x080002a3   Thumb Code     0  startup_stm32f10x_xl.o(.text)
    TIM7_IRQHandler                          0x080002a3   Thumb Code     0  startup_stm32f10x_xl.o(.text)
    TIM8_BRK_TIM12_IRQHandler                0x080002a3   Thumb Code     0  startup_stm32f10x_xl.o(.text)
    TIM8_CC_IRQHandler                       0x080002a3   Thumb Code     0  startup_stm32f10x_xl.o(.text)
    TIM8_TRG_COM_TIM14_IRQHandler            0x080002a3   Thumb Code     0  startup_stm32f10x_xl.o(.text)
    TIM8_UP_TIM13_IRQHandler                 0x080002a3   Thumb Code     0  startup_stm32f10x_xl.o(.text)
    UART4_IRQHandler                         0x080002a3   Thumb Code     0  startup_stm32f10x_xl.o(.text)
    UART5_IRQHandler                         0x080002a3   Thumb Code     0  startup_stm32f10x_xl.o(.text)
    USART1_IRQHandler                        0x080002a3   Thumb Code     0  startup_stm32f10x_xl.o(.text)
    USART3_IRQHandler                        0x080002a3   Thumb Code     0  startup_stm32f10x_xl.o(.text)
    USBWakeUp_IRQHandler                     0x080002a3   Thumb Code     0  startup_stm32f10x_xl.o(.text)
    USB_HP_CAN1_TX_IRQHandler                0x080002a3   Thumb Code     0  startup_stm32f10x_xl.o(.text)
    USB_LP_CAN1_RX0_IRQHandler               0x080002a3   Thumb Code     0  startup_stm32f10x_xl.o(.text)
    WWDG_IRQHandler                          0x080002a3   Thumb Code     0  startup_stm32f10x_xl.o(.text)
    __user_initial_stackheap                 0x080002a5   Thumb Code     0  startup_stm32f10x_xl.o(.text)
    sprintf                                  0x080002c9   Thumb Code    38  sprintf.o(.text)
    __use_two_region_memory                  0x080002f5   Thumb Code     2  heapauxi.o(.text)
    __rt_heap_escrow$2region                 0x080002f7   Thumb Code     2  heapauxi.o(.text)
    __rt_heap_expand$2region                 0x080002f9   Thumb Code     2  heapauxi.o(.text)
    _printf_pre_padding                      0x080002fb   Thumb Code    44  _printf_pad.o(.text)
    _printf_post_padding                     0x08000327   Thumb Code    34  _printf_pad.o(.text)
    _printf_truncate_signed                  0x08000349   Thumb Code    18  _printf_truncate.o(.text)
    _printf_truncate_unsigned                0x0800035b   Thumb Code    18  _printf_truncate.o(.text)
    _printf_str                              0x0800036d   Thumb Code    82  _printf_str.o(.text)
    _printf_int_dec                          0x080003c1   Thumb Code   104  _printf_dec.o(.text)
    _printf_charcount                        0x08000439   Thumb Code    40  _printf_charcount.o(.text)
    _printf_char_common                      0x0800046b   Thumb Code    32  _printf_char_common.o(.text)
    _sputc                                   0x08000491   Thumb Code    10  _sputc.o(.text)
    _printf_wctomb                           0x0800049d   Thumb Code   182  _printf_wctomb.o(.text)
    _printf_longlong_dec                     0x08000559   Thumb Code   108  _printf_longlong_dec.o(.text)
    _printf_longlong_oct                     0x080005d5   Thumb Code    68  _printf_oct_int_ll.o(.text)
    _printf_int_oct                          0x08000619   Thumb Code    24  _printf_oct_int_ll.o(.text)
    _printf_ll_oct                           0x08000631   Thumb Code    12  _printf_oct_int_ll.o(.text)
    _printf_longlong_hex                     0x08000645   Thumb Code    86  _printf_hex_int_ll_ptr.o(.text)
    _printf_int_hex                          0x0800069b   Thumb Code    28  _printf_hex_int_ll_ptr.o(.text)
    _printf_ll_hex                           0x080006b7   Thumb Code    12  _printf_hex_int_ll_ptr.o(.text)
    _printf_hex_ptr                          0x080006c3   Thumb Code    18  _printf_hex_int_ll_ptr.o(.text)
    __printf                                 0x080006d9   Thumb Code   388  __printf_flags_ss_wp.o(.text)
    _ll_udiv10                               0x08000861   Thumb Code   138  lludiv10.o(.text)
    _printf_int_common                       0x080008eb   Thumb Code   178  _printf_intcommon.o(.text)
    _printf_fp_dec_real                      0x08000b4d   Thumb Code   620  _printf_fp_dec.o(.text)
    _printf_fp_hex_real                      0x08000db9   Thumb Code   756  _printf_fp_hex.o(.text)
    _printf_cs_common                        0x080010b5   Thumb Code    20  _printf_char.o(.text)
    _printf_char                             0x080010c9   Thumb Code    16  _printf_char.o(.text)
    _printf_string                           0x080010d9   Thumb Code     8  _printf_char.o(.text)
    _printf_lcs_common                       0x080010e1   Thumb Code    20  _printf_wchar.o(.text)
    _printf_wchar                            0x080010f5   Thumb Code    16  _printf_wchar.o(.text)
    _printf_wstring                          0x08001105   Thumb Code     8  _printf_wchar.o(.text)
    _c16rtomb                                0x0800110d   Thumb Code    72  _c16rtomb.o(.text)
    _wcrtomb                                 0x0800110d   Thumb Code     0  _c16rtomb.o(.text)
    __user_setup_stackheap                   0x08001155   Thumb Code    74  sys_stackheap_outer.o(.text)
    __rt_ctype_table                         0x080011a1   Thumb Code    16  rt_ctype_table.o(.text)
    __rt_locale                              0x080011b1   Thumb Code     8  rt_locale_intlibspace.o(.text)
    _printf_fp_infnan                        0x080011b9   Thumb Code   112  _printf_fp_infnan.o(.text)
    _btod_etento                             0x08001239   Thumb Code   224  bigflt0.o(.text)
    exit                                     0x0800131d   Thumb Code    18  exit.o(.text)
    __user_libspace                          0x08001331   Thumb Code     8  libspace.o(.text)
    __user_perproc_libspace                  0x08001331   Thumb Code     0  libspace.o(.text)
    __user_perthread_libspace                0x08001331   Thumb Code     0  libspace.o(.text)
    strcmp                                   0x08001339   Thumb Code   128  strcmpv7m.o(.text)
    _sys_exit                                0x080013b9   Thumb Code     8  sys_exit.o(.text)
    __I$use$semihosting                      0x080013c5   Thumb Code     0  use_no_semi.o(.text)
    __use_no_semihosting_swi                 0x080013c5   Thumb Code     2  use_no_semi.o(.text)
    __semihosting_library_function           0x080013c7   Thumb Code     0  indicate_semi.o(.text)
    SysTick_Handler                          0x080014f5   Thumb Code    40  main.o(.text.SysTick_Handler)
    SystemInit                               0x0800151d   Thumb Code   102  system_stm32f10x.o(.text.SystemInit)
    USART2_IRQHandler                        0x08001585   Thumb Code   594  main.o(.text.USART2_IRQHandler)
    adc_setup                                0x08001839   Thumb Code    46  adc.o(.text.adc_setup)
    change_duty                              0x08001869   Thumb Code   104  pwm.o(.text.change_duty)
    clear_array                              0x080018d1   Thumb Code    54  usart.o(.text.clear_array)
    cli_receive                              0x08001909   Thumb Code   482  usart.o(.text.cli_receive)
    cli_setup                                0x08001aed   Thumb Code    66  usart.o(.text.cli_setup)
    cli_update                               0x08001b31   Thumb Code   238  usart.o(.text.cli_update)
    get_size                                 0x08001c21   Thumb Code    34  usart.o(.text.get_size)
    main                                     0x08001c45   Thumb Code   176  main.o(.text.main)
    pid_init                                 0x08001cf5   Thumb Code    56  pid.o(.text.pid_init)
    pid_update                               0x08001d2d   Thumb Code   254  pid.o(.text.pid_update)
    pwm_setup                                0x08001e2d   Thumb Code   152  pwm.o(.text.pwm_setup)
    systick_setup                            0x08001ec5   Thumb Code    56  systick.o(.text.systick_setup)
    time_delay                               0x08001efd   Thumb Code    34  main.o(.text.time_delay)
    usart_get                                0x08001f21   Thumb Code    26  usart.o(.text.usart_get)
    usart_print                              0x08001f3d   Thumb Code    64  usart.o(.text.usart_print)
    usart_put                                0x08001f7d   Thumb Code    46  usart.o(.text.usart_put)
    usart_setup                              0x08001fad   Thumb Code   106  usart.o(.text.usart_setup)
    _btod_d2e                                0x08002017   Thumb Code    62  btod.o(CL$$btod_d2e)
    _d2e_denorm_low                          0x08002055   Thumb Code    70  btod.o(CL$$btod_d2e_denorm_low)
    _d2e_norm_op1                            0x0800209b   Thumb Code    96  btod.o(CL$$btod_d2e_norm_op1)
    __btod_div_common                        0x080020fd   Thumb Code   696  btod.o(CL$$btod_div_common)
    _e2e                                     0x08002435   Thumb Code   220  btod.o(CL$$btod_e2e)
    _btod_ediv                               0x08002511   Thumb Code    42  btod.o(CL$$btod_ediv)
    _btod_emul                               0x0800253b   Thumb Code    42  btod.o(CL$$btod_emul)
    __btod_mult_common                       0x08002565   Thumb Code   580  btod.o(CL$$btod_mult_common)
    __ARM_fpclassify                         0x080027a9   Thumb Code    40  fpclassify.o(i.__ARM_fpclassify)
    _is_digit                                0x080027d1   Thumb Code    14  __printf_wp.o(i._is_digit)
    _get_lc_numeric                          0x080027e1   Thumb Code    44  lc_numeric_c.o(locale$$code)
    _get_lc_ctype                            0x0800280d   Thumb Code    44  lc_ctype_c.o(locale$$code)
    __aeabi_dadd                             0x08002839   Thumb Code     0  daddsub_clz.o(x$fpl$dadd)
    _dadd                                    0x08002839   Thumb Code   332  daddsub_clz.o(x$fpl$dadd)
    __aeabi_d2iz                             0x08002989   Thumb Code     0  dfix.o(x$fpl$dfix)
    _dfix                                    0x08002989   Thumb Code    94  dfix.o(x$fpl$dfix)
    __aeabi_i2d                              0x080029e7   Thumb Code     0  dflt_clz.o(x$fpl$dflt)
    _dflt                                    0x080029e7   Thumb Code    46  dflt_clz.o(x$fpl$dflt)
    __aeabi_dmul                             0x08002a15   Thumb Code     0  dmul.o(x$fpl$dmul)
    _dmul                                    0x08002a15   Thumb Code   332  dmul.o(x$fpl$dmul)
    __fpl_dnaninf                            0x08002b69   Thumb Code   156  dnaninf.o(x$fpl$dnaninf)
    __fpl_dretinf                            0x08002c05   Thumb Code    12  dretinf.o(x$fpl$dretinf)
    __aeabi_dsub                             0x08002c11   Thumb Code     0  daddsub_clz.o(x$fpl$dsub)
    _dsub                                    0x08002c11   Thumb Code   472  daddsub_clz.o(x$fpl$dsub)
    _printf_fp_dec                           0x08002ded   Thumb Code     4  printf1.o(x$fpl$printf1)
    _printf_fp_hex                           0x08002df1   Thumb Code     4  printf2.o(x$fpl$printf2)
    __I$use$fp                               0x08002df4   Number         0  usenofp.o(x$fpl$usenofp)
    Region$$Table$$Base                      0x08003014   Number         0  anon$$obj.o(Region$$Table)
    Region$$Table$$Limit                     0x08003024   Number         0  anon$$obj.o(Region$$Table)
    __ctype                                  0x0800304d   Data           0  lc_ctype_c.o(locale$$data)
    __libspace_start                         0x20000000   Data          96  libspace.o(.bss)
    __temporary_stack_top$libspace           0x20000060   Data           0  libspace.o(.bss)



==============================================================================

Memory Map of the image

  Image Entry point : 0x08000131

  Load Region LR_IROM1 (Base: 0x08000000, Size: 0x00003150, Max: 0x00100000, ABSOLUTE)

    Execution Region ER_IROM1 (Exec base: 0x08000000, Load base: 0x08000000, Size: 0x00003150, Max: 0x00100000, ABSOLUTE)

    Exec Addr    Load Addr    Size         Type   Attr      Idx    E Section Name        Object

    0x08000000   0x08000000   0x00000130   Data   RO           95    RESET               startup_stm32f10x_xl.o
    0x08000130   0x08000130   0x00000008   Code   RO          125  * !!!main             c_w.l(__main.o)
    0x08000138   0x08000138   0x0000005c   Code   RO          484    !!!scatter          c_w.l(__scatter.o)
    0x08000194   0x08000194   0x00000002   Code   RO          485    !!handler_null      c_w.l(__scatter.o)
    0x08000196   0x08000196   0x00000002   PAD
    0x08000198   0x08000198   0x0000001c   Code   RO          488    !!handler_zi        c_w.l(__scatter_zi.o)
    0x080001b4   0x080001b4   0x00000000   Code   RO          227    .ARM.Collect$$_printf_percent$$00000000  c_w.l(_printf_percent.o)
    0x080001b4   0x080001b4   0x00000006   Code   RO          216    .ARM.Collect$$_printf_percent$$00000001  c_w.l(_printf_n.o)
    0x080001ba   0x080001ba   0x00000006   Code   RO          218    .ARM.Collect$$_printf_percent$$00000002  c_w.l(_printf_p.o)
    0x080001c0   0x080001c0   0x00000006   Code   RO          223    .ARM.Collect$$_printf_percent$$00000003  c_w.l(_printf_f.o)
    0x080001c6   0x080001c6   0x00000006   Code   RO          224    .ARM.Collect$$_printf_percent$$00000004  c_w.l(_printf_e.o)
    0x080001cc   0x080001cc   0x00000006   Code   RO          225    .ARM.Collect$$_printf_percent$$00000005  c_w.l(_printf_g.o)
    0x080001d2   0x080001d2   0x00000006   Code   RO          226    .ARM.Collect$$_printf_percent$$00000006  c_w.l(_printf_a.o)
    0x080001d8   0x080001d8   0x0000000a   Code   RO          231    .ARM.Collect$$_printf_percent$$00000007  c_w.l(_printf_ll.o)
    0x080001e2   0x080001e2   0x00000006   Code   RO          220    .ARM.Collect$$_printf_percent$$00000008  c_w.l(_printf_i.o)
    0x080001e8   0x080001e8   0x00000006   Code   RO          221    .ARM.Collect$$_printf_percent$$00000009  c_w.l(_printf_d.o)
    0x080001ee   0x080001ee   0x00000006   Code   RO          222    .ARM.Collect$$_printf_percent$$0000000A  c_w.l(_printf_u.o)
    0x080001f4   0x080001f4   0x00000006   Code   RO          219    .ARM.Collect$$_printf_percent$$0000000B  c_w.l(_printf_o.o)
    0x080001fa   0x080001fa   0x00000006   Code   RO          217    .ARM.Collect$$_printf_percent$$0000000C  c_w.l(_printf_x.o)
    0x08000200   0x08000200   0x00000006   Code   RO          228    .ARM.Collect$$_printf_percent$$0000000D  c_w.l(_printf_lli.o)
    0x08000206   0x08000206   0x00000006   Code   RO          229    .ARM.Collect$$_printf_percent$$0000000E  c_w.l(_printf_lld.o)
    0x0800020c   0x0800020c   0x00000006   Code   RO          230    .ARM.Collect$$_printf_percent$$0000000F  c_w.l(_printf_llu.o)
    0x08000212   0x08000212   0x00000006   Code   RO          235    .ARM.Collect$$_printf_percent$$00000010  c_w.l(_printf_llo.o)
    0x08000218   0x08000218   0x00000006   Code   RO          236    .ARM.Collect$$_printf_percent$$00000011  c_w.l(_printf_llx.o)
    0x0800021e   0x0800021e   0x0000000a   Code   RO          232    .ARM.Collect$$_printf_percent$$00000012  c_w.l(_printf_l.o)
    0x08000228   0x08000228   0x00000006   Code   RO          214    .ARM.Collect$$_printf_percent$$00000013  c_w.l(_printf_c.o)
    0x0800022e   0x0800022e   0x00000006   Code   RO          215    .ARM.Collect$$_printf_percent$$00000014  c_w.l(_printf_s.o)
    0x08000234   0x08000234   0x00000006   Code   RO          233    .ARM.Collect$$_printf_percent$$00000015  c_w.l(_printf_lc.o)
    0x0800023a   0x0800023a   0x00000006   Code   RO          234    .ARM.Collect$$_printf_percent$$00000016  c_w.l(_printf_ls.o)
    0x08000240   0x08000240   0x00000004   Code   RO          282    .ARM.Collect$$_printf_percent$$00000017  c_w.l(_printf_percent_end.o)
    0x08000244   0x08000244   0x00000002   Code   RO          333    .ARM.Collect$$libinit$$00000000  c_w.l(libinit.o)
    0x08000246   0x08000246   0x00000000   Code   RO          351    .ARM.Collect$$libinit$$00000002  c_w.l(libinit2.o)
    0x08000246   0x08000246   0x00000000   Code   RO          353    .ARM.Collect$$libinit$$00000004  c_w.l(libinit2.o)
    0x08000246   0x08000246   0x00000000   Code   RO          355    .ARM.Collect$$libinit$$00000006  c_w.l(libinit2.o)
    0x08000246   0x08000246   0x00000000   Code   RO          358    .ARM.Collect$$libinit$$0000000C  c_w.l(libinit2.o)
    0x08000246   0x08000246   0x00000000   Code   RO          360    .ARM.Collect$$libinit$$0000000E  c_w.l(libinit2.o)
    0x08000246   0x08000246   0x00000000   Code   RO          362    .ARM.Collect$$libinit$$00000010  c_w.l(libinit2.o)
    0x08000246   0x08000246   0x00000006   Code   RO          363    .ARM.Collect$$libinit$$00000011  c_w.l(libinit2.o)
    0x0800024c   0x0800024c   0x00000000   Code   RO          365    .ARM.Collect$$libinit$$00000013  c_w.l(libinit2.o)
    0x0800024c   0x0800024c   0x0000000c   Code   RO          366    .ARM.Collect$$libinit$$00000014  c_w.l(libinit2.o)
    0x08000258   0x08000258   0x00000000   Code   RO          367    .ARM.Collect$$libinit$$00000015  c_w.l(libinit2.o)
    0x08000258   0x08000258   0x00000000   Code   RO          369    .ARM.Collect$$libinit$$00000017  c_w.l(libinit2.o)
    0x08000258   0x08000258   0x0000000a   Code   RO          370    .ARM.Collect$$libinit$$00000018  c_w.l(libinit2.o)
    0x08000262   0x08000262   0x00000000   Code   RO          371    .ARM.Collect$$libinit$$00000019  c_w.l(libinit2.o)
    0x08000262   0x08000262   0x00000000   Code   RO          373    .ARM.Collect$$libinit$$0000001B  c_w.l(libinit2.o)
    0x08000262   0x08000262   0x00000000   Code   RO          375    .ARM.Collect$$libinit$$0000001D  c_w.l(libinit2.o)
    0x08000262   0x08000262   0x00000000   Code   RO          377    .ARM.Collect$$libinit$$0000001F  c_w.l(libinit2.o)
    0x08000262   0x08000262   0x00000000   Code   RO          379    .ARM.Collect$$libinit$$00000021  c_w.l(libinit2.o)
    0x08000262   0x08000262   0x00000000   Code   RO          381    .ARM.Collect$$libinit$$00000023  c_w.l(libinit2.o)
    0x08000262   0x08000262   0x00000000   Code   RO          383    .ARM.Collect$$libinit$$00000025  c_w.l(libinit2.o)
    0x08000262   0x08000262   0x00000000   Code   RO          385    .ARM.Collect$$libinit$$00000027  c_w.l(libinit2.o)
    0x08000262   0x08000262   0x00000000   Code   RO          389    .ARM.Collect$$libinit$$0000002E  c_w.l(libinit2.o)
    0x08000262   0x08000262   0x00000000   Code   RO          391    .ARM.Collect$$libinit$$00000030  c_w.l(libinit2.o)
    0x08000262   0x08000262   0x00000000   Code   RO          393    .ARM.Collect$$libinit$$00000032  c_w.l(libinit2.o)
    0x08000262   0x08000262   0x00000000   Code   RO          395    .ARM.Collect$$libinit$$00000034  c_w.l(libinit2.o)
    0x08000262   0x08000262   0x00000002   Code   RO          396    .ARM.Collect$$libinit$$00000035  c_w.l(libinit2.o)
    0x08000264   0x08000264   0x00000002   Code   RO          420    .ARM.Collect$$libshutdown$$00000000  c_w.l(libshutdown.o)
    0x08000266   0x08000266   0x00000000   Code   RO          435    .ARM.Collect$$libshutdown$$00000002  c_w.l(libshutdown2.o)
    0x08000266   0x08000266   0x00000000   Code   RO          437    .ARM.Collect$$libshutdown$$00000004  c_w.l(libshutdown2.o)
    0x08000266   0x08000266   0x00000000   Code   RO          440    .ARM.Collect$$libshutdown$$00000007  c_w.l(libshutdown2.o)
    0x08000266   0x08000266   0x00000000   Code   RO          443    .ARM.Collect$$libshutdown$$0000000A  c_w.l(libshutdown2.o)
    0x08000266   0x08000266   0x00000000   Code   RO          445    .ARM.Collect$$libshutdown$$0000000C  c_w.l(libshutdown2.o)
    0x08000266   0x08000266   0x00000000   Code   RO          448    .ARM.Collect$$libshutdown$$0000000F  c_w.l(libshutdown2.o)
    0x08000266   0x08000266   0x00000002   Code   RO          449    .ARM.Collect$$libshutdown$$00000010  c_w.l(libshutdown2.o)
    0x08000268   0x08000268   0x00000000   Code   RO          145    .ARM.Collect$$rtentry$$00000000  c_w.l(__rtentry.o)
    0x08000268   0x08000268   0x00000000   Code   RO          251    .ARM.Collect$$rtentry$$00000002  c_w.l(__rtentry2.o)
    0x08000268   0x08000268   0x00000006   Code   RO          263    .ARM.Collect$$rtentry$$00000004  c_w.l(__rtentry4.o)
    0x0800026e   0x0800026e   0x00000000   Code   RO          253    .ARM.Collect$$rtentry$$00000009  c_w.l(__rtentry2.o)
    0x0800026e   0x0800026e   0x00000004   Code   RO          254    .ARM.Collect$$rtentry$$0000000A  c_w.l(__rtentry2.o)
    0x08000272   0x08000272   0x00000000   Code   RO          256    .ARM.Collect$$rtentry$$0000000C  c_w.l(__rtentry2.o)
    0x08000272   0x08000272   0x00000008   Code   RO          257    .ARM.Collect$$rtentry$$0000000D  c_w.l(__rtentry2.o)
    0x0800027a   0x0800027a   0x00000002   Code   RO          341    .ARM.Collect$$rtexit$$00000000  c_w.l(rtexit.o)
    0x0800027c   0x0800027c   0x00000000   Code   RO          398    .ARM.Collect$$rtexit$$00000002  c_w.l(rtexit2.o)
    0x0800027c   0x0800027c   0x00000004   Code   RO          399    .ARM.Collect$$rtexit$$00000003  c_w.l(rtexit2.o)
    0x08000280   0x08000280   0x00000006   Code   RO          400    .ARM.Collect$$rtexit$$00000004  c_w.l(rtexit2.o)
    0x08000286   0x08000286   0x00000002   PAD
    0x08000288   0x08000288   0x00000040   Code   RO           96    .text               startup_stm32f10x_xl.o
    0x080002c8   0x080002c8   0x0000002c   Code   RO          121    .text               c_w.l(sprintf.o)
    0x080002f4   0x080002f4   0x00000006   Code   RO          123    .text               c_w.l(heapauxi.o)
    0x080002fa   0x080002fa   0x0000004e   Code   RO          148    .text               c_w.l(_printf_pad.o)
    0x08000348   0x08000348   0x00000024   Code   RO          150    .text               c_w.l(_printf_truncate.o)
    0x0800036c   0x0800036c   0x00000052   Code   RO          152    .text               c_w.l(_printf_str.o)
    0x080003be   0x080003be   0x00000002   PAD
    0x080003c0   0x080003c0   0x00000078   Code   RO          154    .text               c_w.l(_printf_dec.o)
    0x08000438   0x08000438   0x00000028   Code   RO          156    .text               c_w.l(_printf_charcount.o)
    0x08000460   0x08000460   0x00000030   Code   RO          158    .text               c_w.l(_printf_char_common.o)
    0x08000490   0x08000490   0x0000000a   Code   RO          160    .text               c_w.l(_sputc.o)
    0x0800049a   0x0800049a   0x00000002   PAD
    0x0800049c   0x0800049c   0x000000bc   Code   RO          162    .text               c_w.l(_printf_wctomb.o)
    0x08000558   0x08000558   0x0000007c   Code   RO          165    .text               c_w.l(_printf_longlong_dec.o)
    0x080005d4   0x080005d4   0x00000070   Code   RO          171    .text               c_w.l(_printf_oct_int_ll.o)
    0x08000644   0x08000644   0x00000094   Code   RO          191    .text               c_w.l(_printf_hex_int_ll_ptr.o)
    0x080006d8   0x080006d8   0x00000188   Code   RO          211    .text               c_w.l(__printf_flags_ss_wp.o)
    0x08000860   0x08000860   0x0000008a   Code   RO          265    .text               c_w.l(lludiv10.o)
    0x080008ea   0x080008ea   0x000000b2   Code   RO          267    .text               c_w.l(_printf_intcommon.o)
    0x0800099c   0x0800099c   0x0000041c   Code   RO          269    .text               c_w.l(_printf_fp_dec.o)
    0x08000db8   0x08000db8   0x000002fc   Code   RO          273    .text               c_w.l(_printf_fp_hex.o)
    0x080010b4   0x080010b4   0x0000002c   Code   RO          278    .text               c_w.l(_printf_char.o)
    0x080010e0   0x080010e0   0x0000002c   Code   RO          280    .text               c_w.l(_printf_wchar.o)
    0x0800110c   0x0800110c   0x00000048   Code   RO          283    .text               c_w.l(_c16rtomb.o)
    0x08001154   0x08001154   0x0000004a   Code   RO          285    .text               c_w.l(sys_stackheap_outer.o)
    0x0800119e   0x0800119e   0x00000002   PAD
    0x080011a0   0x080011a0   0x00000010   Code   RO          287    .text               c_w.l(rt_ctype_table.o)
    0x080011b0   0x080011b0   0x00000008   Code   RO          292    .text               c_w.l(rt_locale_intlibspace.o)
    0x080011b8   0x080011b8   0x00000080   Code   RO          294    .text               c_w.l(_printf_fp_infnan.o)
    0x08001238   0x08001238   0x000000e4   Code   RO          296    .text               c_w.l(bigflt0.o)
    0x0800131c   0x0800131c   0x00000012   Code   RO          326    .text               c_w.l(exit.o)
    0x0800132e   0x0800132e   0x00000002   PAD
    0x08001330   0x08001330   0x00000008   Code   RO          338    .text               c_w.l(libspace.o)
    0x08001338   0x08001338   0x00000080   Code   RO          348    .text               c_w.l(strcmpv7m.o)
    0x080013b8   0x080013b8   0x0000000c   Code   RO          410    .text               c_w.l(sys_exit.o)
    0x080013c4   0x080013c4   0x00000002   Code   RO          425    .text               c_w.l(use_no_semi.o)
    0x080013c6   0x080013c6   0x00000000   Code   RO          427    .text               c_w.l(indicate_semi.o)
    0x080013c6   0x080013c6   0x00000002   PAD
    0x080013c8   0x080013c8   0x00000008   Code   RO          105    .text.SetSysClock   system_stm32f10x.o
    0x080013d0   0x080013d0   0x00000122   Code   RO          109    .text.SetSysClockTo72  system_stm32f10x.o
    0x080014f2   0x080014f2   0x00000002   PAD
    0x080014f4   0x080014f4   0x00000028   Code   RO            6    .text.SysTick_Handler  main.o
    0x0800151c   0x0800151c   0x00000066   Code   RO          103    .text.SystemInit    system_stm32f10x.o
    0x08001582   0x08001582   0x00000002   PAD
    0x08001584   0x08001584   0x00000252   Code   RO            8    .text.USART2_IRQHandler  main.o
    0x080017d6   0x080017d6   0x00000002   PAD
    0x080017d8   0x080017d8   0x00000030   Code   RO           27    .text.__NVIC_EnableIRQ  usart.o
    0x08001808   0x08001808   0x00000030   Code   RO           74    .text.__NVIC_EnableIRQ  systick.o
    0x08001838   0x08001838   0x0000002e   Code   RO           64    .text.adc_setup     adc.o
    0x08001866   0x08001866   0x00000002   PAD
    0x08001868   0x08001868   0x00000068   Code   RO           55    .text.change_duty   pwm.o
    0x080018d0   0x080018d0   0x00000036   Code   RO           35    .text.clear_array   usart.o
    0x08001906   0x08001906   0x00000002   PAD
    0x08001908   0x08001908   0x000001e2   Code   RO           43    .text.cli_receive   usart.o
    0x08001aea   0x08001aea   0x00000002   PAD
    0x08001aec   0x08001aec   0x00000042   Code   RO           39    .text.cli_setup     usart.o
    0x08001b2e   0x08001b2e   0x00000002   PAD
    0x08001b30   0x08001b30   0x000000ee   Code   RO           41    .text.cli_update    usart.o
    0x08001c1e   0x08001c1e   0x00000002   PAD
    0x08001c20   0x08001c20   0x00000022   Code   RO           33    .text.get_size      usart.o
    0x08001c42   0x08001c42   0x00000002   PAD
    0x08001c44   0x08001c44   0x000000b0   Code   RO            2    .text.main          main.o
    0x08001cf4   0x08001cf4   0x00000038   Code   RO           83    .text.pid_init      pid.o
    0x08001d2c   0x08001d2c   0x000000fe   Code   RO           85    .text.pid_update    pid.o
    0x08001e2a   0x08001e2a   0x00000002   PAD
    0x08001e2c   0x08001e2c   0x00000098   Code   RO           53    .text.pwm_setup     pwm.o
    0x08001ec4   0x08001ec4   0x00000038   Code   RO           72    .text.systick_setup  systick.o
    0x08001efc   0x08001efc   0x00000022   Code   RO            4    .text.time_delay    main.o
    0x08001f1e   0x08001f1e   0x00000002   PAD
    0x08001f20   0x08001f20   0x0000001a   Code   RO           29    .text.usart_get     usart.o
    0x08001f3a   0x08001f3a   0x00000002   PAD
    0x08001f3c   0x08001f3c   0x00000040   Code   RO           37    .text.usart_print   usart.o
    0x08001f7c   0x08001f7c   0x0000002e   Code   RO           31    .text.usart_put     usart.o
    0x08001faa   0x08001faa   0x00000002   PAD
    0x08001fac   0x08001fac   0x0000006a   Code   RO           25    .text.usart_setup   usart.o
    0x08002016   0x08002016   0x0000003e   Code   RO          299    CL$$btod_d2e        c_w.l(btod.o)
    0x08002054   0x08002054   0x00000046   Code   RO          301    CL$$btod_d2e_denorm_low  c_w.l(btod.o)
    0x0800209a   0x0800209a   0x00000060   Code   RO          300    CL$$btod_d2e_norm_op1  c_w.l(btod.o)
    0x080020fa   0x080020fa   0x00000002   PAD
    0x080020fc   0x080020fc   0x00000338   Code   RO          309    CL$$btod_div_common  c_w.l(btod.o)
    0x08002434   0x08002434   0x000000dc   Code   RO          306    CL$$btod_e2e        c_w.l(btod.o)
    0x08002510   0x08002510   0x0000002a   Code   RO          303    CL$$btod_ediv       c_w.l(btod.o)
    0x0800253a   0x0800253a   0x0000002a   Code   RO          302    CL$$btod_emul       c_w.l(btod.o)
    0x08002564   0x08002564   0x00000244   Code   RO          308    CL$$btod_mult_common  c_w.l(btod.o)
    0x080027a8   0x080027a8   0x00000028   Code   RO          336    i.__ARM_fpclassify  m_ws.l(fpclassify.o)
    0x080027d0   0x080027d0   0x0000000e   Code   RO          204    i._is_digit         c_w.l(__printf_wp.o)
    0x080027de   0x080027de   0x00000002   PAD
    0x080027e0   0x080027e0   0x0000002c   Code   RO          324    locale$$code        c_w.l(lc_numeric_c.o)
    0x0800280c   0x0800280c   0x0000002c   Code   RO          346    locale$$code        c_w.l(lc_ctype_c.o)
    0x08002838   0x08002838   0x00000150   Code   RO          127    x$fpl$dadd          fz_ws.l(daddsub_clz.o)
    0x08002988   0x08002988   0x0000005e   Code   RO          133    x$fpl$dfix          fz_ws.l(dfix.o)
    0x080029e6   0x080029e6   0x0000002e   Code   RO          138    x$fpl$dflt          fz_ws.l(dflt_clz.o)
    0x08002a14   0x08002a14   0x00000154   Code   RO          143    x$fpl$dmul          fz_ws.l(dmul.o)
    0x08002b68   0x08002b68   0x0000009c   Code   RO          237    x$fpl$dnaninf       fz_ws.l(dnaninf.o)
    0x08002c04   0x08002c04   0x0000000c   Code   RO          239    x$fpl$dretinf       fz_ws.l(dretinf.o)
    0x08002c10   0x08002c10   0x000001dc   Code   RO          129    x$fpl$dsub          fz_ws.l(daddsub_clz.o)
    0x08002dec   0x08002dec   0x00000004   Code   RO          241    x$fpl$printf1       fz_ws.l(printf1.o)
    0x08002df0   0x08002df0   0x00000004   Code   RO          243    x$fpl$printf2       fz_ws.l(printf2.o)
    0x08002df4   0x08002df4   0x00000000   Code   RO          249    x$fpl$usenofp       fz_ws.l(usenofp.o)
    0x08002df4   0x08002df4   0x00000008   Data   RO          163    .constdata          c_w.l(_printf_wctomb.o)
    0x08002dfc   0x08002dfc   0x00000028   Data   RO          192    .constdata          c_w.l(_printf_hex_int_ll_ptr.o)
    0x08002e24   0x08002e24   0x00000011   Data   RO          212    .constdata          c_w.l(__printf_flags_ss_wp.o)
    0x08002e35   0x08002e35   0x00000026   Data   RO          274    .constdata          c_w.l(_printf_fp_hex.o)
    0x08002e5b   0x08002e5b   0x00000001   PAD
    0x08002e5c   0x08002e5c   0x00000094   Data   RO          297    .constdata          c_w.l(bigflt0.o)
    0x08002ef0   0x08002ef0   0x0000002f   Data   RO           16    .rodata.PROGRAM_VERSION  main.o
    0x08002f1f   0x08002f1f   0x000000f2   Data   RO           15    .rodata.str1.1      main.o
    0x08003011   0x08003011   0x00000003   Data   RO           45    .rodata.str1.1      usart.o
    0x08003014   0x08003014   0x00000010   Data   RO          483    Region$$Table       anon$$obj.o
    0x08003024   0x08003024   0x0000001c   Data   RO          323    locale$$data        c_w.l(lc_numeric_c.o)
    0x08003040   0x08003040   0x00000110   Data   RO          345    locale$$data        c_w.l(lc_ctype_c.o)


    Execution Region RW_IRAM1 (Exec base: 0x20000000, Load base: 0x08003150, Size: 0x00000688, Max: 0x00018000, ABSOLUTE)

    Exec Addr    Load Addr    Size         Type   Attr      Idx    E Section Name        Object

    0x20000000        -       0x00000060   Zero   RW          339    .bss                c_w.l(libspace.o)
    0x20000060        -       0x00000014   Zero   RW           13    .bss.BUFFER         main.o
    0x20000074        -       0x00000004   Zero   RW           14    .bss.CLI_COUNTER    main.o
    0x20000078        -       0x00000004   Zero   RW           11    .bss.CURRENT_ADC    main.o
    0x2000007c        -       0x00000004   Zero   RW           10    .bss.CURRENT_PULSE  main.o
    0x20000080        -       0x00000001   Zero   RW           12    .bss.SELF_BALANCING  main.o
    0x20000081   0x08003150   0x00000007   PAD
    0x20000088        -       0x00000200   Zero   RW           94    HEAP                startup_stm32f10x_xl.o
    0x20000288        -       0x00000400   Zero   RW           93    STACK               startup_stm32f10x_xl.o


==============================================================================

Image component sizes


      Code (inc. data)   RO Data    RW Data    ZI Data      Debug   Object Name

        46          0          0          0          0       1222   adc.o
       844         10        289          0         33       4172   main.o
       310          0          0          0          0       1327   pid.o
       256          0          0          0          0       2267   pwm.o
        64         26        304          0       1536        840   startup_stm32f10x_xl.o
       400          0          0          0          0       3096   system_stm32f10x.o
       104          0          0          0          0       3015   systick.o
      1164          0          3          0          0       5892   usart.o

    ----------------------------------------------------------------------
      3214         36        612          0       1576      21831   Object Totals
         0          0         16          0          0          0   (incl. Generated)
        26          0          0          0          7          0   (incl. Padding)

    ----------------------------------------------------------------------

      Code (inc. data)   RO Data    RW Data    ZI Data      Debug   Library Member Name

         8          0          0          0          0         68   __main.o
       392          4         17          0          0         92   __printf_flags_ss_wp.o
        14          0          0          0          0         68   __printf_wp.o
         0          0          0          0          0          0   __rtentry.o
        12          0          0          0          0          0   __rtentry2.o
         6          0          0          0          0          0   __rtentry4.o
        94          8          0          0          0          0   __scatter.o
        28          0          0          0          0          0   __scatter_zi.o
        72          0          0          0          0         96   _c16rtomb.o
         6          0          0          0          0          0   _printf_a.o
         6          0          0          0          0          0   _printf_c.o
        44          0          0          0          0        108   _printf_char.o
        48          6          0          0          0         96   _printf_char_common.o
        40          0          0          0          0         68   _printf_charcount.o
         6          0          0          0          0          0   _printf_d.o
       120         16          0          0          0         92   _printf_dec.o
         6          0          0          0          0          0   _printf_e.o
         6          0          0          0          0          0   _printf_f.o
      1052          0          0          0          0        148   _printf_fp_dec.o
       764          8         38          0          0        100   _printf_fp_hex.o
       128         16          0          0          0         84   _printf_fp_infnan.o
         6          0          0          0          0          0   _printf_g.o
       148          4         40          0          0        160   _printf_hex_int_ll_ptr.o
         6          0          0          0          0          0   _printf_i.o
       178          0          0          0          0         88   _printf_intcommon.o
        10          0          0          0          0          0   _printf_l.o
         6          0          0          0          0          0   _printf_lc.o
        10          0          0          0          0          0   _printf_ll.o
         6          0          0          0          0          0   _printf_lld.o
         6          0          0          0          0          0   _printf_lli.o
         6          0          0          0          0          0   _printf_llo.o
         6          0          0          0          0          0   _printf_llu.o
         6          0          0          0          0          0   _printf_llx.o
       124         16          0          0          0         92   _printf_longlong_dec.o
         6          0          0          0          0          0   _printf_ls.o
         6          0          0          0          0          0   _printf_n.o
         6          0          0          0          0          0   _printf_o.o
       112          8          0          0          0        124   _printf_oct_int_ll.o
         6          0          0          0          0          0   _printf_p.o
        78          0          0          0          0        108   _printf_pad.o
         0          0          0          0          0          0   _printf_percent.o
         4          0          0          0          0          0   _printf_percent_end.o
         6          0          0          0          0          0   _printf_s.o
        82          0          0          0          0         80   _printf_str.o
        36          0          0          0          0         84   _printf_truncate.o
         6          0          0          0          0          0   _printf_u.o
        44          0          0          0          0        108   _printf_wchar.o
       188          6          8          0          0         92   _printf_wctomb.o
         6          0          0          0          0          0   _printf_x.o
        10          0          0          0          0         68   _sputc.o
       228          4        148          0          0         96   bigflt0.o
      1936        128          0          0          0        668   btod.o
        18          0          0          0          0         80   exit.o
         6          0          0          0          0        152   heapauxi.o
         0          0          0          0          0          0   indicate_semi.o
        44         10        272          0          0         76   lc_ctype_c.o
        44         10         28          0          0         76   lc_numeric_c.o
         2          0          0          0          0          0   libinit.o
        30          0          0          0          0          0   libinit2.o
         2          0          0          0          0          0   libshutdown.o
         2          0          0          0          0          0   libshutdown2.o
         8          4          0          0         96         68   libspace.o
       138          0          0          0          0         80   lludiv10.o
        16          4          0          0          0         76   rt_ctype_table.o
         8          4          0          0          0         68   rt_locale_intlibspace.o
         2          0          0          0          0          0   rtexit.o
        10          0          0          0          0          0   rtexit2.o
        44          6          0          0          0         84   sprintf.o
       128          0          0          0          0         68   strcmpv7m.o
        12          4          0          0          0         68   sys_exit.o
        74          0          0          0          0         80   sys_stackheap_outer.o
         2          0          0          0          0         68   use_no_semi.o
       812         16          0          0          0        296   daddsub_clz.o
        94          4          0          0          0         92   dfix.o
        46          0          0          0          0         68   dflt_clz.o
       340         12          0          0          0        104   dmul.o
       156          4          0          0          0         92   dnaninf.o
        12          0          0          0          0         68   dretinf.o
         4          0          0          0          0         68   printf1.o
         4          0          0          0          0         68   printf2.o
         0          0          0          0          0          0   usenofp.o
        40          0          0          0          0         68   fpclassify.o

    ----------------------------------------------------------------------
      8246        302        552          0         96       4756   Library Totals
        18          0          1          0          0          0   (incl. Padding)

    ----------------------------------------------------------------------

      Code (inc. data)   RO Data    RW Data    ZI Data      Debug   Library Name

      6720        266        551          0         96       3832   c_w.l
      1468         36          0          0          0        856   fz_ws.l
        40          0          0          0          0         68   m_ws.l

    ----------------------------------------------------------------------
      8246        302        552          0         96       4756   Library Totals

    ----------------------------------------------------------------------

==============================================================================


      Code (inc. data)   RO Data    RW Data    ZI Data      Debug   

     11460        338       1164          0       1672      23967   Grand Totals
     11460        338       1164          0       1672      23967   ELF Image Totals
     11460        338       1164          0          0          0   ROM Totals

==============================================================================

    Total RO  Size (Code + RO Data)                12624 (  12.33kB)
    Total RW  Size (RW Data + ZI Data)              1672 (   1.63kB)
    Total ROM Size (Code + RO Data + RW Data)      12624 (  12.33kB)

==============================================================================

