Component: ARM Compiler 6.9 Tool: armlink [5ced1b00]

==============================================================================

Section Cross References

    main.o(.text.main) refers to usart.o(.text.usart_setup) for usart_setup
    main.o(.text.main) refers to usart.o(.text.cli_setup) for cli_setup
    main.o(.text.main) refers to pwm.o(.text.pwm_setup) for pwm_setup
    main.o(.text.main) refers to adc.o(.text.adc_setup) for adc_setup
    main.o(.text.main) refers to systick.o(.text.systick_setup) for systick_setup
    main.o(.text.main) refers to pid.o(.text.pid_init) for pid_init
    main.o(.text.main) refers to main.o(.bss.CURRENT_PULSE) for CURRENT_PULSE
    main.o(.text.main) refers to main.o(.bss.CURRENT_ADC) for CURRENT_ADC
    main.o(.text.main) refers to main.o(.bss.SELF_BALANCING) for SELF_BALANCING
    main.o(.text.main) refers to pid.o(.text.pid_update) for pid_update
    main.o(.text.main) refers to main.o(.text.time_delay) for time_delay
    main.o(.ARM.exidx.text.main) refers to main.o(.text.main) for [Anonymous Symbol]
    main.o(.ARM.exidx.text.time_delay) refers to main.o(.text.time_delay) for [Anonymous Symbol]
    main.o(.text.SysTick_Handler) refers to main.o(.bss.CURRENT_PULSE) for CURRENT_PULSE
    main.o(.text.SysTick_Handler) refers to main.o(.bss.CURRENT_ADC) for CURRENT_ADC
    main.o(.text.SysTick_Handler) refers to usart.o(.text.cli_update) for cli_update
    main.o(.ARM.exidx.text.SysTick_Handler) refers to main.o(.text.SysTick_Handler) for [Anonymous Symbol]
    main.o(.text.USART2_IRQHandler) refers to main.o(.bss.CLI_COUNTER) for CLI_COUNTER
    main.o(.text.USART2_IRQHandler) refers to main.o(.bss.BUFFER) for BUFFER
    main.o(.text.USART2_IRQHandler) refers to usart.o(.text.cli_receive) for cli_receive
    main.o(.text.USART2_IRQHandler) refers to main.o(.rodata.str1.1) for .L.str
    main.o(.text.USART2_IRQHandler) refers to usart.o(.text.usart_print) for usart_print
    main.o(.text.USART2_IRQHandler) refers to pwm.o(.text.change_duty) for change_duty
    main.o(.text.USART2_IRQHandler) refers to main.o(.bss.SELF_BALANCING) for SELF_BALANCING
    main.o(.ARM.exidx.text.USART2_IRQHandler) refers to main.o(.text.USART2_IRQHandler) for [Anonymous Symbol]
    usart.o(.text.usart_setup) refers to usart.o(.text.__NVIC_EnableIRQ) for __NVIC_EnableIRQ
    usart.o(.ARM.exidx.text.usart_setup) refers to usart.o(.text.usart_setup) for [Anonymous Symbol]
    usart.o(.ARM.exidx.text.__NVIC_EnableIRQ) refers to usart.o(.text.__NVIC_EnableIRQ) for [Anonymous Symbol]
    usart.o(.ARM.exidx.text.usart_get) refers to usart.o(.text.usart_get) for [Anonymous Symbol]
    usart.o(.ARM.exidx.text.usart_put) refers to usart.o(.text.usart_put) for [Anonymous Symbol]
    usart.o(.ARM.exidx.text.get_size) refers to usart.o(.text.get_size) for [Anonymous Symbol]
    usart.o(.text.clear_array) refers to usart.o(.text.get_size) for get_size
    usart.o(.ARM.exidx.text.clear_array) refers to usart.o(.text.clear_array) for [Anonymous Symbol]
    usart.o(.text.usart_print) refers to usart.o(.text.get_size) for get_size
    usart.o(.text.usart_print) refers to usart.o(.text.usart_put) for usart_put
    usart.o(.ARM.exidx.text.usart_print) refers to usart.o(.text.usart_print) for [Anonymous Symbol]
    usart.o(.text.cli_setup) refers to usart.o(.text.usart_print) for usart_print
    usart.o(.ARM.exidx.text.cli_setup) refers to usart.o(.text.cli_setup) for [Anonymous Symbol]
    usart.o(.text.cli_update) refers to usart.o(.text.usart_print) for usart_print
    usart.o(.text.cli_update) refers to usart.o(.rodata.str1.1) for .L.str
    usart.o(.text.cli_update) refers to sprintf.o(.text) for sprintf
    usart.o(.ARM.exidx.text.cli_update) refers to usart.o(.text.cli_update) for [Anonymous Symbol]
    usart.o(.text.cli_receive) refers to usart.o(.text.usart_get) for usart_get
    usart.o(.text.cli_receive) refers to usart.o(.text.clear_array) for clear_array
    usart.o(.text.cli_receive) refers to usart.o(.rodata.str1.1) for .L.str.1
    usart.o(.text.cli_receive) refers to usart.o(.text.usart_print) for usart_print
    usart.o(.text.cli_receive) refers to usart.o(.text.usart_put) for usart_put
    usart.o(.ARM.exidx.text.cli_receive) refers to usart.o(.text.cli_receive) for [Anonymous Symbol]
    pwm.o(.ARM.exidx.text.pwm_setup) refers to pwm.o(.text.pwm_setup) for [Anonymous Symbol]
    pwm.o(.ARM.exidx.text.change_duty) refers to pwm.o(.text.change_duty) for [Anonymous Symbol]
    adc.o(.ARM.exidx.text.adc_setup) refers to adc.o(.text.adc_setup) for [Anonymous Symbol]
    systick.o(.text.systick_setup) refers to systick.o(.text.__NVIC_EnableIRQ) for __NVIC_EnableIRQ
    systick.o(.ARM.exidx.text.systick_setup) refers to systick.o(.text.systick_setup) for [Anonymous Symbol]
    systick.o(.ARM.exidx.text.__NVIC_EnableIRQ) refers to systick.o(.text.__NVIC_EnableIRQ) for [Anonymous Symbol]
[...]
    ../clib/signal.c                         0x00000000   Number         0  defsig_rtmem_formal.o ABSOLUTE
    ../clib/signal.c                         0x00000000   Number         0  defsig_general.o ABSOLUTE
    ../clib/signal.c                         0x00000000   Number         0  defsig_segv_inner.o ABSOLUTE
    ../clib/signal.c                         0x00000000   Number         0  defsig_fpe_inner.o ABSOLUTE
    ../clib/signal.c                         0x00000000   Number         0  defsig_cppl_inner.o ABSOLUTE
    ../clib/signal.c                         0x00000000   Number         0  defsig_exit.o ABSOLUTE
    ../clib/signal.s                         0x00000000   Number         0  defsig.o ABSOLUTE
    ../clib/stdlib.c                         0x00000000   Number         0  exit.o ABSOLUTE
    ../fplib/daddsub.s                       0x00000000   Number         0  daddsub_clz.o ABSOLUTE
    ../fplib/dcmp.s                          0x00000000   Number         0  dcmp.o ABSOLUTE
    ../fplib/dcmpi.s                         0x00000000   Number         0  dcmpi.o ABSOLUTE
    ../fplib/deqf.s                          0x00000000   Number         0  deqf.o ABSOLUTE
    ../fplib/dfix.s                          0x00000000   Number         0  dfix.o ABSOLUTE
    ../fplib/dflt.s                          0x00000000   Number         0  dflt_clz.o ABSOLUTE
    ../fplib/dgeqf.s                         0x00000000   Number         0  dgeqf.o ABSOLUTE
    ../fplib/dleqf.s                         0x00000000   Number         0  dleqf.o ABSOLUTE
    ../fplib/dmul.s                          0x00000000   Number         0  dmul.o ABSOLUTE
    ../fplib/dnaninf.s                       0x00000000   Number         0  dnaninf.o ABSOLUTE
    ../fplib/dretinf.s                       0x00000000   Number         0  dretinf.o ABSOLUTE
    ../fplib/fpinit.s                        0x00000000   Number         0  fpinit.o ABSOLUTE
    ../fplib/istatus.s                       0x00000000   Number         0  istatus.o ABSOLUTE
    ../fplib/printf1.s                       0x00000000   Number         0  printf1.o ABSOLUTE
    ../fplib/printf2.s                       0x00000000   Number         0  printf2.o ABSOLUTE
    ../fplib/printf2a.s                      0x00000000   Number         0  printf2a.o ABSOLUTE
    ../fplib/printf2b.s                      0x00000000   Number         0  printf2b.o ABSOLUTE
    ../fplib/usenofp.s                       0x00000000   Number         0  usenofp.o ABSOLUTE
    ../mathlib/fpclassify.c                  0x00000000   Number         0  fpclassify.o ABSOLUTE
    RTE\Device\STM32F103ZG\startup_stm32f10x_xl.s 0x00000000   Number         0  startup_stm32f10x_xl.o ABSOLUTE
    adc.c                                    0x00000000   Number         0  adc.o ABSOLUTE
    dc.s                                     0x00000000   Number         0  dc.o ABSOLUTE
    main.c                                   0x00000000   Number         0  main.o ABSOLUTE
    pid.c                                    0x00000000   Number         0  pid.o ABSOLUTE
    pwm.c                                    0x00000000   Number         0  pwm.o ABSOLUTE
    system_stm32f10x.c                       0x00000000   Number         0  system_stm32f10x.o ABSOLUTE
    systick.c                                0x00000000   Number         0  systick.o ABSOLUTE
    usart.c                                  0x00000000   Number         0  usart.o ABSOLUTE
    RESET                                    0x08000000   Section      304  startup_stm32f10x_xl.o(RESET)
    !!!main                                  0x08000130   Section        8  __main.o(!!!main)
    !!!scatter                               0x08000138   Section       52  __scatter.o(!!!scatter)
    !!handler_zi                             0x0800016c   Section       28  __scatter_zi.o(!!handler_zi)
    .ARM.Collect$$_printf_percent$$00000000  0x08000188   Section        0  _printf_percent.o(.ARM.Collect$$_printf_percent$$00000000)
    .ARM.Collect$$_printf_percent$$00000001  0x08000188   Section        6  _printf_n.o(.ARM.Collect$$_printf_percent$$00000001)
    .ARM.Collect$$_printf_percent$$00000002  0x0800018e   Section        6  _printf_p.o(.ARM.Collect$$_printf_percent$$00000002)
    .ARM.Collect$$_printf_percent$$00000003  0x08000194   Section        6  _printf_f.o(.ARM.Collect$$_printf_percent$$00000003)
    .ARM.Collect$$_printf_percent$$00000004  0x0800019a   Section        6  _printf_e.o(.ARM.Collect$$_printf_percent$$00000004)
    .ARM.Collect$$_printf_percent$$00000005  0x080001a0   Section        6  _printf_g.o(.ARM.Collect$$_printf_percent$$00000005)
    .ARM.Collect$$_printf_percent$$00000006  0x080001a6   Section        6  _printf_a.o(.ARM.Collect$$_printf_percent$$00000006)
    .ARM.Collect$$_printf_percent$$00000007  0x080001ac   Section       10  _printf_ll.o(.ARM.Collect$$_printf_percent$$00000007)
    .ARM.Collect$$_printf_percent$$00000008  0x080001b6   Section        6  _printf_i.o(.ARM.Collect$$_printf_percent$$00000008)
    .ARM.Collect$$_printf_percent$$00000009  0x080001bc   Section        6  _printf_d.o(.ARM.Collect$$_printf_percent$$00000009)
    .ARM.Collect$$_printf_percent$$0000000A  0x080001c2   Section        6  _printf_u.o(.ARM.Collect$$_printf_percent$$0000000A)
    .ARM.Collect$$_printf_percent$$0000000B  0x080001c8   Section        6  _printf_o.o(.ARM.Collect$$_printf_percent$$0000000B)
    .ARM.Collect$$_printf_percent$$0000000C  0x080001ce   Section        6  _printf_x.o(.ARM.Collect$$_printf_percent$$0000000C)
    .ARM.Collect$$_printf_percent$$0000000D  0x080001d4   Section        6  _printf_lli.o(.ARM.Collect$$_printf_percent$$0000000D)
    .ARM.Collect$$_printf_percent$$0000000E  0x080001da   Section        6  _printf_lld.o(.ARM.Collect$$_printf_percent$$0000000E)
    .ARM.Collect$$_printf_percent$$0000000F  0x080001e0   Section        6  _printf_llu.o(.ARM.Collect$$_printf_percent$$0000000F)
    .ARM.Collect$$_printf_percent$$00000010  0x080001e6   Section        6  _printf_llo.o(.ARM.Collect$$_printf_percent$$00000010)
    .ARM.Collect$$_printf_percent$$00000011  0x080001ec   Section        6  _printf_llx.o(.ARM.Collect$$_printf_percent$$00000011)
    .ARM.Collect$$_printf_percent$$00000012  0x080001f2   Section       10  _printf_l.o(.ARM.Collect$$_printf_percent$$00000012)
    .ARM.Collect$$_printf_percent$$00000013  0x080001fc   Section        6  _printf_c.o(.ARM.Collect$$_printf_percent$$00000013)
    .ARM.Collect$$_printf_percent$$00000014  0x08000202   Section        6  _printf_s.o(.ARM.Collect$$_printf_percent$$00000014)
    .ARM.Collect$$_printf_percent$$00000015  0x08000208   Section        6  _printf_lc.o(.ARM.Collect$$_printf_percent$$00000015)
    .ARM.Collect$$_printf_percent$$00000016  0x0800020e   Section        6  _printf_ls.o(.ARM.Collect$$_printf_percent$$00000016)
    .ARM.Collect$$_printf_percent$$00000017  0x08000214   Section        4  _printf_percent_end.o(.ARM.Collect$$_printf_percent$$00000017)
    .ARM.Collect$$libinit$$00000000          0x08000218   Section        2  libinit.o(.ARM.Collect$$libinit$$00000000)
    .ARM.Collect$$libinit$$00000002          0x0800021a   Section        0  libinit2.o(.ARM.Collect$$libinit$$00000002)
    .ARM.Collect$$libinit$$00000004          0x0800021a   Section        0  libinit2.o(.ARM.Collect$$libinit$$00000004)
    .ARM.Collect$$libinit$$0000000A          0x0800021a   Section        0  libinit2.o(.ARM.Collect$$libinit$$0000000A)
    .ARM.Collect$$libinit$$0000000C          0x0800021a   Section        0  libinit2.o(.ARM.Collect$$libinit$$0000000C)
    .ARM.Collect$$libinit$$0000000E          0x0800021a   Section        0  libinit2.o(.ARM.Collect$$libinit$$0000000E)
    .ARM.Collect$$libinit$$0000000F          0x0800021a   Section        6  libinit2.o(.ARM.Collect$$libinit$$0000000F)
    .ARM.Collect$$libinit$$00000011          0x08000220   Section        0  libinit2.o(.ARM.Collect$$libinit$$00000011)
    .ARM.Collect$$libinit$$00000012          0x08000220   Section       12  libinit2.o(.ARM.Collect$$libinit$$00000012)
    .ARM.Collect$$libinit$$00000013          0x0800022c   Section        0  libinit2.o(.ARM.Collect$$libinit$$00000013)
    .ARM.Collect$$libinit$$00000015          0x0800022c   Section        0  libinit2.o(.ARM.Collect$$libinit$$00000015)
    .ARM.Collect$$libinit$$00000016          0x0800022c   Section       10  libinit2.o(.ARM.Collect$$libinit$$00000016)
    .ARM.Collect$$libinit$$00000017          0x08000236   Section        0  libinit2.o(.ARM.Collect$$libinit$$00000017)
    .ARM.Collect$$libinit$$00000019          0x08000236   Section        0  libinit2.o(.ARM.Collect$$libinit$$00000019)
    .ARM.Collect$$libinit$$0000001B          0x08000236   Section        0  libinit2.o(.ARM.Collect$$libinit$$0000001B)
    .ARM.Collect$$libinit$$0000001D          0x08000236   Section        0  libinit2.o(.ARM.Collect$$libinit$$0000001D)
    .ARM.Collect$$libinit$$0000001F          0x08000236   Section        0  libinit2.o(.ARM.Collect$$libinit$$0000001F)
    .ARM.Collect$$libinit$$00000021          0x08000236   Section        0  libinit2.o(.ARM.Collect$$libinit$$00000021)
    .ARM.Collect$$libinit$$00000023          0x08000236   Section        0  libinit2.o(.ARM.Collect$$libinit$$00000023)
    .ARM.Collect$$libinit$$00000025          0x08000236   Section        0  libinit2.o(.ARM.Collect$$libinit$$00000025)
    .ARM.Collect$$libinit$$00000027          0x08000236   Section        8  libinit2.o(.ARM.Collect$$libinit$$00000027)
    .ARM.Collect$$libinit$$0000002E          0x0800023e   Section        0  libinit2.o(.ARM.Collect$$libinit$$0000002E)
    .ARM.Collect$$libinit$$00000030          0x0800023e   Section        0  libinit2.o(.ARM.Collect$$libinit$$00000030)
    .ARM.Collect$$libinit$$00000032          0x0800023e   Section        0  libinit2.o(.ARM.Collect$$libinit$$00000032)
    .ARM.Collect$$libinit$$00000033          0x0800023e   Section        2  libinit2.o(.ARM.Collect$$libinit$$00000033)
    .ARM.Collect$$libshutdown$$00000000      0x08000240   Section        2  libshutdown.o(.ARM.Collect$$libshutdown$$00000000)
    .ARM.Collect$$libshutdown$$00000002      0x08000242   Section        0  libshutdown2.o(.ARM.Collect$$libshutdown$$00000002)
    .ARM.Collect$$libshutdown$$00000004      0x08000242   Section        0  libshutdown2.o(.ARM.Collect$$libshutdown$$00000004)
    .ARM.Collect$$libshutdown$$00000007      0x08000242   Section        0  libshutdown2.o(.ARM.Collect$$libshutdown$$00000007)
    .ARM.Collect$$libshutdown$$0000000A      0x08000242   Section        0  libshutdown2.o(.ARM.Collect$$libshutdown$$0000000A)
    .ARM.Collect$$libshutdown$$0000000C      0x08000242   Section        0  libshutdown2.o(.ARM.Collect$$libshutdown$$0000000C)
    .ARM.Collect$$libshutdown$$0000000F      0x08000242   Section        0  libshutdown2.o(.ARM.Collect$$libshutdown$$0000000F)
    .ARM.Collect$$libshutdown$$00000010      0x08000242   Section        2  libshutdown2.o(.ARM.Collect$$libshutdown$$00000010)
    .ARM.Collect$$rtentry$$00000000          0x08000244   Section        0  __rtentry.o(.ARM.Collect$$rtentry$$00000000)
    .ARM.Collect$$rtentry$$00000002          0x08000244   Section        0  __rtentry2.o(.ARM.Collect$$rtentry$$00000002)
    .ARM.Collect$$rtentry$$00000004          0x08000244   Section        6  __rtentry4.o(.ARM.Collect$$rtentry$$00000004)
    .ARM.Collect$$rtentry$$00000009          0x0800024a   Section        0  __rtentry2.o(.ARM.Collect$$rtentry$$00000009)
    .ARM.Collect$$rtentry$$0000000A          0x0800024a   Section        4  __rtentry2.o(.ARM.Collect$$rtentry$$0000000A)
    .ARM.Collect$$rtentry$$0000000C          0x0800024e   Section        0  __rtentry2.o(.ARM.Collect$$rtentry$$0000000C)
    .ARM.Collect$$rtentry$$0000000D          0x0800024e   Section        8  __rtentry2.o(.ARM.Collect$$rtentry$$0000000D)
    .ARM.Collect$$rtexit$$00000000           0x08000256   Section        2  rtexit.o(.ARM.Collect$$rtexit$$00000000)
    .ARM.Collect$$rtexit$$00000002           0x08000258   Section        0  rtexit2.o(.ARM.Collect$$rtexit$$00000002)
    .ARM.Collect$$rtexit$$00000003           0x08000258   Section        4  rtexit2.o(.ARM.Collect$$rtexit$$00000003)
    .ARM.Collect$$rtexit$$00000004           0x0800025c   Section        6  rtexit2.o(.ARM.Collect$$rtexit$$00000004)
    .emb_text                                0x08000264   Section        4  argv_veneer.o(.emb_text)
    .text                                    0x08000268   Section       64  startup_stm32f10x_xl.o(.text)
    .text                                    0x080002a8   Section        0  sprintf.o(.text)
    .text                                    0x080002d4   Section        0  heapauxi.o(.text)
    .text                                    0x080002da   Section        0  _printf_pad.o(.text)
    .text                                    0x08000328   Section        0  _printf_truncate.o(.text)
    .text                                    0x0800034c   Section        0  _printf_str.o(.text)
    .text                                    0x080003a0   Section        0  _printf_dec.o(.text)
    .text                                    0x08000418   Section        0  _printf_charcount.o(.text)
    .text                                    0x08000440   Section        0  _printf_char_common.o(.text)
    _printf_input_char                       0x08000441   Thumb Code    10  _printf_char_common.o(.text)
    .text                                    0x08000470   Section        0  _sputc.o(.text)
    .text                                    0x0800047c   Section        0  _printf_wctomb.o(.text)
    .text                                    0x08000538   Section        0  _printf_longlong_dec.o(.text)
    .text                                    0x080005b4   Section        0  _printf_oct_int_ll.o(.text)
    _printf_longlong_oct_internal            0x080005b5   Thumb Code     0  _printf_oct_int_ll.o(.text)
    .text                                    0x08000624   Section        0  _printf_hex_int_ll_ptr.o(.text)
    _printf_hex_common                       0x08000625   Thumb Code     0  _printf_hex_int_ll_ptr.o(.text)
    .text                                    0x080006b8   Section        0  __printf_flags_ss_wp.o(.text)
    .text                                    0x08000840   Section      138  lludiv10.o(.text)
    .text                                    0x080008ca   Section        0  _printf_intcommon.o(.text)
    .text                                    0x0800097c   Section        0  _printf_fp_dec.o(.text)
    _fp_digits                               0x0800097d   Thumb Code   432  _printf_fp_dec.o(.text)
    .text                                    0x08000d98   Section        0  _printf_fp_hex.o(.text)
    .text                                    0x08001094   Section        0  _printf_char.o(.text)
    .text                                    0x080010c0   Section        0  _printf_wchar.o(.text)
    .text                                    0x080010ec   Section        0  _c16rtomb.o(.text)
    .text                                    0x08001134   Section       74  sys_stackheap_outer.o(.text)
    .text                                    0x08001180   Section       16  rt_ctype_table.o(.text)
    .text                                    0x08001190   Section        8  rt_locale_intlibspace.o(.text)
    .text                                    0x08001198   Section        0  _printf_fp_infnan.o(.text)
    .text                                    0x08001218   Section        0  bigflt0.o(.text)
    .text                                    0x080012fc   Section        0  exit.o(.text)
    .text                                    0x08001310   Section        8  libspace.o(.text)
    .text                                    0x08001318   Section      128  strcmpv7m.o(.text)
    .text                                    0x08001398   Section        0  sys_exit.o(.text)
    .text                                    0x080013a4   Section        0  _get_argv_nomalloc.o(.text)
    .text                                    0x080014d2   Section        0  sys_command.o(.text)
    .text                                    0x080014ea   Section        2  use_no_semi.o(.text)
    .text                                    0x080014ec   Section        0  indicate_semi.o(.text)
    .text                                    0x080014ec   Section        0  hrguard.o(.text)
    .text                                    0x080014f0   Section        0  defsig_rtmem_outer.o(.text)
    .text                                    0x080014fe   Section        0  defsig_exit.o(.text)
    .text                                    0x08001508   Section        0  defsig_rtmem_inner.o(.text)
    .text                                    0x08001558   Section        0  defsig_general.o(.text)
    .text                                    0x0800158a   Section        0  sys_wrch.o(.text)
    [Anonymous Symbol]                       0x08001598   Section        0  system_stm32f10x.o(.text.SetSysClock)
    SetSysClock                              0x08001599   Thumb Code     8  system_stm32f10x.o(.text.SetSysClock)
    [Anonymous Symbol]                       0x080015a0   Section        0  system_stm32f10x.o(.text.SetSysClockTo72)
    SetSysClockTo72                          0x080015a1   Thumb Code   294  system_stm32f10x.o(.text.SetSysClockTo72)
    [Anonymous Symbol]                       0x080016c8   Section        0  main.o(.text.SysTick_Handler)
    [Anonymous Symbol]                       0x080016f0   Section        0  system_stm32f10x.o(.text.SystemInit)
    [Anonymous Symbol]                       0x08001758   Section        0  main.o(.text.USART2_IRQHandler)
    [Anonymous Symbol]                       0x080019c0   Section        0  usart.o(.text.__NVIC_EnableIRQ)
    __NVIC_EnableIRQ                         0x080019c1   Thumb Code    54  usart.o(.text.__NVIC_EnableIRQ)
    [Anonymous Symbol]                       0x080019f8   Section        0  systick.o(.text.__NVIC_EnableIRQ)
    __NVIC_EnableIRQ                         0x080019f9   Thumb Code    54  systick.o(.text.__NVIC_EnableIRQ)
    [Anonymous Symbol]                       0x08001a30   Section        0  adc.o(.text.adc_setup)
    [Anonymous Symbol]                       0x08001a60   Section        0  pwm.o(.text.change_duty)
    [Anonymous Symbol]                       0x08001acc   Section        0  usart.o(.text.clear_array)
    [Anonymous Symbol]                       0x08001b08   Section        0  usart.o(.text.cli_receive)
    [Anonymous Symbol]                       0x08001cf8   Section        0  usart.o(.text.cli_setup)
    [Anonymous Symbol]                       0x08001d3c   Section        0  usart.o(.text.cli_update)
    [Anonymous Symbol]                       0x08001e40   Section        0  usart.o(.text.get_size)
    [Anonymous Symbol]                       0x08001e68   Section        0  main.o(.text.main)
    [Anonymous Symbol]                       0x08001f14   Section        0  pid.o(.text.pid_init)
    [Anonymous Symbol]                       0x08001f64   Section        0  pid.o(.text.pid_update)
    [Anonymous Symbol]                       0x08002108   Section        0  pwm.o(.text.pwm_setup)
    [Anonymous Symbol]                       0x080021a0   Section        0  systick.o(.text.systick_setup)
    [Anonymous Symbol]                       0x080021d8   Section        0  main.o(.text.time_delay)
    [Anonymous Symbol]                       0x08002200   Section        0  usart.o(.text.usart_get)
    [Anonymous Symbol]                       0x0800221c   Section        0  usart.o(.text.usart_print)
    [Anonymous Symbol]                       0x08002260   Section        0  usart.o(.text.usart_put)
    [Anonymous Symbol]                       0x08002294   Section        0  usart.o(.text.usart_setup)
    CL$$btod_d2e                             0x080022fe   Section       62  btod.o(CL$$btod_d2e)
    CL$$btod_d2e_denorm_low                  0x0800233c   Section       70  btod.o(CL$$btod_d2e_denorm_low)
    CL$$btod_d2e_norm_op1                    0x08002382   Section       96  btod.o(CL$$btod_d2e_norm_op1)
    CL$$btod_div_common                      0x080023e2   Section      824  btod.o(CL$$btod_div_common)
    CL$$btod_e2e                             0x0800271a   Section      220  btod.o(CL$$btod_e2e)
    CL$$btod_ediv                            0x080027f6   Section       42  btod.o(CL$$btod_ediv)
    CL$$btod_emul                            0x08002820   Section       42  btod.o(CL$$btod_emul)
    CL$$btod_mult_common                     0x0800284a   Section      580  btod.o(CL$$btod_mult_common)
    i.__ARM_fpclassify                       0x08002a8e   Section        0  fpclassify.o(i.__ARM_fpclassify)
    i._is_digit                              0x08002ab6   Section        0  __printf_wp.o(i._is_digit)
    locale$$code                             0x08002ac4   Section       44  lc_numeric_c.o(locale$$code)
    locale$$code                             0x08002af0   Section       44  lc_ctype_c.o(locale$$code)
    x$fpl$dadd                               0x08002b1c   Section      336  daddsub_clz.o(x$fpl$dadd)
    _dadd1                                   0x08002b2d   Thumb Code     0  daddsub_clz.o(x$fpl$dadd)
    x$fpl$dcmpinf                            0x08002c6c   Section       24  dcmpi.o(x$fpl$dcmpinf)
    x$fpl$deqf                               0x08002c84   Section      120  deqf.o(x$fpl$deqf)
    x$fpl$dfix                               0x08002cfc   Section       94  dfix.o(x$fpl$dfix)
    x$fpl$dflt                               0x08002d5a   Section       46  dflt_clz.o(x$fpl$dflt)
    x$fpl$dgeqf                              0x08002d88   Section      120  dgeqf.o(x$fpl$dgeqf)
    x$fpl$dleqf                              0x08002e00   Section      120  dleqf.o(x$fpl$dleqf)
    x$fpl$dmul                               0x08002e78   Section      340  dmul.o(x$fpl$dmul)
    x$fpl$dnaninf                            0x08002fcc   Section      156  dnaninf.o(x$fpl$dnaninf)
    x$fpl$dretinf                            0x08003068   Section       12  dretinf.o(x$fpl$dretinf)
    x$fpl$dsub                               0x08003074   Section      468  daddsub_clz.o(x$fpl$dsub)
    _dsub1                                   0x08003085   Thumb Code     0  daddsub_clz.o(x$fpl$dsub)
    x$fpl$fcmp                               0x08003248   Section       84  dcmp.o(x$fpl$fcmp)
    x$fpl$printf1                            0x0800329c   Section        4  printf1.o(x$fpl$printf1)
    x$fpl$printf2                            0x080032a0   Section        4  printf2.o(x$fpl$printf2)
    .constdata                               0x080032a4   Section        8  _printf_wctomb.o(.constdata)
    x$fpl$usenofp                            0x080032a4   Section        0  usenofp.o(x$fpl$usenofp)
    initial_mbstate                          0x080032a4   Data           8  _printf_wctomb.o(.constdata)
    .constdata                               0x080032ac   Section       40  _printf_hex_int_ll_ptr.o(.constdata)
    uc_hextab                                0x080032ac   Data          20  _printf_hex_int_ll_ptr.o(.constdata)
    lc_hextab                                0x080032c0   Data          20  _printf_hex_int_ll_ptr.o(.constdata)
    .constdata                               0x080032d4   Section       17  __printf_flags_ss_wp.o(.constdata)
    maptable                                 0x080032d4   Data          17  __printf_flags_ss_wp.o(.constdata)
    .constdata                               0x080032e5   Section       38  _printf_fp_hex.o(.constdata)
    lc_hextab                                0x080032e5   Data          19  _printf_fp_hex.o(.constdata)
    uc_hextab                                0x080032f8   Data          19  _printf_fp_hex.o(.constdata)
    .constdata                               0x0800330c   Section      148  bigflt0.o(.constdata)
    tenpwrs_x                                0x0800330c   Data          60  bigflt0.o(.constdata)
    tenpwrs_i                                0x08003348   Data          64  bigflt0.o(.constdata)
    [Anonymous Symbol]                       0x080033a0   Section        0  main.o(.rodata.str1.1)
    .L.str.1                                 0x080033a0   Data           2  main.o(.rodata.str1.1)
    .L.str.1                                 0x080033a0   Data           2  main.o(.rodata.str1.1)
    .L.str.2                                 0x080033a2   Data           2  main.o(.rodata.str1.1)
    .L.str.2                                 0x080033a2   Data           2  main.o(.rodata.str1.1)
    .L.str.3                                 0x080033a4   Data           4  main.o(.rodata.str1.1)
    .L.str.4                                 0x080033a8   Data          71  main.o(.rodata.str1.1)
    .L.str.7                                 0x080033ef   Data          24  main.o(.rodata.str1.1)
    .L.str.6                                 0x08003407   Data          24  main.o(.rodata.str1.1)
    .L.str.8                                 0x0800341f   Data          30  main.o(.rodata.str1.1)
    .L.str.5                                 0x0800343d   Data          27  main.o(.rodata.str1.1)
    .L.str                                   0x08003458   Data          58  main.o(.rodata.str1.1)
    [Anonymous Symbol]                       0x08003492   Section        0  usart.o(.rodata.str1.1)
    .L.str                                   0x08003492   Data           3  usart.o(.rodata.str1.1)
    locale$$data                             0x080034a8   Section       28  lc_numeric_c.o(locale$$data)
    __lcnum_c_name                           0x080034ac   Data           2  lc_numeric_c.o(locale$$data)
    __lcnum_c_start                          0x080034b4   Data           0  lc_numeric_c.o(locale$$data)
    __lcnum_c_point                          0x080034c0   Data           0  lc_numeric_c.o(locale$$data)
    __lcnum_c_thousands                      0x080034c2   Data           0  lc_numeric_c.o(locale$$data)
    __lcnum_c_grouping                       0x080034c3   Data           0  lc_numeric_c.o(locale$$data)
    locale$$data                             0x080034c4   Section      272  lc_ctype_c.o(locale$$data)
    __lcnum_c_end                            0x080034c4   Data           0  lc_numeric_c.o(locale$$data)
    __lcctype_c_name                         0x080034c8   Data           2  lc_ctype_c.o(locale$$data)
    __lcctype_c_start                        0x080034d0   Data           0  lc_ctype_c.o(locale$$data)
    __lcctype_c_end                          0x080035d4   Data           0  lc_ctype_c.o(locale$$data)
    .bss                                     0x20000000   Section       96  libspace.o(.bss)
    [Anonymous Symbol]                       0x20000060   Section        0  main.o(.bss.BUFFER)
    BUFFER                                   0x20000060   Data          20  main.o(.bss.BUFFER)
    [Anonymous Symbol]                       0x20000074   Section        0  main.o(.bss.CLI_COUNTER)
    CLI_COUNTER                              0x20000074   Data           4  main.o(.bss.CLI_COUNTER)
    [Anonymous Symbol]                       0x20000078   Section        0  main.o(.bss.CURRENT_ADC)
    CURRENT_ADC                              0x20000078   Data           4  main.o(.bss.CURRENT_ADC)
    [Anonymous Symbol]                       0x2000007c   Section        0  main.o(.bss.CURRENT_PULSE)
    CURRENT_PULSE                            0x2000007c   Data           4  main.o(.bss.CURRENT_PULSE)
    [Anonymous Symbol]                       0x20000080   Section        0  main.o(.bss.SELF_BALANCING)
    SELF_BALANCING                           0x20000080   Data           1  main.o(.bss.SELF_BALANCING)
    HEAP                                     0x20000088   Section      512  startup_stm32f10x_xl.o(HEAP)
    Heap_Mem                                 0x20000088   Data         512  startup_stm32f10x_xl.o(HEAP)
    STACK                                    0x20000288   Section     1024  startup_stm32f10x_xl.o(STACK)
    Stack_Mem                                0x20000288   Data        1024  startup_stm32f10x_xl.o(STACK)
    __initial_sp                             0x20000688   Data           0  startup_stm32f10x_xl.o(STACK)

    Global Symbols

    Symbol Name                              Value     Ov Type        Size  Object(Section)

    BuildAttributes$$THM_ISAv4$P$D$K$B$S$PE$A:L22UL41UL21$X:L11$S22US41US21$IEEE1$IW$~IW$USESV6$~STKCKD$USESV7$~SHL$OTIME$ROPI$IEEEJ$EBA8$UX$STANDARDLIB$REQ8$PRES8$EABIv2 0x00000000   Number         0  anon$$obj.o ABSOLUTE
    _printf_flags                            0x00000000   Number         0  printf_stubs.o ABSOLUTE
    _printf_return_value                     0x00000000   Number         0  printf_stubs.o ABSOLUTE
    _printf_sizespec                         0x00000000   Number         0  printf_stubs.o ABSOLUTE
    _printf_widthprec                        0x00000000   Number         0  printf_stubs.o ABSOLUTE
    __ARM_exceptions_init                     - Undefined Weak Reference
    __alloca_initialize                       - Undefined Weak Reference
    __arm_preinit_                            - Undefined Weak Reference
    __cpp_initialize__aeabi_                  - Undefined Weak Reference
    __cxa_finalize                            - Undefined Weak Reference
    __sigvec_lookup                           - Undefined Weak Reference
    _atexit_init                              - Undefined Weak Reference
    _call_atexit_fns                          - Undefined Weak Reference
    _clock_init                               - Undefined Weak Reference
    _fp_trap_init                             - Undefined Weak Reference
    _fp_trap_shutdown                         - Undefined Weak Reference
    _get_lc_collate                           - Undefined Weak Reference
    _get_lc_monetary                          - Undefined Weak Reference
    _get_lc_time                              - Undefined Weak Reference
    _getenv_init                              - Undefined Weak Reference
    _handle_redirection                       - Undefined Weak Reference
    _init_alloc                               - Undefined Weak Reference
    _init_user_alloc                          - Undefined Weak Reference
    _initio                                   - Undefined Weak Reference
    _printf_mbtowc                            - Undefined Weak Reference
    _printf_wc                                - Undefined Weak Reference
    _rand_init                                - Undefined Weak Reference
    _signal_finish                            - Undefined Weak Reference
    _signal_init                              - Undefined Weak Reference
    _terminate_alloc                          - Undefined Weak Reference
    _terminate_user_alloc                     - Undefined Weak Reference
    _terminateio                              - Undefined Weak Reference
    __Vectors_Size                           0x00000130   Number         0  startup_stm32f10x_xl.o ABSOLUTE
    __Vectors                                0x08000000   Data           4  startup_stm32f10x_xl.o(RESET)
    __Vectors_End                            0x08000130   Data           0  startup_stm32f10x_xl.o(RESET)
    __main                                   0x08000131   Thumb Code     8  __main.o(!!!main)
    __scatterload                            0x08000139   Thumb Code     0  __scatter.o(!!!scatter)
    __scatterload_rt2                        0x08000139   Thumb Code    44  __scatter.o(!!!scatter)
    __scatterload_rt2_thumb_only             0x08000139   Thumb Code     0  __scatter.o(!!!scatter)
    __scatterload_null                       0x08000147   Thumb Code     0  __scatter.o(!!!scatter)
    __scatterload_zeroinit                   0x0800016d   Thumb Code    28  __scatter_zi.o(!!handler_zi)
    _printf_n                                0x08000189   Thumb Code     0  _printf_n.o(.ARM.Collect$$_printf_percent$$00000001)
    _printf_percent                          0x08000189   Thumb Code     0  _printf_percent.o(.ARM.Collect$$_printf_percent$$00000000)
    _printf_p                                0x0800018f   Thumb Code     0  _printf_p.o(.ARM.Collect$$_printf_percent$$00000002)
    _printf_f                                0x08000195   Thumb Code     0  _printf_f.o(.ARM.Collect$$_printf_percent$$00000003)
    _printf_e                                0x0800019b   Thumb Code     0  _printf_e.o(.ARM.Collect$$_printf_percent$$00000004)
    _printf_g                                0x080001a1   Thumb Code     0  _printf_g.o(.ARM.Collect$$_printf_percent$$00000005)
    _printf_a                                0x080001a7   Thumb Code     0  _printf_a.o(.ARM.Collect$$_printf_percent$$00000006)
    _printf_ll                               0x080001ad   Thumb Code     0  _printf_ll.o(.ARM.Collect$$_printf_percent$$00000007)
    _printf_i                                0x080001b7   Thumb Code     0  _printf_i.o(.ARM.Collect$$_printf_percent$$00000008)
    _printf_d                                0x080001bd   Thumb Code     0  _printf_d.o(.ARM.Collect$$_printf_percent$$00000009)
    _printf_u                                0x080001c3   Thumb Code     0  _printf_u.o(.ARM.Collect$$_printf_percent$$0000000A)
    _printf_o                                0x080001c9   Thumb Code     0  _printf_o.o(.ARM.Collect$$_printf_percent$$0000000B)
    _printf_x                                0x080001cf   Thumb Code     0  _printf_x.o(.ARM.Collect$$_printf_percent$$0000000C)
    _printf_lli                              0x080001d5   Thumb Code     0  _printf_lli.o(.ARM.Collect$$_printf_percent$$0000000D)
    _printf_lld                              0x080001db   Thumb Code     0  _printf_lld.o(.ARM.Collect$$_printf_percent$$0000000E)
    _printf_llu                              0x080001e1   Thumb Code     0  _printf_llu.o(.ARM.Collect$$_printf_percent$$0000000F)
    _printf_llo                              0x080001e7   Thumb Code     0  _printf_llo.o(.ARM.Collect$$_printf_percent$$00000010)
    _printf_llx                              0x080001ed   Thumb Code     0  _printf_llx.o(.ARM.Collect$$_printf_percent$$00000011)
    _printf_l                                0x080001f3   Thumb Code     0  _printf_l.o(.ARM.Collect$$_printf_percent$$00000012)
    _printf_c                                0x080001fd   Thumb Code     0  _printf_c.o(.ARM.Collect$$_printf_percent$$00000013)
    _printf_s                                0x08000203   Thumb Code     0  _printf_s.o(.ARM.Collect$$_printf_percent$$00000014)
    _printf_lc                               0x08000209   Thumb Code     0  _printf_lc.o(.ARM.Collect$$_printf_percent$$00000015)
    _printf_ls                               0x0800020f   Thumb Code     0  _printf_ls.o(.ARM.Collect$$_printf_percent$$00000016)
    _printf_percent_end                      0x08000215   Thumb Code     0  _printf_percent_end.o(.ARM.Collect$$_printf_percent$$00000017)
    __rt_lib_init                            0x08000219   Thumb Code     0  libinit.o(.ARM.Collect$$libinit$$00000000)
    __rt_lib_init_fp_1                       0x0800021b   Thumb Code     0  libinit2.o(.ARM.Collect$$libinit$$00000002)
    __rt_lib_init_heap_1                     0x0800021b   Thumb Code     0  libinit2.o(.ARM.Collect$$libinit$$0000000A)
    __rt_lib_init_lc_common                  0x0800021b   Thumb Code     0  libinit2.o(.ARM.Collect$$libinit$$0000000F)
    __rt_lib_init_preinit_1                  0x0800021b   Thumb Code     0  libinit2.o(.ARM.Collect$$libinit$$00000004)
    __rt_lib_init_rand_1                     0x0800021b   Thumb Code     0  libinit2.o(.ARM.Collect$$libinit$$0000000E)
    __rt_lib_init_user_alloc_1               0x0800021b   Thumb Code     0  libinit2.o(.ARM.Collect$$libinit$$0000000C)
    __rt_lib_init_lc_collate_1               0x08000221   Thumb Code     0  libinit2.o(.ARM.Collect$$libinit$$00000011)
    __rt_lib_init_lc_ctype_2                 0x08000221   Thumb Code     0  libinit2.o(.ARM.Collect$$libinit$$00000012)
    __rt_lib_init_lc_ctype_1                 0x0800022d   Thumb Code     0  libinit2.o(.ARM.Collect$$libinit$$00000013)
    __rt_lib_init_lc_monetary_1              0x0800022d   Thumb Code     0  libinit2.o(.ARM.Collect$$libinit$$00000015)
    __rt_lib_init_lc_numeric_2               0x0800022d   Thumb Code     0  libinit2.o(.ARM.Collect$$libinit$$00000016)
    __rt_lib_init_argv_1                     0x08000237   Thumb Code     0  libinit2.o(.ARM.Collect$$libinit$$00000027)
    __rt_lib_init_atexit_1                   0x08000237   Thumb Code     0  libinit2.o(.ARM.Collect$$libinit$$0000001B)
    __rt_lib_init_clock_1                    0x08000237   Thumb Code     0  libinit2.o(.ARM.Collect$$libinit$$00000021)
    __rt_lib_init_fp_trap_1                  0x08000237   Thumb Code     0  libinit2.o(.ARM.Collect$$libinit$$0000001F)
    __rt_lib_init_getenv_1                   0x08000237   Thumb Code     0  libinit2.o(.ARM.Collect$$libinit$$00000023)
    __rt_lib_init_heapregion_libspace_used   0x08000237   Thumb Code     0  libinit2.o(.ARM.Collect$$libinit$$00000027)
    __rt_lib_init_lc_numeric_1               0x08000237   Thumb Code     0  libinit2.o(.ARM.Collect$$libinit$$00000017)
    __rt_lib_init_lc_time_1                  0x08000237   Thumb Code     0  libinit2.o(.ARM.Collect$$libinit$$00000019)
    __rt_lib_init_signal_1                   0x08000237   Thumb Code     0  libinit2.o(.ARM.Collect$$libinit$$0000001D)
    __rt_lib_init_stdio_1                    0x08000237   Thumb Code     0  libinit2.o(.ARM.Collect$$libinit$$00000025)
    __rt_lib_init_alloca_1                   0x0800023f   Thumb Code     0  libinit2.o(.ARM.Collect$$libinit$$0000002E)
    __rt_lib_init_cpp_1                      0x0800023f   Thumb Code     0  libinit2.o(.ARM.Collect$$libinit$$00000032)
    __rt_lib_init_exceptions_1               0x0800023f   Thumb Code     0  libinit2.o(.ARM.Collect$$libinit$$00000030)
    __rt_lib_init_return                     0x0800023f   Thumb Code     0  libinit2.o(.ARM.Collect$$libinit$$00000033)
    __rt_lib_shutdown                        0x08000241   Thumb Code     0  libshutdown.o(.ARM.Collect$$libshutdown$$00000000)
    __rt_lib_shutdown_cpp_1                  0x08000243   Thumb Code     0  libshutdown2.o(.ARM.Collect$$libshutdown$$00000002)
    __rt_lib_shutdown_fp_trap_1              0x08000243   Thumb Code     0  libshutdown2.o(.ARM.Collect$$libshutdown$$00000007)
    __rt_lib_shutdown_heap_1                 0x08000243   Thumb Code     0  libshutdown2.o(.ARM.Collect$$libshutdown$$0000000F)
    __rt_lib_shutdown_return                 0x08000243   Thumb Code     0  libshutdown2.o(.ARM.Collect$$libshutdown$$00000010)
    __rt_lib_shutdown_signal_1               0x08000243   Thumb Code     0  libshutdown2.o(.ARM.Collect$$libshutdown$$0000000A)
    __rt_lib_shutdown_stdio_1                0x08000243   Thumb Code     0  libshutdown2.o(.ARM.Collect$$libshutdown$$00000004)
    __rt_lib_shutdown_user_alloc_1           0x08000243   Thumb Code     0  libshutdown2.o(.ARM.Collect$$libshutdown$$0000000C)
    __rt_entry                               0x08000245   Thumb Code     0  __rtentry.o(.ARM.Collect$$rtentry$$00000000)
    __rt_entry_presh_1                       0x08000245   Thumb Code     0  __rtentry2.o(.ARM.Collect$$rtentry$$00000002)
    __rt_entry_sh                            0x08000245   Thumb Code     0  __rtentry4.o(.ARM.Collect$$rtentry$$00000004)
    __rt_entry_li                            0x0800024b   Thumb Code     0  __rtentry2.o(.ARM.Collect$$rtentry$$0000000A)
    __rt_entry_postsh_1                      0x0800024b   Thumb Code     0  __rtentry2.o(.ARM.Collect$$rtentry$$00000009)
    __rt_entry_main                          0x0800024f   Thumb Code     0  __rtentry2.o(.ARM.Collect$$rtentry$$0000000D)
    __rt_entry_postli_1                      0x0800024f   Thumb Code     0  __rtentry2.o(.ARM.Collect$$rtentry$$0000000C)
    __rt_exit                                0x08000257   Thumb Code     0  rtexit.o(.ARM.Collect$$rtexit$$00000000)
    __rt_exit_ls                             0x08000259   Thumb Code     0  rtexit2.o(.ARM.Collect$$rtexit$$00000003)
    __rt_exit_prels_1                        0x08000259   Thumb Code     0  rtexit2.o(.ARM.Collect$$rtexit$$00000002)
    __rt_exit_exit                           0x0800025d   Thumb Code     0  rtexit2.o(.ARM.Collect$$rtexit$$00000004)
    __ARM_argv_veneer                        0x08000265   Thumb Code     4  argv_veneer.o(.emb_text)
    Reset_Handler                            0x08000269   Thumb Code     8  startup_stm32f10x_xl.o(.text)
    NMI_Handler                              0x08000271   Thumb Code     2  startup_stm32f10x_xl.o(.text)
    HardFault_Handler                        0x08000273   Thumb Code     2  startup_stm32f10x_xl.o(.text)
    MemManage_Handler                        0x08000275   Thumb Code     2  startup_stm32f10x_xl.o(.text)
    BusFault_Handler                         0x08000277   Thumb Code     2  startup_stm32f10x_xl.o(.text)
    UsageFault_Handler                       0x08000279   Thumb Code     2  startup_stm32f10x_xl.o(.text)
    SVC_Handler                              0x0800027b   Thumb Code     2  startup_stm32f10x_xl.o(.text)
    DebugMon_Handler                         0x0800027d   Thumb Code     2  startup_stm32f10x_xl.o(.text)
    PendSV_Handler                           0x0800027f   Thumb Code     2  startup_stm32f10x_xl.o(.text)
    ADC1_2_IRQHandler                        0x08000283   Thumb Code     0  startup_stm32f10x_xl.o(.text)
    ADC3_IRQHandler                          0x08000283   Thumb Code     0  startup_stm32f10x_xl.o(.text)
    CAN1_RX1_IRQHandler                      0x08000283   Thumb Code     0  startup_stm32f10x_xl.o(.text)
    CAN1_SCE_IRQHandler                      0x08000283   Thumb Code     0  startup_stm32f10x_xl.o(.text)
    DMA1_Channel1_IRQHandler                 0x08000283   Thumb Code     0  startup_stm32f10x_xl.o(.text)
    DMA1_Channel2_IRQHandler                 0x08000283   Thumb Code     0  startup_stm32f10x_xl.o(.text)
    DMA1_Channel3_IRQHandler                 0x08000283   Thumb Code     0  startup_stm32f10x_xl.o(.text)
    DMA1_Channel4_IRQHandler                 0x08000283   Thumb Code     0  startup_stm32f10x_xl.o(.text)
    DMA1_Channel5_IRQHandler                 0x08000283   Thumb Code     0  startup_stm32f10x_xl.o(.text)
    DMA1_Channel6_IRQHandler                 0x08000283   Thumb Code     0  startup_stm32f10x_xl.o(.text)
    DMA1_Channel7_IRQHandler                 0x08000283   Thumb Code     0  startup_stm32f10x_xl.o(.text)
    DMA2_Channel1_IRQHandler                 0x08000283   Thumb Code     0  startup_stm32f10x_xl.o(.text)
    DMA2_Channel2_IRQHandler                 0x08000283   Thumb Code     0  startup_stm32f10x_xl.o(.text)
    DMA2_Channel3_IRQHandler                 0x08000283   Thumb Code     0  startup_stm32f10x_xl.o(.text)
    DMA2_Channel4_5_IRQHandler               0x08000283   Thumb Code     0  startup_stm32f10x_xl.o(.text)
    EXTI0_IRQHandler                         0x08000283   Thumb Code     0  startup_stm32f10x_xl.o(.text)
    EXTI15_10_IRQHandler                     0x08000283   Thumb Code     0  startup_stm32f10x_xl.o(.text)
    EXTI1_IRQHandler                         0x08000283   Thumb Code     0  startup_stm32f10x_xl.o(.text)
    EXTI2_IRQHandler                         0x08000283   Thumb Code     0  startup_stm32f10x_xl.o(.text)
    EXTI3_IRQHandler                         0x08000283   Thumb Code     0  startup_stm32f10x_xl.o(.text)
    EXTI4_IRQHandler                         0x08000283   Thumb Code     0  startup_stm32f10x_xl.o(.text)
    EXTI9_5_IRQHandler                       0x08000283   Thumb Code     0  startup_stm32f10x_xl.o(.text)
    FLASH_IRQHandler                         0x08000283   Thumb Code     0  startup_stm32f10x_xl.o(.text)
    FSMC_IRQHandler                          0x08000283   Thumb Code     0  startup_stm32f10x_xl.o(.text)
    I2C1_ER_IRQHandler                       0x08000283   Thumb Code     0  startup_stm32f10x_xl.o(.text)
    I2C1_EV_IRQHandler                       0x08000283   Thumb Code     0  startup_stm32f10x_xl.o(.text)
    I2C2_ER_IRQHandler                       0x08000283   Thumb Code     0  startup_stm32f10x_xl.o(.text)
    I2C2_EV_IRQHandler                       0x08000283   Thumb Code     0  startup_stm32f10x_xl.o(.text)
    PVD_IRQHandler                           0x08000283   Thumb Code     0  startup_stm32f10x_xl.o(.text)
    RCC_IRQHandler                           0x08000283   Thumb Code     0  startup_stm32f10x_xl.o(.text)
    RTCAlarm_IRQHandler                      0x08000283   Thumb Code     0  startup_stm32f10x_xl.o(.text)
    RTC_IRQHandler                           0x08000283   Thumb Code     0  startup_stm32f10x_xl.o(.text)
    SDIO_IRQHandler                          0x08000283   Thumb Code     0  startup_stm32f10x_xl.o(.text)
    SPI1_IRQHandler                          0x08000283   Thumb Code     0  startup_stm32f10x_xl.o(.text)
    SPI2_IRQHandler                          0x08000283   Thumb Code     0  startup_stm32f10x_xl.o(.text)
    SPI3_IRQHandler                          0x08000283   Thumb Code     0  startup_stm32f10x_xl.o(.text)
    TAMPER_IRQHandler                        0x08000283   Thumb Code     0  startup_stm32f10x_xl.o(.text)
    TIM1_BRK_TIM9_IRQHandler                 0x08000283   Thumb Code     0  startup_stm32f10x_xl.o(.text)
    TIM1_CC_IRQHandler                       0x08000283   Thumb Code     0  startup_stm32f10x_xl.o(.text)
    TIM1_TRG_COM_TIM11_IRQHandler            0x08000283   Thumb Code     0  startup_stm32f10x_xl.o(.text)
    TIM1_UP_TIM10_IRQHandler                 0x08000283   Thumb Code     0  startup_stm32f10x_xl.o(.text)
    TIM2_IRQHandler                          0x08000283   Thumb Code     0  startup_stm32f10x_xl.o(.text)
    TIM3_IRQHandler                          0x08000283   Thumb Code     0  startup_stm32f10x_xl.o(.text)
    TIM4_IRQHandler                          0x08000283   Thumb Code     0  startup_stm32f10x_xl.o(.text)
    TIM5_IRQHandler                          0x08000283   Thumb Code     0  startup_stm32f10x_xl.o(.text)
    TIM6_IRQHandler                          0x08000283   Thumb Code     0  startup_stm32f10x_xl.o(.text)
    TIM7_IRQHandler                          0x08000283   Thumb Code     0  startup_stm32f10x_xl.o(.text)
    TIM8_BRK_TIM12_IRQHandler                0x08000283   Thumb Code     0  startup_stm32f10x_xl.o(.text)
    TIM8_CC_IRQHandler                       0x08000283   Thumb Code     0  startup_stm32f10x_xl.o(.text)
    TIM8_TRG_COM_TIM14_IRQHandler            0x08000283   Thumb Code     0  startup_stm32f10x_xl.o(.text)
    TIM8_UP_TIM13_IRQHandler                 0x08000283   Thumb Code     0  startup_stm32f10x_xl.o(.text)
    UART4_IRQHandler                         0x08000283   Thumb Code     0  startup_stm32f10x_xl.o(.text)
    UART5_IRQHandler                         0x08000283   Thumb Code     0  startup_stm32f10x_xl.o(.text)
    USART1_IRQHandler                        0x08000283   Thumb Code     0  startup_stm32f10x_xl.o(.text)
    USART3_IRQHandler                        0x08000283   Thumb Code     0  startup_stm32f10x_xl.o(.text)
    USBWakeUp_IRQHandler                     0x08000283   Thumb Code     0  startup_stm32f10x_xl.o(.text)
    USB_HP_CAN1_TX_IRQHandler                0x08000283   Thumb Code     0  startup_stm32f10x_xl.o(.text)
    USB_LP_CAN1_RX0_IRQHandler               0x08000283   Thumb Code     0  startup_stm32f10x_xl.o(.text)
    WWDG_IRQHandler                          0x08000283   Thumb Code     0  startup_stm32f10x_xl.o(.text)
    __user_initial_stackheap                 0x08000285   Thumb Code     0  startup_stm32f10x_xl.o(.text)
    sprintf                                  0x080002a9   Thumb Code    38  sprintf.o(.text)
    __use_two_region_memory                  0x080002d5   Thumb Code     2  heapauxi.o(.text)
    __rt_heap_escrow$2region                 0x080002d7   Thumb Code     2  heapauxi.o(.text)
    __rt_heap_expand$2region                 0x080002d9   Thumb Code     2  heapauxi.o(.text)
    _printf_pre_padding                      0x080002db   Thumb Code    44  _printf_pad.o(.text)
    _printf_post_padding                     0x08000307   Thumb Code    34  _printf_pad.o(.text)
    _printf_truncate_signed                  0x08000329   Thumb Code    18  _printf_truncate.o(.text)
    _printf_truncate_unsigned                0x0800033b   Thumb Code    18  _printf_truncate.o(.text)
    _printf_str                              0x0800034d   Thumb Code    82  _printf_str.o(.text)
    _printf_int_dec                          0x080003a1   Thumb Code   104  _printf_dec.o(.text)
    _printf_charcount                        0x08000419   Thumb Code    40  _printf_charcount.o(.text)
    _printf_char_common                      0x0800044b   Thumb Code    32  _printf_char_common.o(.text)
    _sputc                                   0x08000471   Thumb Code    10  _sputc.o(.text)
    _printf_wctomb                           0x0800047d   Thumb Code   182  _printf_wctomb.o(.text)
    _printf_longlong_dec                     0x08000539   Thumb Code   108  _printf_longlong_dec.o(.text)
    _printf_longlong_oct                     0x080005b5   Thumb Code    68  _printf_oct_int_ll.o(.text)
    _printf_int_oct                          0x080005f9   Thumb Code    24  _printf_oct_int_ll.o(.text)
    _printf_ll_oct                           0x08000611   Thumb Code    12  _printf_oct_int_ll.o(.text)
    _printf_longlong_hex                     0x08000625   Thumb Code    86  _printf_hex_int_ll_ptr.o(.text)
    _printf_int_hex                          0x0800067b   Thumb Code    28  _printf_hex_int_ll_ptr.o(.text)
    _printf_ll_hex                           0x08000697   Thumb Code    12  _printf_hex_int_ll_ptr.o(.text)
    _printf_hex_ptr                          0x080006a3   Thumb Code    18  _printf_hex_int_ll_ptr.o(.text)
    __printf                                 0x080006b9   Thumb Code   388  __printf_flags_ss_wp.o(.text)
    _ll_udiv10                               0x08000841   Thumb Code   138  lludiv10.o(.text)
    _printf_int_common                       0x080008cb   Thumb Code   178  _printf_intcommon.o(.text)
    _printf_fp_dec_real                      0x08000b2d   Thumb Code   620  _printf_fp_dec.o(.text)
    _printf_fp_hex_real                      0x08000d99   Thumb Code   756  _printf_fp_hex.o(.text)
    _printf_cs_common                        0x08001095   Thumb Code    20  _printf_char.o(.text)
    _printf_char                             0x080010a9   Thumb Code    16  _printf_char.o(.text)
    _printf_string                           0x080010b9   Thumb Code     8  _printf_char.o(.text)
    _printf_lcs_common                       0x080010c1   Thumb Code    20  _printf_wchar.o(.text)
    _printf_wchar                            0x080010d5   Thumb Code    16  _printf_wchar.o(.text)
    _printf_wstring                          0x080010e5   Thumb Code     8  _printf_wchar.o(.text)
    _c16rtomb                                0x080010ed   Thumb Code    72  _c16rtomb.o(.text)
    _wcrtomb                                 0x080010ed   Thumb Code     0  _c16rtomb.o(.text)
    __user_setup_stackheap                   0x08001135   Thumb Code    74  sys_stackheap_outer.o(.text)
    __rt_ctype_table                         0x08001181   Thumb Code    16  rt_ctype_table.o(.text)
    __rt_locale                              0x08001191   Thumb Code     8  rt_locale_intlibspace.o(.text)
    _printf_fp_infnan                        0x08001199   Thumb Code   112  _printf_fp_infnan.o(.text)
    _btod_etento                             0x08001219   Thumb Code   224  bigflt0.o(.text)
    exit                                     0x080012fd   Thumb Code    18  exit.o(.text)
    __user_libspace                          0x08001311   Thumb Code     8  libspace.o(.text)
    __user_perproc_libspace                  0x08001311   Thumb Code     0  libspace.o(.text)
    __user_perthread_libspace                0x08001311   Thumb Code     0  libspace.o(.text)
    strcmp                                   0x08001319   Thumb Code   128  strcmpv7m.o(.text)
    _sys_exit                                0x08001399   Thumb Code     8  sys_exit.o(.text)
    __argv_alloc                             0x080013a5   Thumb Code    34  _get_argv_nomalloc.o(.text)
    __ARM_get_argv                           0x080013c7   Thumb Code   268  _get_argv_nomalloc.o(.text)
    _sys_command_string                      0x080014d3   Thumb Code    24  sys_command.o(.text)
    __I$use$semihosting                      0x080014eb   Thumb Code     0  use_no_semi.o(.text)
    __use_no_semihosting_swi                 0x080014eb   Thumb Code     2  use_no_semi.o(.text)
    __semihosting_library_function           0x080014ed   Thumb Code     0  indicate_semi.o(.text)
    __use_no_heap_region                     0x080014ed   Thumb Code     2  hrguard.o(.text)
    __heap_region$guard                      0x080014ef   Thumb Code     2  hrguard.o(.text)
    __rt_SIGRTMEM                            0x080014f1   Thumb Code    14  defsig_rtmem_outer.o(.text)
    __sig_exit                               0x080014ff   Thumb Code    10  defsig_exit.o(.text)
    __rt_SIGRTMEM_inner                      0x08001509   Thumb Code    22  defsig_rtmem_inner.o(.text)
    __default_signal_display                 0x08001559   Thumb Code    50  defsig_general.o(.text)
    _ttywrch                                 0x0800158b   Thumb Code    14  sys_wrch.o(.text)
    SysTick_Handler                          0x080016c9   Thumb Code    40  main.o(.text.SysTick_Handler)
    SystemInit                               0x080016f1   Thumb Code   102  system_stm32f10x.o(.text.SystemInit)
    USART2_IRQHandler                        0x08001759   Thumb Code   614  main.o(.text.USART2_IRQHandler)
    adc_setup                                0x08001a31   Thumb Code    46  adc.o(.text.adc_setup)
    change_duty                              0x08001a61   Thumb Code   106  pwm.o(.text.change_duty)
    clear_array                              0x08001acd   Thumb Code    58  usart.o(.text.clear_array)
    cli_receive                              0x08001b09   Thumb Code   496  usart.o(.text.cli_receive)
    cli_setup                                0x08001cf9   Thumb Code    68  usart.o(.text.cli_setup)
    cli_update                               0x08001d3d   Thumb Code   260  usart.o(.text.cli_update)
    get_size                                 0x08001e41   Thumb Code    40  usart.o(.text.get_size)
    main                                     0x08001e69   Thumb Code   172  main.o(.text.main)
    pid_init                                 0x08001f15   Thumb Code    80  pid.o(.text.pid_init)
    pid_update                               0x08001f65   Thumb Code   420  pid.o(.text.pid_update)
    pwm_setup                                0x08002109   Thumb Code   152  pwm.o(.text.pwm_setup)
    systick_setup                            0x080021a1   Thumb Code    56  systick.o(.text.systick_setup)
    time_delay                               0x080021d9   Thumb Code    38  main.o(.text.time_delay)
    usart_get                                0x08002201   Thumb Code    26  usart.o(.text.usart_get)
    usart_print                              0x0800221d   Thumb Code    68  usart.o(.text.usart_print)
    usart_put                                0x08002261   Thumb Code    50  usart.o(.text.usart_put)
    usart_setup                              0x08002295   Thumb Code   106  usart.o(.text.usart_setup)
    _btod_d2e                                0x080022ff   Thumb Code    62  btod.o(CL$$btod_d2e)
    _d2e_denorm_low                          0x0800233d   Thumb Code    70  btod.o(CL$$btod_d2e_denorm_low)
    _d2e_norm_op1                            0x08002383   Thumb Code    96  btod.o(CL$$btod_d2e_norm_op1)
    __btod_div_common                        0x080023e3   Thumb Code   696  btod.o(CL$$btod_div_common)
    _e2e                                     0x0800271b   Thumb Code   220  btod.o(CL$$btod_e2e)
    _btod_ediv                               0x080027f7   Thumb Code    42  btod.o(CL$$btod_ediv)
    _btod_emul                               0x08002821   Thumb Code    42  btod.o(CL$$btod_emul)
    __btod_mult_common                       0x0800284b   Thumb Code   580  btod.o(CL$$btod_mult_common)
    __ARM_fpclassify                         0x08002a8f   Thumb Code    40  fpclassify.o(i.__ARM_fpclassify)
    _is_digit                                0x08002ab7   Thumb Code    14  __printf_wp.o(i._is_digit)
    _get_lc_numeric                          0x08002ac5   Thumb Code    44  lc_numeric_c.o(locale$$code)
    _get_lc_ctype                            0x08002af1   Thumb Code    44  lc_ctype_c.o(locale$$code)
    __aeabi_dadd                             0x08002b1d   Thumb Code     0  daddsub_clz.o(x$fpl$dadd)
    _dadd                                    0x08002b1d   Thumb Code   332  daddsub_clz.o(x$fpl$dadd)
    __fpl_dcmp_Inf                           0x08002c6d   Thumb Code    24  dcmpi.o(x$fpl$dcmpinf)
    __aeabi_cdcmpeq                          0x08002c85   Thumb Code     0  deqf.o(x$fpl$deqf)
    _dcmpeq                                  0x08002c85   Thumb Code   120  deqf.o(x$fpl$deqf)
    __aeabi_d2iz                             0x08002cfd   Thumb Code     0  dfix.o(x$fpl$dfix)
    _dfix                                    0x08002cfd   Thumb Code    94  dfix.o(x$fpl$dfix)
    __aeabi_i2d                              0x08002d5b   Thumb Code     0  dflt_clz.o(x$fpl$dflt)
    _dflt                                    0x08002d5b   Thumb Code    46  dflt_clz.o(x$fpl$dflt)
    __aeabi_cdcmpge                          0x08002d89   Thumb Code     0  dgeqf.o(x$fpl$dgeqf)
    _dcmpge                                  0x08002d89   Thumb Code   120  dgeqf.o(x$fpl$dgeqf)
    __aeabi_cdcmple                          0x08002e01   Thumb Code     0  dleqf.o(x$fpl$dleqf)
    _dcmple                                  0x08002e01   Thumb Code   120  dleqf.o(x$fpl$dleqf)
    __fpl_dcmple_InfNaN                      0x08002e63   Thumb Code     0  dleqf.o(x$fpl$dleqf)
    __aeabi_dmul                             0x08002e79   Thumb Code     0  dmul.o(x$fpl$dmul)
    _dmul                                    0x08002e79   Thumb Code   332  dmul.o(x$fpl$dmul)
    __fpl_dnaninf                            0x08002fcd   Thumb Code   156  dnaninf.o(x$fpl$dnaninf)
    __fpl_dretinf                            0x08003069   Thumb Code    12  dretinf.o(x$fpl$dretinf)
    __aeabi_dsub                             0x08003075   Thumb Code     0  daddsub_clz.o(x$fpl$dsub)
    _dsub                                    0x08003075   Thumb Code   464  daddsub_clz.o(x$fpl$dsub)
    __aeabi_dcmpeq                           0x08003249   Thumb Code     0  dcmp.o(x$fpl$fcmp)
    _deq                                     0x08003249   Thumb Code    14  dcmp.o(x$fpl$fcmp)
    _dneq                                    0x08003257   Thumb Code    14  dcmp.o(x$fpl$fcmp)
    __aeabi_dcmpgt                           0x08003265   Thumb Code     0  dcmp.o(x$fpl$fcmp)
    _dgr                                     0x08003265   Thumb Code    14  dcmp.o(x$fpl$fcmp)
    __aeabi_dcmpge                           0x08003273   Thumb Code     0  dcmp.o(x$fpl$fcmp)
    _dgeq                                    0x08003273   Thumb Code    14  dcmp.o(x$fpl$fcmp)
    __aeabi_dcmple                           0x08003281   Thumb Code     0  dcmp.o(x$fpl$fcmp)
    _dleq                                    0x08003281   Thumb Code    14  dcmp.o(x$fpl$fcmp)
    __aeabi_dcmplt                           0x0800328f   Thumb Code     0  dcmp.o(x$fpl$fcmp)
    _dls                                     0x0800328f   Thumb Code    14  dcmp.o(x$fpl$fcmp)
    _printf_fp_dec                           0x0800329d   Thumb Code     4  printf1.o(x$fpl$printf1)
    _printf_fp_hex                           0x080032a1   Thumb Code     4  printf2.o(x$fpl$printf2)
    __I$use$fp                               0x080032a4   Number         0  usenofp.o(x$fpl$usenofp)
    Region$$Table$$Base                      0x08003498   Number         0  anon$$obj.o(Region$$Table)
    Region$$Table$$Limit                     0x080034a8   Number         0  anon$$obj.o(Region$$Table)
    __ctype                                  0x080034d1   Data           0  lc_ctype_c.o(locale$$data)
    __libspace_start                         0x20000000   Data          96  libspace.o(.bss)
    __temporary_stack_top$libspace           0x20000060   Data           0  libspace.o(.bss)



==============================================================================

Memory Map of the image

  Image Entry point : 0x08000131

  Load Region LR_IROM1 (Base: 0x08000000, Size: 0x000035d4, Max: 0x00100000, ABSOLUTE)

    Execution Region ER_IROM1 (Exec base: 0x08000000, Load base: 0x08000000, Size: 0x000035d4, Max: 0x00100000, ABSOLUTE)

    Exec Addr    Load Addr    Size         Type   Attr      Idx    E Section Name        Object

    0x08000000   0x08000000   0x00000130   Data   RO          112    RESET               startup_stm32f10x_xl.o
    0x08000130   0x08000130   0x00000008   Code   RO          145  * !!!main             c_w.l(__main.o)
    0x08000138   0x08000138   0x00000034   Code   RO          512    !!!scatter          c_w.l(__scatter.o)
    0x0800016c   0x0800016c   0x0000001c   Code   RO          514    !!handler_zi        c_w.l(__scatter_zi.o)
    0x08000188   0x08000188   0x00000000   Code   RO          249    .ARM.Collect$$_printf_percent$$00000000  c_w.l(_printf_percent.o)
    0x08000188   0x08000188   0x00000006   Code   RO          238    .ARM.Collect$$_printf_percent$$00000001  c_w.l(_printf_n.o)
    0x0800018e   0x0800018e   0x00000006   Code   RO          240    .ARM.Collect$$_printf_percent$$00000002  c_w.l(_printf_p.o)
    0x08000194   0x08000194   0x00000006   Code   RO          245    .ARM.Collect$$_printf_percent$$00000003  c_w.l(_printf_f.o)
    0x0800019a   0x0800019a   0x00000006   Code   RO          246    .ARM.Collect$$_printf_percent$$00000004  c_w.l(_printf_e.o)
    0x080001a0   0x080001a0   0x00000006   Code   RO          247    .ARM.Collect$$_printf_percent$$00000005  c_w.l(_printf_g.o)
    0x080001a6   0x080001a6   0x00000006   Code   RO          248    .ARM.Collect$$_printf_percent$$00000006  c_w.l(_printf_a.o)
    0x080001ac   0x080001ac   0x0000000a   Code   RO          253    .ARM.Collect$$_printf_percent$$00000007  c_w.l(_printf_ll.o)
    0x080001b6   0x080001b6   0x00000006   Code   RO          242    .ARM.Collect$$_printf_percent$$00000008  c_w.l(_printf_i.o)
    0x080001bc   0x080001bc   0x00000006   Code   RO          243    .ARM.Collect$$_printf_percent$$00000009  c_w.l(_printf_d.o)
    0x080001c2   0x080001c2   0x00000006   Code   RO          244    .ARM.Collect$$_printf_percent$$0000000A  c_w.l(_printf_u.o)
    0x080001c8   0x080001c8   0x00000006   Code   RO          241    .ARM.Collect$$_printf_percent$$0000000B  c_w.l(_printf_o.o)
    0x080001ce   0x080001ce   0x00000006   Code   RO          239    .ARM.Collect$$_printf_percent$$0000000C  c_w.l(_printf_x.o)
    0x080001d4   0x080001d4   0x00000006   Code   RO          250    .ARM.Collect$$_printf_percent$$0000000D  c_w.l(_printf_lli.o)
    0x080001da   0x080001da   0x00000006   Code   RO          251    .ARM.Collect$$_printf_percent$$0000000E  c_w.l(_printf_lld.o)
    0x080001e0   0x080001e0   0x00000006   Code   RO          252    .ARM.Collect$$_printf_percent$$0000000F  c_w.l(_printf_llu.o)
    0x080001e6   0x080001e6   0x00000006   Code   RO          257    .ARM.Collect$$_printf_percent$$00000010  c_w.l(_printf_llo.o)
    0x080001ec   0x080001ec   0x00000006   Code   RO          258    .ARM.Collect$$_printf_percent$$00000011  c_w.l(_printf_llx.o)
    0x080001f2   0x080001f2   0x0000000a   Code   RO          254    .ARM.Collect$$_printf_percent$$00000012  c_w.l(_printf_l.o)
    0x080001fc   0x080001fc   0x00000006   Code   RO          236    .ARM.Collect$$_printf_percent$$00000013  c_w.l(_printf_c.o)
    0x08000202   0x08000202   0x00000006   Code   RO          237    .ARM.Collect$$_printf_percent$$00000014  c_w.l(_printf_s.o)
    0x08000208   0x08000208   0x00000006   Code   RO          255    .ARM.Collect$$_printf_percent$$00000015  c_w.l(_printf_lc.o)
    0x0800020e   0x0800020e   0x00000006   Code   RO          256    .ARM.Collect$$_printf_percent$$00000016  c_w.l(_printf_ls.o)
    0x08000214   0x08000214   0x00000004   Code   RO          310    .ARM.Collect$$_printf_percent$$00000017  c_w.l(_printf_percent_end.o)
    0x08000218   0x08000218   0x00000002   Code   RO          363    .ARM.Collect$$libinit$$00000000  c_w.l(libinit.o)
    0x0800021a   0x0800021a   0x00000000   Code   RO          381    .ARM.Collect$$libinit$$00000002  c_w.l(libinit2.o)
    0x0800021a   0x0800021a   0x00000000   Code   RO          383    .ARM.Collect$$libinit$$00000004  c_w.l(libinit2.o)
    0x0800021a   0x0800021a   0x00000000   Code   RO          386    .ARM.Collect$$libinit$$0000000A  c_w.l(libinit2.o)
    0x0800021a   0x0800021a   0x00000000   Code   RO          388    .ARM.Collect$$libinit$$0000000C  c_w.l(libinit2.o)
    0x0800021a   0x0800021a   0x00000000   Code   RO          390    .ARM.Collect$$libinit$$0000000E  c_w.l(libinit2.o)
    0x0800021a   0x0800021a   0x00000006   Code   RO          391    .ARM.Collect$$libinit$$0000000F  c_w.l(libinit2.o)
    0x08000220   0x08000220   0x00000000   Code   RO          393    .ARM.Collect$$libinit$$00000011  c_w.l(libinit2.o)
    0x08000220   0x08000220   0x0000000c   Code   RO          394    .ARM.Collect$$libinit$$00000012  c_w.l(libinit2.o)
    0x0800022c   0x0800022c   0x00000000   Code   RO          395    .ARM.Collect$$libinit$$00000013  c_w.l(libinit2.o)
    0x0800022c   0x0800022c   0x00000000   Code   RO          397    .ARM.Collect$$libinit$$00000015  c_w.l(libinit2.o)
    0x0800022c   0x0800022c   0x0000000a   Code   RO          398    .ARM.Collect$$libinit$$00000016  c_w.l(libinit2.o)
    0x08000236   0x08000236   0x00000000   Code   RO          399    .ARM.Collect$$libinit$$00000017  c_w.l(libinit2.o)
    0x08000236   0x08000236   0x00000000   Code   RO          401    .ARM.Collect$$libinit$$00000019  c_w.l(libinit2.o)
    0x08000236   0x08000236   0x00000000   Code   RO          403    .ARM.Collect$$libinit$$0000001B  c_w.l(libinit2.o)
    0x08000236   0x08000236   0x00000000   Code   RO          405    .ARM.Collect$$libinit$$0000001D  c_w.l(libinit2.o)
    0x08000236   0x08000236   0x00000000   Code   RO          407    .ARM.Collect$$libinit$$0000001F  c_w.l(libinit2.o)
    0x08000236   0x08000236   0x00000000   Code   RO          409    .ARM.Collect$$libinit$$00000021  c_w.l(libinit2.o)
    0x08000236   0x08000236   0x00000000   Code   RO          411    .ARM.Collect$$libinit$$00000023  c_w.l(libinit2.o)
    0x08000236   0x08000236   0x00000000   Code   RO          413    .ARM.Collect$$libinit$$00000025  c_w.l(libinit2.o)
    0x08000236   0x08000236   0x00000008   Code   RO          415    .ARM.Collect$$libinit$$00000027  c_w.l(libinit2.o)
    0x0800023e   0x0800023e   0x00000000   Code   RO          419    .ARM.Collect$$libinit$$0000002E  c_w.l(libinit2.o)
    0x0800023e   0x0800023e   0x00000000   Code   RO          421    .ARM.Collect$$libinit$$00000030  c_w.l(libinit2.o)
    0x0800023e   0x0800023e   0x00000000   Code   RO          423    .ARM.Collect$$libinit$$00000032  c_w.l(libinit2.o)
    0x0800023e   0x0800023e   0x00000002   Code   RO          424    .ARM.Collect$$libinit$$00000033  c_w.l(libinit2.o)
    0x08000240   0x08000240   0x00000002   Code   RO          448    .ARM.Collect$$libshutdown$$00000000  c_w.l(libshutdown.o)
    0x08000242   0x08000242   0x00000000   Code   RO          463    .ARM.Collect$$libshutdown$$00000002  c_w.l(libshutdown2.o)
    0x08000242   0x08000242   0x00000000   Code   RO          465    .ARM.Collect$$libshutdown$$00000004  c_w.l(libshutdown2.o)
    0x08000242   0x08000242   0x00000000   Code   RO          468    .ARM.Collect$$libshutdown$$00000007  c_w.l(libshutdown2.o)
    0x08000242   0x08000242   0x00000000   Code   RO          471    .ARM.Collect$$libshutdown$$0000000A  c_w.l(libshutdown2.o)
    0x08000242   0x08000242   0x00000000   Code   RO          473    .ARM.Collect$$libshutdown$$0000000C  c_w.l(libshutdown2.o)
    0x08000242   0x08000242   0x00000000   Code   RO          476    .ARM.Collect$$libshutdown$$0000000F  c_w.l(libshutdown2.o)
    0x08000242   0x08000242   0x00000002   Code   RO          477    .ARM.Collect$$libshutdown$$00000010  c_w.l(libshutdown2.o)
    0x08000244   0x08000244   0x00000000   Code   RO          167    .ARM.Collect$$rtentry$$00000000  c_w.l(__rtentry.o)
    0x08000244   0x08000244   0x00000000   Code   RO          279    .ARM.Collect$$rtentry$$00000002  c_w.l(__rtentry2.o)
    0x08000244   0x08000244   0x00000006   Code   RO          291    .ARM.Collect$$rtentry$$00000004  c_w.l(__rtentry4.o)
    0x0800024a   0x0800024a   0x00000000   Code   RO          281    .ARM.Collect$$rtentry$$00000009  c_w.l(__rtentry2.o)
    0x0800024a   0x0800024a   0x00000004   Code   RO          282    .ARM.Collect$$rtentry$$0000000A  c_w.l(__rtentry2.o)
    0x0800024e   0x0800024e   0x00000000   Code   RO          284    .ARM.Collect$$rtentry$$0000000C  c_w.l(__rtentry2.o)
    0x0800024e   0x0800024e   0x00000008   Code   RO          285    .ARM.Collect$$rtentry$$0000000D  c_w.l(__rtentry2.o)
    0x08000256   0x08000256   0x00000002   Code   RO          371    .ARM.Collect$$rtexit$$00000000  c_w.l(rtexit.o)
    0x08000258   0x08000258   0x00000000   Code   RO          426    .ARM.Collect$$rtexit$$00000002  c_w.l(rtexit2.o)
    0x08000258   0x08000258   0x00000004   Code   RO          427    .ARM.Collect$$rtexit$$00000003  c_w.l(rtexit2.o)
    0x0800025c   0x0800025c   0x00000006   Code   RO          428    .ARM.Collect$$rtexit$$00000004  c_w.l(rtexit2.o)
    0x08000262   0x08000262   0x00000002   PAD
    0x08000264   0x08000264   0x00000004   Code   RO          434    .emb_text           c_w.l(argv_veneer.o)
    0x08000268   0x08000268   0x00000040   Code   RO          113    .text               startup_stm32f10x_xl.o
    0x080002a8   0x080002a8   0x0000002c   Code   RO          141    .text               c_w.l(sprintf.o)
    0x080002d4   0x080002d4   0x00000006   Code   RO          143    .text               c_w.l(heapauxi.o)
    0x080002da   0x080002da   0x0000004e   Code   RO          170    .text               c_w.l(_printf_pad.o)
    0x08000328   0x08000328   0x00000024   Code   RO          172    .text               c_w.l(_printf_truncate.o)
    0x0800034c   0x0800034c   0x00000052   Code   RO          174    .text               c_w.l(_printf_str.o)
    0x0800039e   0x0800039e   0x00000002   PAD
    0x080003a0   0x080003a0   0x00000078   Code   RO          176    .text               c_w.l(_printf_dec.o)
    0x08000418   0x08000418   0x00000028   Code   RO          178    .text               c_w.l(_printf_charcount.o)
    0x08000440   0x08000440   0x00000030   Code   RO          180    .text               c_w.l(_printf_char_common.o)
    0x08000470   0x08000470   0x0000000a   Code   RO          182    .text               c_w.l(_sputc.o)
    0x0800047a   0x0800047a   0x00000002   PAD
    0x0800047c   0x0800047c   0x000000bc   Code   RO          184    .text               c_w.l(_printf_wctomb.o)
    0x08000538   0x08000538   0x0000007c   Code   RO          187    .text               c_w.l(_printf_longlong_dec.o)
    0x080005b4   0x080005b4   0x00000070   Code   RO          193    .text               c_w.l(_printf_oct_int_ll.o)
    0x08000624   0x08000624   0x00000094   Code   RO          213    .text               c_w.l(_printf_hex_int_ll_ptr.o)
    0x080006b8   0x080006b8   0x00000188   Code   RO          233    .text               c_w.l(__printf_flags_ss_wp.o)
    0x08000840   0x08000840   0x0000008a   Code   RO          293    .text               c_w.l(lludiv10.o)
    0x080008ca   0x080008ca   0x000000b2   Code   RO          295    .text               c_w.l(_printf_intcommon.o)
    0x0800097c   0x0800097c   0x0000041c   Code   RO          297    .text               c_w.l(_printf_fp_dec.o)
    0x08000d98   0x08000d98   0x000002fc   Code   RO          301    .text               c_w.l(_printf_fp_hex.o)
    0x08001094   0x08001094   0x0000002c   Code   RO          306    .text               c_w.l(_printf_char.o)
    0x080010c0   0x080010c0   0x0000002c   Code   RO          308    .text               c_w.l(_printf_wchar.o)
    0x080010ec   0x080010ec   0x00000048   Code   RO          311    .text               c_w.l(_c16rtomb.o)
    0x08001134   0x08001134   0x0000004a   Code   RO          315    .text               c_w.l(sys_stackheap_outer.o)
    0x0800117e   0x0800117e   0x00000002   PAD
    0x08001180   0x08001180   0x00000010   Code   RO          317    .text               c_w.l(rt_ctype_table.o)
    0x08001190   0x08001190   0x00000008   Code   RO          322    .text               c_w.l(rt_locale_intlibspace.o)
    0x08001198   0x08001198   0x00000080   Code   RO          324    .text               c_w.l(_printf_fp_infnan.o)
    0x08001218   0x08001218   0x000000e4   Code   RO          326    .text               c_w.l(bigflt0.o)
    0x080012fc   0x080012fc   0x00000012   Code   RO          356    .text               c_w.l(exit.o)
    0x0800130e   0x0800130e   0x00000002   PAD
    0x08001310   0x08001310   0x00000008   Code   RO          368    .text               c_w.l(libspace.o)
    0x08001318   0x08001318   0x00000080   Code   RO          378    .text               c_w.l(strcmpv7m.o)
    0x08001398   0x08001398   0x0000000c   Code   RO          438    .text               c_w.l(sys_exit.o)
    0x080013a4   0x080013a4   0x0000012e   Code   RO          444    .text               c_w.l(_get_argv_nomalloc.o)
    0x080014d2   0x080014d2   0x00000018   Code   RO          449    .text               c_w.l(sys_command.o)
    0x080014ea   0x080014ea   0x00000002   Code   RO          453    .text               c_w.l(use_no_semi.o)
    0x080014ec   0x080014ec   0x00000000   Code   RO          455    .text               c_w.l(indicate_semi.o)
    0x080014ec   0x080014ec   0x00000004   Code   RO          456    .text               c_w.l(hrguard.o)
    0x080014f0   0x080014f0   0x0000000e   Code   RO          458    .text               c_w.l(defsig_rtmem_outer.o)
    0x080014fe   0x080014fe   0x0000000a   Code   RO          480    .text               c_w.l(defsig_exit.o)
    0x08001508   0x08001508   0x00000050   Code   RO          482    .text               c_w.l(defsig_rtmem_inner.o)
    0x08001558   0x08001558   0x00000032   Code   RO          486    .text               c_w.l(defsig_general.o)
    0x0800158a   0x0800158a   0x0000000e   Code   RO          488    .text               c_w.l(sys_wrch.o)
    0x08001598   0x08001598   0x00000008   Code   RO          122    .text.SetSysClock   system_stm32f10x.o
    0x080015a0   0x080015a0   0x00000126   Code   RO          126    .text.SetSysClockTo72  system_stm32f10x.o
    0x080016c6   0x080016c6   0x00000002   PAD
    0x080016c8   0x080016c8   0x00000028   Code   RO            6    .text.SysTick_Handler  main.o
    0x080016f0   0x080016f0   0x00000066   Code   RO          120    .text.SystemInit    system_stm32f10x.o
    0x08001756   0x08001756   0x00000002   PAD
    0x08001758   0x08001758   0x00000266   Code   RO            8    .text.USART2_IRQHandler  main.o
    0x080019be   0x080019be   0x00000002   PAD
    0x080019c0   0x080019c0   0x00000036   Code   RO           28    .text.__NVIC_EnableIRQ  usart.o
    0x080019f6   0x080019f6   0x00000002   PAD
    0x080019f8   0x080019f8   0x00000036   Code   RO           85    .text.__NVIC_EnableIRQ  systick.o
    0x08001a2e   0x08001a2e   0x00000002   PAD
    0x08001a30   0x08001a30   0x0000002e   Code   RO           71    .text.adc_setup     adc.o
    0x08001a5e   0x08001a5e   0x00000002   PAD
    0x08001a60   0x08001a60   0x0000006a   Code   RO           59    .text.change_duty   pwm.o
    0x08001aca   0x08001aca   0x00000002   PAD
    0x08001acc   0x08001acc   0x0000003a   Code   RO           36    .text.clear_array   usart.o
    0x08001b06   0x08001b06   0x00000002   PAD
    0x08001b08   0x08001b08   0x000001f0   Code   RO           44    .text.cli_receive   usart.o
    0x08001cf8   0x08001cf8   0x00000044   Code   RO           40    .text.cli_setup     usart.o
    0x08001d3c   0x08001d3c   0x00000104   Code   RO           42    .text.cli_update    usart.o
    0x08001e40   0x08001e40   0x00000028   Code   RO           34    .text.get_size      usart.o
    0x08001e68   0x08001e68   0x000000ac   Code   RO            2    .text.main          main.o
    0x08001f14   0x08001f14   0x00000050   Code   RO           97    .text.pid_init      pid.o
    0x08001f64   0x08001f64   0x000001a4   Code   RO           99    .text.pid_update    pid.o
    0x08002108   0x08002108   0x00000098   Code   RO           57    .text.pwm_setup     pwm.o
    0x080021a0   0x080021a0   0x00000038   Code   RO           83    .text.systick_setup  systick.o
    0x080021d8   0x080021d8   0x00000026   Code   RO            4    .text.time_delay    main.o
    0x080021fe   0x080021fe   0x00000002   PAD
    0x08002200   0x08002200   0x0000001a   Code   RO           30    .text.usart_get     usart.o
    0x0800221a   0x0800221a   0x00000002   PAD
    0x0800221c   0x0800221c   0x00000044   Code   RO           38    .text.usart_print   usart.o
    0x08002260   0x08002260   0x00000032   Code   RO           32    .text.usart_put     usart.o
    0x08002292   0x08002292   0x00000002   PAD
    0x08002294   0x08002294   0x0000006a   Code   RO           26    .text.usart_setup   usart.o
    0x080022fe   0x080022fe   0x0000003e   Code   RO          329    CL$$btod_d2e        c_w.l(btod.o)
    0x0800233c   0x0800233c   0x00000046   Code   RO          331    CL$$btod_d2e_denorm_low  c_w.l(btod.o)
    0x08002382   0x08002382   0x00000060   Code   RO          330    CL$$btod_d2e_norm_op1  c_w.l(btod.o)
    0x080023e2   0x080023e2   0x00000338   Code   RO          339    CL$$btod_div_common  c_w.l(btod.o)
    0x0800271a   0x0800271a   0x000000dc   Code   RO          336    CL$$btod_e2e        c_w.l(btod.o)
    0x080027f6   0x080027f6   0x0000002a   Code   RO          333    CL$$btod_ediv       c_w.l(btod.o)
    0x08002820   0x08002820   0x0000002a   Code   RO          332    CL$$btod_emul       c_w.l(btod.o)
    0x0800284a   0x0800284a   0x00000244   Code   RO          338    CL$$btod_mult_common  c_w.l(btod.o)
    0x08002a8e   0x08002a8e   0x00000028   Code   RO          366    i.__ARM_fpclassify  m_ws.l(fpclassify.o)
    0x08002ab6   0x08002ab6   0x0000000e   Code   RO          226    i._is_digit         c_w.l(__printf_wp.o)
    0x08002ac4   0x08002ac4   0x0000002c   Code   RO          354    locale$$code        c_w.l(lc_numeric_c.o)
    0x08002af0   0x08002af0   0x0000002c   Code   RO          376    locale$$code        c_w.l(lc_ctype_c.o)
    0x08002b1c   0x08002b1c   0x00000150   Code   RO          147    x$fpl$dadd          fz_ws.l(daddsub_clz.o)
    0x08002c6c   0x08002c6c   0x00000018   Code   RO          313    x$fpl$dcmpinf       fz_ws.l(dcmpi.o)
    0x08002c84   0x08002c84   0x00000078   Code   RO          259    x$fpl$deqf          fz_ws.l(deqf.o)
    0x08002cfc   0x08002cfc   0x0000005e   Code   RO          155    x$fpl$dfix          fz_ws.l(dfix.o)
    0x08002d5a   0x08002d5a   0x0000002e   Code   RO          160    x$fpl$dflt          fz_ws.l(dflt_clz.o)
    0x08002d88   0x08002d88   0x00000078   Code   RO          261    x$fpl$dgeqf         fz_ws.l(dgeqf.o)
    0x08002e00   0x08002e00   0x00000078   Code   RO          263    x$fpl$dleqf         fz_ws.l(dleqf.o)
    0x08002e78   0x08002e78   0x00000154   Code   RO          165    x$fpl$dmul          fz_ws.l(dmul.o)
    0x08002fcc   0x08002fcc   0x0000009c   Code   RO          265    x$fpl$dnaninf       fz_ws.l(dnaninf.o)
    0x08003068   0x08003068   0x0000000c   Code   RO          267    x$fpl$dretinf       fz_ws.l(dretinf.o)
    0x08003074   0x08003074   0x000001d4   Code   RO          149    x$fpl$dsub          fz_ws.l(daddsub_clz.o)
    0x08003248   0x08003248   0x00000054   Code   RO          153    x$fpl$fcmp          fz_ws.l(dcmp.o)
    0x0800329c   0x0800329c   0x00000004   Code   RO          269    x$fpl$printf1       fz_ws.l(printf1.o)
    0x080032a0   0x080032a0   0x00000004   Code   RO          271    x$fpl$printf2       fz_ws.l(printf2.o)
    0x080032a4   0x080032a4   0x00000000   Code   RO          277    x$fpl$usenofp       fz_ws.l(usenofp.o)
    0x080032a4   0x080032a4   0x00000008   Data   RO          185    .constdata          c_w.l(_printf_wctomb.o)
    0x080032ac   0x080032ac   0x00000028   Data   RO          214    .constdata          c_w.l(_printf_hex_int_ll_ptr.o)
    0x080032d4   0x080032d4   0x00000011   Data   RO          234    .constdata          c_w.l(__printf_flags_ss_wp.o)
    0x080032e5   0x080032e5   0x00000026   Data   RO          302    .constdata          c_w.l(_printf_fp_hex.o)
    0x0800330b   0x0800330b   0x00000001   PAD
    0x0800330c   0x0800330c   0x00000094   Data   RO          327    .constdata          c_w.l(bigflt0.o)
    0x080033a0   0x080033a0   0x000000f2   Data   RO           15    .rodata.str1.1      main.o
    0x08003492   0x08003492   0x00000003   Data   RO           46    .rodata.str1.1      usart.o
    0x08003495   0x08003495   0x00000003   PAD
    0x08003498   0x08003498   0x00000010   Data   RO          510    Region$$Table       anon$$obj.o
    0x080034a8   0x080034a8   0x0000001c   Data   RO          353    locale$$data        c_w.l(lc_numeric_c.o)
    0x080034c4   0x080034c4   0x00000110   Data   RO          375    locale$$data        c_w.l(lc_ctype_c.o)


    Execution Region RW_IRAM1 (Exec base: 0x20000000, Load base: 0x080035d4, Size: 0x00000688, Max: 0x00018000, ABSOLUTE)

    Exec Addr    Load Addr    Size         Type   Attr      Idx    E Section Name        Object

    0x20000000        -       0x00000060   Zero   RW          369    .bss                c_w.l(libspace.o)
    0x20000060        -       0x00000014   Zero   RW           13    .bss.BUFFER         main.o
    0x20000074        -       0x00000004   Zero   RW           14    .bss.CLI_COUNTER    main.o
    0x20000078        -       0x00000004   Zero   RW           11    .bss.CURRENT_ADC    main.o
    0x2000007c        -       0x00000004   Zero   RW           10    .bss.CURRENT_PULSE  main.o
    0x20000080        -       0x00000001   Zero   RW           12    .bss.SELF_BALANCING  main.o
    0x20000081   0x080035d4   0x00000007   PAD
    0x20000088        -       0x00000200   Zero   RW          111    HEAP                startup_stm32f10x_xl.o
    0x20000288        -       0x00000400   Zero   RW          110    STACK               startup_stm32f10x_xl.o


==============================================================================

Image component sizes


      Code (inc. data)   RO Data    RW Data    ZI Data      Debug   Object Name

        46          0          0          0          0       1313   adc.o
       864         10        242          0         33       3929   main.o
       500          0          0          0          0       1623   pid.o
       258          0          0          0          0       2450   pwm.o
        64         26        304          0       1536        840   startup_stm32f10x_xl.o
       404          0          0          0          0       3152   system_stm32f10x.o
       110          0          0          0          0       3150   systick.o
      1226          0          3          0          0       6150   usart.o

    ----------------------------------------------------------------------
      3494         36        568          0       1576      22607   Object Totals
         0          0         16          0          0          0   (incl. Generated)
        22          0          3          0          7          0   (incl. Padding)

    ----------------------------------------------------------------------

      Code (inc. data)   RO Data    RW Data    ZI Data      Debug   Library Member Name

         8          0          0          0          0         68   __main.o
       392          4         17          0          0         92   __printf_flags_ss_wp.o
        14          0          0          0          0         68   __printf_wp.o
         0          0          0          0          0          0   __rtentry.o
        12          0          0          0          0          0   __rtentry2.o
         6          0          0          0          0          0   __rtentry4.o
        52          8          0          0          0          0   __scatter.o
        28          0          0          0          0          0   __scatter_zi.o
        72          0          0          0          0         96   _c16rtomb.o
       302          0          0          0          0        168   _get_argv_nomalloc.o
         6          0          0          0          0          0   _printf_a.o
         6          0          0          0          0          0   _printf_c.o
        44          0          0          0          0        108   _printf_char.o
        48          6          0          0          0         96   _printf_char_common.o
        40          0          0          0          0         68   _printf_charcount.o
         6          0          0          0          0          0   _printf_d.o
       120         16          0          0          0         92   _printf_dec.o
         6          0          0          0          0          0   _printf_e.o
         6          0          0          0          0          0   _printf_f.o
      1052          0          0          0          0        148   _printf_fp_dec.o
       764          8         38          0          0        100   _printf_fp_hex.o
       128         16          0          0          0         84   _printf_fp_infnan.o
         6          0          0          0          0          0   _printf_g.o
       148          4         40          0          0        160   _printf_hex_int_ll_ptr.o
         6          0          0          0          0          0   _printf_i.o
       178          0          0          0          0         88   _printf_intcommon.o
        10          0          0          0          0          0   _printf_l.o
         6          0          0          0          0          0   _printf_lc.o
        10          0          0          0          0          0   _printf_ll.o
         6          0          0          0          0          0   _printf_lld.o
         6          0          0          0          0          0   _printf_lli.o
         6          0          0          0          0          0   _printf_llo.o
         6          0          0          0          0          0   _printf_llu.o
         6          0          0          0          0          0   _printf_llx.o
       124         16          0          0          0         92   _printf_longlong_dec.o
         6          0          0          0          0          0   _printf_ls.o
         6          0          0          0          0          0   _printf_n.o
         6          0          0          0          0          0   _printf_o.o
       112          8          0          0          0        124   _printf_oct_int_ll.o
         6          0          0          0          0          0   _printf_p.o
        78          0          0          0          0        108   _printf_pad.o
         0          0          0          0          0          0   _printf_percent.o
         4          0          0          0          0          0   _printf_percent_end.o
         6          0          0          0          0          0   _printf_s.o
        82          0          0          0          0         80   _printf_str.o
        36          0          0          0          0         84   _printf_truncate.o
         6          0          0          0          0          0   _printf_u.o
        44          0          0          0          0        108   _printf_wchar.o
       188          6          8          0          0         92   _printf_wctomb.o
         6          0          0          0          0          0   _printf_x.o
        10          0          0          0          0         68   _sputc.o
         4          0          0          0          0         68   argv_veneer.o
       228          4        148          0          0         96   bigflt0.o
      1936        128          0          0          0        672   btod.o
        10          0          0          0          0         68   defsig_exit.o
        50          0          0          0          0         88   defsig_general.o
        80         58          0          0          0         76   defsig_rtmem_inner.o
        14          0          0          0          0         80   defsig_rtmem_outer.o
        18          0          0          0          0         80   exit.o
         6          0          0          0          0        152   heapauxi.o
         4          0          0          0          0        136   hrguard.o
         0          0          0          0          0          0   indicate_semi.o
        44         10        272          0          0         76   lc_ctype_c.o
        44         10         28          0          0         76   lc_numeric_c.o
         2          0          0          0          0          0   libinit.o
        38          0          0          0          0          0   libinit2.o
         2          0          0          0          0          0   libshutdown.o
         2          0          0          0          0          0   libshutdown2.o
         8          4          0          0         96         68   libspace.o
       138          0          0          0          0         80   lludiv10.o
        16          4          0          0          0         76   rt_ctype_table.o
         8          4          0          0          0         68   rt_locale_intlibspace.o
         2          0          0          0          0          0   rtexit.o
        10          0          0          0          0          0   rtexit2.o
        44          6          0          0          0         84   sprintf.o
       128          0          0          0          0         68   strcmpv7m.o
        24          0          0          0          0         76   sys_command.o
        12          4          0          0          0         68   sys_exit.o
        74          0          0          0          0         80   sys_stackheap_outer.o
        14          0          0          0          0         76   sys_wrch.o
         2          0          0          0          0         68   use_no_semi.o
       804         16          0          0          0        280   daddsub_clz.o
        84          0          0          0          0        196   dcmp.o
        24          0          0          0          0         68   dcmpi.o
       120          4          0          0          0         92   deqf.o
        94          4          0          0          0         92   dfix.o
        46          0          0          0          0         68   dflt_clz.o
       120          4          0          0          0         92   dgeqf.o
       120          4          0          0          0         92   dleqf.o
       340         12          0          0          0        104   dmul.o
       156          4          0          0          0         92   dnaninf.o
        12          0          0          0          0         68   dretinf.o
         4          0          0          0          0         68   printf1.o
         4          0          0          0          0         68   printf2.o
         0          0          0          0          0          0   usenofp.o
        40          0          0          0          0         68   fpclassify.o

    ----------------------------------------------------------------------
      9166        372        552          0         96       6120   Library Totals
        10          0          1          0          0          0   (incl. Padding)

    ----------------------------------------------------------------------

      Code (inc. data)   RO Data    RW Data    ZI Data      Debug   Library Name

      7188        324        551          0         96       4672   c_w.l
      1928         48          0          0          0       1380   fz_ws.l
        40          0          0          0          0         68   m_ws.l

    ----------------------------------------------------------------------
      9166        372        552          0         96       6120   Library Totals

    ----------------------------------------------------------------------

==============================================================================


      Code (inc. data)   RO Data    RW Data    ZI Data      Debug   

     12660        408       1120          0       1672      25283   Grand Totals
     12660        408       1120          0       1672      25283   ELF Image Totals
     12660        408       1120          0          0          0   ROM Totals

==============================================================================

    Total RO  Size (Code + RO Data)                13780 (  13.46kB)
    Total RW  Size (RW Data + ZI Data)              1672 (   1.63kB)
    Total ROM Size (Code + RO Data + RW Data)      13780 (  13.46kB)

==============================================================================

