<html>
<body>
<pre>
<h1>µVision Build Log</h1>
<h2>Tool Versions:</h2>
IDE-Version: µVision V5.39.0.0
Copyright (C) 2023 ARM Ltd and ARM Germany GmbH. All rights reserved.
License Information: Quinn Maloney, University of Regina, LIC=----
 
Tool Versions:
Toolchain:       MDK-Lite  Version: 5.39.0.0
Toolchain Path:  C:\Keil_v5\ARM\ARMCLANG\Bin
C Compiler:      ArmClang.exe V6.21
Assembler:       Armasm.exe V6.21
Linker/Locator:  ArmLink.exe V6.21
Library Manager: ArmAr.exe V6.21
Hex Converter:   FromElf.exe V6.21
CPU DLL:         SARMCM3.DLL V5.39.0.0
Dialog DLL:      DCM.DLL V1.17.5.0
Target DLL:      UL2CM3.DLL V1.164.9.0
Dialog DLL:      TCM.DLL V1.56.4.0
 
<h2>Project:</h2>
C:\Users\qkmal\Documents\GitHub\ENSE481\Project\ball_height_controller.uvprojx
Project File Date:  03/23/2025

<h2>Output:</h2>
*** Using Compiler 'V6.21', folder: 'C:\Keil_v5\ARM\ARMCLANG\Bin'
Build target 'Target 1'

FCARM uses the following Files via command file '.\Auto_FcArm_Cmd.inp':
ball_height_controller.doxy 
TO ball_height_controller.c RTE PRINT
custom translating @.\Auto_FcArm_Cmd.inp...
Custom: C:\Keil_v5\ARM\Bin\FCARM.exe @.\Auto_FcArm_Cmd.inp
FCARM FILE CONVERTER V2.59
Completed 1 File(s), Ratio 100%
Note: source file 'ball_height_controller.c' - object file renamed from '.\Objects\ball_height_controller.o' to '.\Objects\ball_height_controller_1.o'.
usart.c(7): warning: In file included from...
C:/Users/qkmal/AppData/Local/Arm/Packs/Keil/STM32F1xx_DFP/2.4.1/Device/Include\stm32f10x.h(18): warning: invalid UTF-8 in comment [-Winvalid-utf8]
   18 |   *              - To use or not the peripheral<92>s drivers in application code(i.e. 
      |                                                ^
C:/Users/qkmal/AppData/Local/Arm/Packs/Keil/STM32F1xx_DFP/2.4.1/Device/Include\stm32f10x.h(19): warning: invalid UTF-8 in comment [-Winvalid-utf8]
   19 |   *                code will be based on direct access to peripheral<92>s registers 
      |                                                                     ^
C:/Users/qkmal/AppData/Local/Arm/Packs/Keil/STM32F1xx_DFP/2.4.1/Device/Include\stm32f10x.h(26): warning: invalid UTF-8 in comment [-Winvalid-utf8]
   26 |   *           - Macros to access peripheral<92>s registers hardware
      |                                            ^
usart.c(24): warning: a function declaration without a prototype is deprecated in all versions of C [-Wstrict-prototypes]
   24 | int usart_getch()
      |                ^
      |                 void
4 warnings generated.
compiling usart.c...
ball_height_controller.c(10309): warning: unsafe pointer arithmetic [-Wunsafe-buffer-usage]
 10309 |   for (; *name; name++) {
       |                 ^~~~
ball_height_controller.c(10314): warning: unsafe buffer access [-Wunsafe-buffer-usage]
 10314 |     if (imageFileTable[n].id == id) {
       |         ^~~~~~~~~~~~~~
ball_height_controller.c(10315): warning: unsafe buffer access [-Wunsafe-buffer-usage]
 10315 |       *data = imageFileTable[n].data;
       |               ^~~~~~~~~~~~~~
ball_height_controller.c(10316): warning: unsafe buffer access [-Wunsafe-buffer-usage]
 10316 |       return ((uint32_t)(imageFileTable[n+1].data - imageFileTable[n].data));
       |                          ^~~~~~~~~~~~~~
ball_height_controller.c(10316): warning: unsafe buffer access [-Wunsafe-buffer-usage]
 10316 |       return ((uint32_t)(imageFileTable[n+1].data - imageFileTable[n].data));
       |                                                     ^~~~~~~~~~~~~~
5 warnings generated.
compiling ball_height_controller.c...
linking...
Program Size: Code=984 RO-data=320 RW-data=0 ZI-data=1632  
".\Objects\ball_height_controller.axf" - 0 Error(s), 9 Warning(s).

<h2>Software Packages used:</h2>

Package Vendor: ARM
                http://www.keil.com/pack/ARM.CMSIS.5.9.0.pack
                ARM::CMSIS@5.9.0
                CMSIS (Common Microcontroller Software Interface Standard)
   * Component: CORE Version: 5.6.0

Package Vendor: Keil
                https://www.keil.com/pack/Keil.STM32F1xx_DFP.2.4.1.pack
                Keil::STM32F1xx_DFP@2.4.1
                STMicroelectronics STM32F1 Series Device Support, Drivers and Examples
   * Component: Startup Version: 1.0.0

<h2>Collection of Component include folders:</h2>
  ./RTE/Device/STM32F103ZG
  ./RTE/_Target_1
  C:/Users/qkmal/AppData/Local/Arm/Packs/ARM/CMSIS/5.9.0/CMSIS/Core/Include
  C:/Users/qkmal/AppData/Local/Arm/Packs/Keil/STM32F1xx_DFP/2.4.1/Device/Include

<h2>Collection of Component Files used:</h2>

   * Component: ARM::CMSIS:CORE@5.6.0

   * Component: Keil::Device:Startup@1.0.0
      Include file:  RTE_Driver/Config/RTE_Device.h
      Source file:   Device/Source/system_stm32f10x.c
      Source file:   Device/Source/ARM/STM32F1xx_OPT.s
      Source file:   Device/Source/ARM/startup_stm32f10x_xl.s
Build Time Elapsed:  00:00:01
</pre>
</body>
</html>
